Component: ARM Compiler 5.06 update 4 (build 422) Tool: armlink [4d35d2]

==============================================================================

Section Cross References

    main.o(.text) refers to lwip2.0.3.o(.text) for tls_netif_get_ethif
    main.o(.text) refers to wm_rtos.o(.text) for LOS_SemPost
    main.o(.text) refers to printfa.o(i.__0printf) for __2printf
    main.o(.text) refers to wm_wifi_api.o(.text) for tls_wifi_disconnect
    main.o(.text) refers to wm_common.o(.text) for tls_param_get
    main.o(.text) refers to wm_wifi_oneshot.o(.text) for tls_wifi_set_oneshot_flag
    main.o(.text) refers to strlen.o(.text) for strlen
    main.o(.text) refers to agent_tiny_demo.o(.text) for agent_tiny_demo_init
    main.o(.text) refers to mqtt_port.o(.text) for mqtt_lib_load
    main.o(.text) refers to memseta.o(.text) for __aeabi_memclr4
    main.o(.text) refers to main.o(.data) for g_net_sem
    startup_venus.o(RESET) refers to startup_venus.o(.bss) for __initial_sp
    startup_venus.o(RESET) refers to startup_venus.o(.text) for Reset_Handler
    startup_venus.o(RESET) refers to los_dispatch_keil.o(.text) for PendSV_Handler
    startup_venus.o(RESET) refers to wm_rtos.o(.text) for SysTick_Handler
    startup_venus.o(RESET) refers to wm_driver.o(.text) for SDIO_RX_IRQHandler
    startup_venus.o(RESET) refers to tls_wl_core.o(.text) for tls_wl_mac_isr
    startup_venus.o(RESET) refers to wm_common.o(.text) for RSA_IRQHandler
    startup_venus.o(.text) refers to wm_driver.o(.text) for Uart0Init
    startup_venus.o(.text) refers to entry.o(.ARM.Collect$$$$00000000) for __main
    retarget.o(.text) refers to retarget.o(.bss) for std_libspace
    retarget.o(.text) refers to strlen.o(.text) for strlen
    wm_main.o(.text) refers to wm_driver.o(.text) for tls_sys_clk_get
    wm_main.o(.text) refers to misc.o(.text) for NVIC_PriorityGroupConfig
    wm_main.o(.text) refers to printfa.o(i.__0printf) for __2printf
    wm_main.o(.text) refers to wm_rtos.o(.text) for LOS_TaskDelay
    wm_main.o(.text) refers to memseta.o(.text) for __aeabi_memclr4
    wm_main.o(.text) refers to wm_common.o(.text) for tls_crypto_init
    wm_main.o(.text) refers to tls_wl_core.o(.text) for tls_wifi_mem_cfg
    wm_main.o(.text) refers to wpa_supplicant.o(.text) for wpa_supplicant_init
    wm_main.o(.text) refers to lwip2.0.3.o(.text) for tls_ethernet_init
    wm_main.o(.text) refers to tls_sys.o(.text) for tls_sys_init
    wm_main.o(.text) refers to wm_cmd.o(.text) for tls_hostif_init
    wm_main.o(.text) refers to wm_http_compile.o(.text) for http_client_task_init
    wm_main.o(.text) refers to main.o(.text) for UserMain
    wm_main.o(.text) refers to wm_osal_liteos.o(.text) for tls_os_time_delay
    wm_main.o(.text) refers to wm_osal_liteos.o(.constdata) for HZ
    wm_main.o(.text) refers to wm_main.o(.data) for g_TaskID1
    wm_main.o(.text) refers to tls_wl_core.o(.bss) for tx_gain_group
    wm_main.o(.text) refers to main.o(.data) for g_net_sem
    wm_main.o(.text) refers to wm_main.o(.bss) for TaskStartStk
    tls_sys.o(.text) refers to wm_common.o(.text) for tls_param_get
    tls_sys.o(.text) refers to lwip2.0.3.o(.text) for tls_netif_set_addr
    tls_sys.o(.text) refers to memmove.o(.text) for __aeabi_memcpy
    tls_sys.o(.text) refers to wm_wifi_api.o(.text) for tls_wifi_softap_create
    tls_sys.o(.text) refers to wm_osal_liteos.o(.text) for tls_os_queue_receive
    tls_sys.o(.text) refers to tls_sys.o(.data) for msg_queue
    tls_sys.o(.text) refers to tls_sys.o(.bss) for sys_task_stk
    wm_driver.o(.text) refers to wm_osal_liteos.o(.text) for tls_os_sem_release
    wm_driver.o(.text) refers to wm_driver.o(.constdata) for baud_rates
    wm_driver.o(.text) refers to wm_driver.o(.bss) for uart_port
    wm_driver.o(.text) refers to wm_common.o(.text) for mem_free_debug
    wm_driver.o(.text) refers to memmove.o(.text) for __aeabi_memcpy
    wm_driver.o(.text) refers to misc.o(.text) for NVIC_Configration
    wm_driver.o(.text) refers to memseta.o(.text) for __aeabi_memclr4
    wm_driver.o(.text) refers to printfa.o(i.__0printf) for __2printf
    wm_driver.o(.text) refers to wm_driver.o(.data) for channels
    wm_driver.o(.text) refers to memcmp.o(.text) for memcmp
    wm_driver.o(.text) refers to ffltui.o(.text) for __aeabi_ui2f
    wm_driver.o(.text) refers to fadd.o(.text) for __aeabi_fsub
    wm_driver.o(.text) refers to fdiv.o(.text) for __aeabi_fdiv
    wm_driver.o(.text) refers to f2d.o(.text) for __aeabi_f2d
    wm_driver.o(.text) refers to dmul.o(.text) for __aeabi_dmul
    wm_driver.o(.text) refers to ddiv.o(.text) for __aeabi_ddiv
    wm_driver.o(.text) refers to dadd.o(.text) for __aeabi_drsub
    wm_driver.o(.text) refers to d2f.o(.text) for __aeabi_d2f
    wm_driver.o(.data) refers to wm_driver.o(.text) for tls_spifls_drv_read
    wm_common.o(.text) refers to _scanf_int.o(.text) for _scanf_int
[...]
    SysCreatedDate                           0x0809e04f   Data          12  wm_cmd.o(.constdata)
    SysCreatedTime                           0x0809e05b   Data           9  wm_cmd.o(.constdata)
    HZ                                       0x0809e064   Data           4  wm_osal_liteos.o(.constdata)
    dns_mquery_v4group                       0x0809e068   Data           4  lwip2.0.3.o(.constdata)
    memp_RAW_PCB                             0x0809e06c   Data           8  lwip2.0.3.o(.constdata)
    memp_UDP_PCB                             0x0809e074   Data           8  lwip2.0.3.o(.constdata)
    memp_TCP_PCB                             0x0809e07c   Data           8  lwip2.0.3.o(.constdata)
    memp_TCP_PCB_LISTEN                      0x0809e084   Data           8  lwip2.0.3.o(.constdata)
    memp_TCP_SEG                             0x0809e08c   Data           8  lwip2.0.3.o(.constdata)
    memp_REASSDATA                           0x0809e094   Data           8  lwip2.0.3.o(.constdata)
    memp_FRAG_PBUF                           0x0809e09c   Data           8  lwip2.0.3.o(.constdata)
    memp_NETBUF                              0x0809e0a4   Data           8  lwip2.0.3.o(.constdata)
    memp_NETCONN                             0x0809e0ac   Data           8  lwip2.0.3.o(.constdata)
    memp_TCPIP_MSG_API                       0x0809e0b4   Data           8  lwip2.0.3.o(.constdata)
    memp_TCPIP_MSG_INPKT                     0x0809e0bc   Data           8  lwip2.0.3.o(.constdata)
    memp_IGMP_GROUP                          0x0809e0c4   Data           8  lwip2.0.3.o(.constdata)
    memp_SYS_TIMEOUT                         0x0809e0cc   Data           8  lwip2.0.3.o(.constdata)
    memp_NETDB                               0x0809e0d4   Data           8  lwip2.0.3.o(.constdata)
    memp_PBUF                                0x0809e0dc   Data           8  lwip2.0.3.o(.constdata)
    memp_PBUF_POOL                           0x0809e0e4   Data           8  lwip2.0.3.o(.constdata)
    memp_pools                               0x0809e0ec   Data          64  lwip2.0.3.o(.constdata)
    tcp_pcb_lists                            0x0809e16c   Data          16  lwip2.0.3.o(.constdata)
    lwip_cyclic_timers                       0x0809e17c   Data          56  lwip2.0.3.o(.constdata)
    ip_addr_any                              0x0809e1b4   Data           4  lwip2.0.3.o(.constdata)
    ip_addr_broadcast                        0x0809e1b8   Data           4  lwip2.0.3.o(.constdata)
    null_pointer                             0x0809e1bc   Data           4  lwip2.0.3.o(.constdata)
    ethbroadcast                             0x0809e1c0   Data           6  lwip2.0.3.o(.constdata)
    ethzero                                  0x0809e1c6   Data           6  lwip2.0.3.o(.constdata)
    file_404_html                            0x0809ff5c   Data          16  fs.o(.constdata)
    file_hedbasic_html                       0x0809ff6c   Data          16  fs.o(.constdata)
    file_hedfirmware_html                    0x0809ff7c   Data          16  fs.o(.constdata)
    file_index_html                          0x0809ff8c   Data          16  fs.o(.constdata)
    file_jump_html                           0x0809ff9c   Data          16  fs.o(.constdata)
    file_style_css                           0x0809ffac   Data          16  fs.o(.constdata)
    SysSuperPass                             0x0809ffbc   Data           7  httpd.o(.constdata)
    g_psDefaultFilenames                     0x0809ffc4   Data          16  httpd.o(.constdata)
    GpucHttpHead_Authen                      0x0809ffd4   Data         207  httpd.o(.constdata)
    web_id_tbl                               0x080a00b4   Data         528  web.o(.constdata)
    mbedtls_test_ca_crt_ec                   0x080a2898   Data         883  certs.o(.constdata)
    mbedtls_test_ca_crt_ec_len               0x080a2c0c   Data           4  certs.o(.constdata)
    mbedtls_test_ca_key_ec                   0x080a2c10   Data         362  certs.o(.constdata)
    mbedtls_test_ca_key_ec_len               0x080a2d7c   Data           4  certs.o(.constdata)
    mbedtls_test_ca_pwd_ec                   0x080a2d80   Data          13  certs.o(.constdata)
    mbedtls_test_ca_pwd_ec_len               0x080a2d90   Data           4  certs.o(.constdata)
    mbedtls_test_srv_crt_ec                  0x080a2d94   Data         813  certs.o(.constdata)
    mbedtls_test_srv_crt_ec_len              0x080a30c4   Data           4  certs.o(.constdata)
    mbedtls_test_srv_key_ec                  0x080a30c8   Data         233  certs.o(.constdata)
    mbedtls_test_srv_key_ec_len              0x080a31b4   Data           4  certs.o(.constdata)
    mbedtls_test_cli_crt_ec                  0x080a31b8   Data         829  certs.o(.constdata)
    mbedtls_test_cli_crt_ec_len              0x080a34f8   Data           4  certs.o(.constdata)
    mbedtls_test_cli_key_ec                  0x080a34fc   Data         233  certs.o(.constdata)
    mbedtls_test_cli_key_ec_len              0x080a35e8   Data           4  certs.o(.constdata)
    mbedtls_test_ca_crt_rsa                  0x080a35ec   Data        1307  certs.o(.constdata)
    mbedtls_test_ca_crt_rsa_len              0x080a3b08   Data           4  certs.o(.constdata)
    mbedtls_test_ca_key_rsa                  0x080a4542   Data        1782  certs.o(.constdata)
    mbedtls_test_ca_key_rsa_len              0x080a4c38   Data           4  certs.o(.constdata)
    mbedtls_test_ca_pwd_rsa                  0x080a4c3c   Data          13  certs.o(.constdata)
    mbedtls_test_ca_pwd_rsa_len              0x080a4c4c   Data           4  certs.o(.constdata)
    mbedtls_test_srv_crt_rsa                 0x080a4c50   Data        1197  certs.o(.constdata)
    mbedtls_test_srv_crt_rsa_len             0x080a5100   Data           4  certs.o(.constdata)
    mbedtls_test_srv_key_rsa                 0x080a5104   Data        1707  certs.o(.constdata)
    mbedtls_test_srv_key_rsa_len             0x080a57b0   Data           4  certs.o(.constdata)
    mbedtls_test_cli_crt_rsa                 0x080a57b4   Data        1303  certs.o(.constdata)
    mbedtls_test_cli_crt_rsa_len             0x080a5ccc   Data           4  certs.o(.constdata)
    mbedtls_test_cli_key_rsa                 0x080a5cd0   Data        1707  certs.o(.constdata)
    mbedtls_test_cli_key_rsa_len             0x080a637c   Data           4  certs.o(.constdata)
    mbedtls_test_cas_pem                     0x080a6380   Data        3495  certs.o(.constdata)
    mbedtls_test_cas_pem_len                 0x080a7128   Data           4  certs.o(.constdata)
    mbedtls_test_cas_len                     0x080a712c   Data          16  certs.o(.constdata)
    mbedtls_test_ca_crt_len                  0x080a713c   Data           4  certs.o(.constdata)
    mbedtls_test_ca_key_len                  0x080a7140   Data           4  certs.o(.constdata)
    mbedtls_test_ca_pwd_len                  0x080a7144   Data           4  certs.o(.constdata)
    mbedtls_test_srv_crt_len                 0x080a7148   Data           4  certs.o(.constdata)
    mbedtls_test_srv_key_len                 0x080a714c   Data           4  certs.o(.constdata)
    mbedtls_test_cli_crt_len                 0x080a7150   Data           4  certs.o(.constdata)
    mbedtls_test_cli_key_len                 0x080a7154   Data           4  certs.o(.constdata)
    mbedtls_cipher_definitions               0x080a7834   Data         384  cipher_wrap.o(.constdata)
    mbedtls_md5_info                         0x080a9c20   Data          48  md_wrap.o(.constdata)
    mbedtls_ripemd160_info                   0x080a9c50   Data          48  md_wrap.o(.constdata)
    mbedtls_sha1_info                        0x080a9c80   Data          48  md_wrap.o(.constdata)
    mbedtls_sha224_info                      0x080a9cb0   Data          48  md_wrap.o(.constdata)
    mbedtls_sha256_info                      0x080a9ce0   Data          48  md_wrap.o(.constdata)
    mbedtls_sha384_info                      0x080a9d10   Data          48  md_wrap.o(.constdata)
    mbedtls_sha512_info                      0x080a9d40   Data          48  md_wrap.o(.constdata)
    mbedtls_rsa_info                         0x080aa648   Data          48  pk_wrap.o(.constdata)
    mbedtls_eckey_info                       0x080aa678   Data          48  pk_wrap.o(.constdata)
    mbedtls_eckeydh_info                     0x080aa6a8   Data          48  pk_wrap.o(.constdata)
    mbedtls_ecdsa_info                       0x080aa6d8   Data          48  pk_wrap.o(.constdata)
    mbedtls_rsa_alt_info                     0x080aa708   Data          48  pk_wrap.o(.constdata)
    mbedtls_x509_crt_profile_default         0x080ac364   Data          16  x509_crt.o(.constdata)
    mbedtls_x509_crt_profile_next            0x080ac374   Data          16  x509_crt.o(.constdata)
    mbedtls_x509_crt_profile_suiteb          0x080ac384   Data          16  x509_crt.o(.constdata)
    hed_rf_txgainmap                         0x080ad908   Data          64  tls_wl_rf.o(.constdata)
    central_freq                             0x080ad948   Data         120  tls_wl_rf.o(.constdata)
    bbp_value                                0x080adad8   Data          80  tls_wl_phy.o(.constdata)
    __ctype_table                            0x080ae32e   Data         129  ctype_o.o(.constdata)
    Region$$Table$$Base                      0x080b20a0   Number         0  anon$$obj.o(Region$$Table)
    Region$$Table$$Limit                     0x080b20c0   Number         0  anon$$obj.o(Region$$Table)
    g_net_sem                                0x20000004   Data           4  main.o(.data)
    __stdout                                 0x20000008   Data           4  retarget.o(.data)
    __stdin                                  0x2000000c   Data           4  retarget.o(.data)
    libc_sem                                 0x20000010   Data           4  wm_main.o(.data)
    testbuf                                  0x20000034   Data           4  wm_driver.o(.data)
    flag                                     0x20000038   Data           2  wm_driver.o(.data)
    datalen                                  0x2000003a   Data           2  wm_driver.o(.data)
    gSpiCsFlag                               0x20000044   Data           4  wm_driver.o(.data)
    intr_counter                             0x20000054   Data           1  wm_driver.o(.data)
    adc_irq_flag                             0x20000066   Data           1  wm_driver.o(.data)
    tst_flag                                 0x20000067   Data           1  wm_driver.o(.data)
    flashtotalsize                           0x20000094   Data           4  wm_driver.o(.data)
    CODE_RUN_AREA_LEN                        0x20000108   Data           4  wm_common.o(.data)
    USER_ADDR_START                          0x2000010c   Data           4  wm_common.o(.data)
    TLS_FLASH_PARAM_DEFAULT                  0x20000110   Data           4  wm_common.o(.data)
    USER_AREA_LEN                            0x20000114   Data           4  wm_common.o(.data)
    USER_ADDR_END                            0x20000118   Data           4  wm_common.o(.data)
    CODE_UPD_HEADER_ADDR                     0x2000011c   Data           4  wm_common.o(.data)
    TLS_FLASH_PARAM1_ADDR                    0x20000120   Data           4  wm_common.o(.data)
    TLS_FLASH_PARAM2_ADDR                    0x20000124   Data           4  wm_common.o(.data)
    TLS_FLASH_PARAM_RESTORE_ADDR             0x20000128   Data           4  wm_common.o(.data)
    CODE_UPD_START_ADDR                      0x2000012c   Data           4  wm_common.o(.data)
    CODE_UPD_AREA_LEN                        0x20000130   Data           4  wm_common.o(.data)
    EX_USER_ADDR_START                       0x20000134   Data           4  wm_common.o(.data)
    EX_USER_AREA_LEN                         0x20000138   Data           4  wm_common.o(.data)
    EX_USER_ADDR_END                         0x2000013c   Data           4  wm_common.o(.data)
    TLS_FLASH_END_ADDR                       0x20000140   Data           4  wm_common.o(.data)
    crypto_complete                          0x20000144   Data           1  wm_common.o(.data)
    memory_manager_initialized               0x20000167   Data           1  wm_common.o(.data)
    mem_sem                                  0x20000168   Data           4  wm_common.o(.data)
    updp_mode                                0x20000170   Data           1  wm_common.o(.data)
    oneshottime                              0x20000180   Data           4  wm_wifi_oneshot.o(.data)
    guconeshotflag                           0x20000184   Data           1  wm_wifi_oneshot.o(.data)
    gucOneshotPsFlag                         0x20000185   Data           1  wm_wifi_oneshot.o(.data)
    gucssidokflag                            0x20000186   Data           1  wm_wifi_oneshot.o(.data)
    gucbssidokflag                           0x2000018d   Data           1  wm_wifi_oneshot.o(.data)
    gucpwdokflag                             0x2000018e   Data           1  wm_wifi_oneshot.o(.data)
    oneshot_msg_q                            0x20000194   Data           4  wm_wifi_oneshot.o(.data)
    oneshotCpuClk                            0x20000198   Data           4  wm_wifi_oneshot.o(.data)
    guchandshakeflag                         0x200001ae   Data           1  wm_wifi_oneshot.o(.data)
    skt_descp                                0x200001e4   Data           4  wm_wifi_oneshot.o(.data)
    sock_rx                                  0x200001e8   Data           4  wm_wifi_oneshot.o(.data)
    is_airkiss                               0x200001fc   Data           1  wm_oneshot_airkiss.o(.data)
    lsd_printf                               0x2000020c   Data           4  wm_oneshot_lsd.o(.data)
    lsd_last_num                             0x20000214   Data           2  wm_oneshot_lsd.o(.data)
    lsd_state                                0x20000216   Data           1  wm_oneshot_lsd.o(.data)
    lsd_data_datum                           0x20000218   Data           2  wm_oneshot_lsd.o(.data)
    lsd_head_cnt                             0x2000021a   Data           2  wm_oneshot_lsd.o(.data)
    lsd_head_bw20                            0x2000021c   Data           1  wm_oneshot_lsd.o(.data)
    lsd_byte_cnt                             0x2000021d   Data           2  wm_oneshot_lsd.o(.data)
    lsd_sync_cnt                             0x2000021f   Data           1  wm_oneshot_lsd.o(.data)
    lsd_src_mac                              0x20000220   Data           6  wm_oneshot_lsd.o(.data)
    lsd_data_cnt                             0x20000226   Data           1  wm_oneshot_lsd.o(.data)
    lsd_last_seq                             0x20000228   Data           4  wm_oneshot_lsd.o(.data)
    lsd_last_len                             0x2000022c   Data           2  wm_oneshot_lsd.o(.data)
    lsd_temp_lock                            0x2000022e   Data           1  wm_oneshot_lsd.o(.data)
    lsd_crc_value                            0x2000022f   Data           1  wm_oneshot_lsd.o(.data)
    RSTTIMER                                 0x20000230   Data           4  wm_cmd.o(.data)
    gfwupdatemode                            0x20000234   Data           1  wm_cmd.o(.data)
    set_uart0_mode_callback                  0x20000238   Data           4  wm_cmd.o(.data)
    get_uart1_port_callback                  0x2000023c   Data           4  wm_cmd.o(.data)
    set_uart1_mode_callback                  0x20000240   Data           4  wm_cmd.o(.data)
    set_uart1_sock_param_callback            0x20000244   Data           4  wm_cmd.o(.data)
    default_socket                           0x2000024c   Data           1  wm_cmd.o(.data)
    wl_task_param_hostif                     0x20000250   Data          20  wm_cmd.o(.data)
    pSession_flag                            0x20000268   Data           1  wm_cmd.o(.data)
    gulCalFlag                               0x20000269   Data           1  wm_cmd.o(.data)
    g_hspi                                   0x2000095c   Data           8  wm_cmd.o(.data)
    g_pstLosPriorityQueueList                0x20000970   Data           4  wm_rtos.o(.data)
    m_uwSwTmrHandlerQueue                    0x20000978   Data           4  wm_rtos.o(.data)
    m_pstSwtmrCBArray                        0x2000097c   Data           4  wm_rtos.o(.data)
    m_pstSwtmrFreeList                       0x20000980   Data           4  wm_rtos.o(.data)
    m_pstSwtmrSortList                       0x20000984   Data           4  wm_rtos.o(.data)
    g_pstTaskCBArray                         0x20000994   Data           4  wm_rtos.o(.data)
    g_stLosTask                              0x20000998   Data           8  wm_rtos.o(.data)
    g_usLosTaskLock                          0x200009a0   Data           2  wm_rtos.o(.data)
    g_uwTskMaxNum                            0x200009a4   Data           4  wm_rtos.o(.data)
    g_uwIdleTaskID                           0x200009a8   Data           4  wm_rtos.o(.data)
    g_uwSwtmrTaskID                          0x200009ac   Data           4  wm_rtos.o(.data)
    g_stTaskTimerList                        0x200009b0   Data           8  wm_rtos.o(.data)
    g_stLosFreeTask                          0x200009b8   Data           8  wm_rtos.o(.data)
    g_stTskRecyleList                        0x200009c0   Data           8  wm_rtos.o(.data)
    g_stTskSortLink                          0x200009c8   Data           8  wm_rtos.o(.data)
    g_bTaskScheduled                         0x200009d0   Data           4  wm_rtos.o(.data)
    g_pfnTskSwitchHook                       0x200009d4   Data           4  wm_rtos.o(.data)
    g_pfnUsrTskSwitchHook                    0x200009d8   Data           4  wm_rtos.o(.data)
    g_ullTickCount                           0x200009e0   Data           8  wm_rtos.o(.data)
    g_uwTicksPerSec                          0x200009e8   Data           4  wm_rtos.o(.data)
    g_uwCyclePerSec                          0x200009ec   Data           4  wm_rtos.o(.data)
    g_uwCyclesPerTick                        0x200009f0   Data           4  wm_rtos.o(.data)
    g_uwSysClock                             0x200009f4   Data           4  wm_rtos.o(.data)
    g_bSysTickStart                          0x200009f8   Data           4  wm_rtos.o(.data)
    g_pstAllMux                              0x200009fc   Data           4  wm_rtos.o(.data)
    g_stUnusedMuxList                        0x20000a00   Data           8  wm_rtos.o(.data)
    g_pstAllQueue                            0x20000a08   Data           4  wm_rtos.o(.data)
    g_stFreeQueueList                        0x20000a0c   Data           8  wm_rtos.o(.data)
    g_stUnusedSemList                        0x20000a14   Data           8  wm_rtos.o(.data)
    g_pstAllSem                              0x20000a1c   Data           4  wm_rtos.o(.data)
    g_pPoolHead                              0x20000a30   Data           4  wm_rtos.o(.data)
    memexc_count                             0x20000a34   Data           4  wm_rtos.o(.data)
    g_stUserErrFunc                          0x20000a38   Data           4  wm_rtos.o(.data)
    m_aucSysMem0                             0x20000a3c   Data           4  wm_rtos.o(.data)
    current_src_ip                           0x20000a40   Data           4  lwip2.0.3.o(.data)
    netif_list                               0x20000a50   Data           4  lwip2.0.3.o(.data)
    netif_default                            0x20000a54   Data           4  lwip2.0.3.o(.data)
    pbuf_free_ooseq_pending                  0x20000a59   Data           1  lwip2.0.3.o(.data)
    tcp_ticks                                0x20000a64   Data           4  lwip2.0.3.o(.data)
    tcp_bound_pcbs                           0x20000a68   Data           4  lwip2.0.3.o(.data)
    tcp_listen_pcbs                          0x20000a6c   Data           4  lwip2.0.3.o(.data)
    tcp_active_pcbs                          0x20000a70   Data           4  lwip2.0.3.o(.data)
    tcp_tw_pcbs                              0x20000a74   Data           4  lwip2.0.3.o(.data)
    tcp_active_pcbs_changed                  0x20000a78   Data           1  lwip2.0.3.o(.data)
    sndbuf_len                               0x20000a7c   Data           4  lwip2.0.3.o(.data)
    tcp_input_pcb                            0x20000aa8   Data           4  lwip2.0.3.o(.data)
    udp_pcbs                                 0x20000ab0   Data           4  lwip2.0.3.o(.data)
    lwip_task_priopity_stack                 0x20000b08   Data           1  lwip2.0.3.o(.data)
    netconn_aborted                          0x20000b24   Data           1  lwip2.0.3.o(.data)
    h_errno                                  0x20000b6c   Data           4  lwip2.0.3.o(.data)
    g_pCGIs                                  0x20000cb8   Data           4  httpd.o(.data)
    g_iNumCGIs                               0x20000cbc   Data           4  httpd.o(.data)
    gwebcfgmode                              0x20000ccd   Data           1  web.o(.data)
    Res                                      0x20000cd0   Data          16  web.o(.data)
    Cgi                                      0x20000ce0   Data          64  web.o(.data)
    mbedtls_test_cas                         0x20000d30   Data          16  certs.o(.data)
    mbedtls_test_ca_crt                      0x20000d40   Data           4  certs.o(.data)
    mbedtls_test_ca_key                      0x20000d44   Data           4  certs.o(.data)
    mbedtls_test_ca_pwd                      0x20000d48   Data           4  certs.o(.data)
    mbedtls_test_srv_crt                     0x20000d4c   Data           4  certs.o(.data)
    mbedtls_test_srv_key                     0x20000d50   Data           4  certs.o(.data)
    mbedtls_test_cli_crt                     0x20000d54   Data           4  certs.o(.data)
    mbedtls_test_cli_key                     0x20000d58   Data           4  certs.o(.data)
    mbedtls_calloc                           0x20000d94   Data           4  platform.o(.data)
    mbedtls_free                             0x20000d98   Data           4  platform.o(.data)
    mbedtls_snprintf                         0x20000d9c   Data           4  platform.o(.data)
    mbedtls_printf                           0x20000da0   Data           4  platform.o(.data)
    ap_iface                                 0x200013d0   Data           4  ap.o(.data)
    wpa_s                                    0x200013e8   Data           4  wpa_supplicant.o(.data)
    supplicant_event_ops                     0x200013f4   Data          68  wpa_supplicant.o(.data)
    pfunstandby                              0x2000143c   Data           4  tls_wl_core.o(.data)
    SEC_TXBUF_NUM                            0x20001440   Data           4  tls_wl_core.o(.data)
    SEC_RXBUF_NUM                            0x20001444   Data           4  tls_wl_core.o(.data)
    SEC_TX_DESC_NUM                          0x20001448   Data           4  tls_wl_core.o(.data)
    wif                                      0x2000144c   Data           4  tls_wl_core.o(.data)
    BEACON_BUF_ADDR                          0x20001450   Data           4  tls_wl_core.o(.data)
    BEACON_BUF_END_ADDR                      0x20001454   Data           4  tls_wl_core.o(.data)
    SEC_TXBUF_BASE_ADDR                      0x20001458   Data           4  tls_wl_core.o(.data)
    SEC_TXBUF_TOTAL_SIZE                     0x2000145c   Data           4  tls_wl_core.o(.data)
    SEC_TX_DESC_BASE_ADDR                    0x20001460   Data           4  tls_wl_core.o(.data)
    SEC_TX_DESC_TOTAL_SIZE                   0x20001464   Data           4  tls_wl_core.o(.data)
    SEC_TX_FRM_HDR_BASE_ADDR                 0x20001468   Data           4  tls_wl_core.o(.data)
    SEC_TX_FRM_HDR_TOTAL_SIZE                0x2000146c   Data           4  tls_wl_core.o(.data)
    MGMT_TX_FRM_HDR_BASE_ADDR                0x20001470   Data           4  tls_wl_core.o(.data)
    MGMT_TXBUF_TOTAL_SIZE                    0x20001474   Data           4  tls_wl_core.o(.data)
    MGMT_TX_DESC_BASE_ADDR                   0x20001478   Data           4  tls_wl_core.o(.data)
    MGMT_TX_DESC_TOTAL_SIZE                  0x2000147c   Data           4  tls_wl_core.o(.data)
    SEC_RXBUF_BASE_ADDR                      0x20001480   Data           4  tls_wl_core.o(.data)
    SEC_RXBUF_TOTAL_SIZE                     0x20001484   Data           4  tls_wl_core.o(.data)
    SEC_RX_DESC_BASE_ADDR                    0x20001488   Data           4  tls_wl_core.o(.data)
    SEC_RX_DESC_TOTAL_SIZE                   0x2000148c   Data           4  tls_wl_core.o(.data)
    MAC_TXBUF_BASE_ADDR                      0x20001490   Data           4  tls_wl_core.o(.data)
    MAC_MAX_BUF_SIZE                         0x20001494   Data           4  tls_wl_core.o(.data)
    MAC_MAX_TXBUF_CNT                        0x20001498   Data           4  tls_wl_core.o(.data)
    MAC_MAX_RXBUF_CNT                        0x2000149c   Data           4  tls_wl_core.o(.data)
    MAC_RXBUF_BASE_ADDR                      0x200014a0   Data           4  tls_wl_core.o(.data)
    MAC_RXBUF_END_ADDR                       0x200014a4   Data           4  tls_wl_core.o(.data)
    MAC_TX_WB_BD_BUFFER_ADDR                 0x200014a8   Data           4  tls_wl_core.o(.data)
    MAC_TX_WB_BD_BUFFER_END_ADDR             0x200014ac   Data           4  tls_wl_core.o(.data)
    wl_region                                0x200014b0   Data          24  tls_wl_hw.o(.data)
    band_2GHz                                0x200014c8   Data          44  tls_wl_hw.o(.data)
    sleepmode                                0x200015fc   Data           1  tls_wl_if.o(.data)
    hed_rf_current_channel                   0x20001614   Data           4  tls_wl_rf.o(.data)
    hed_rf_chan_type                         0x20001618   Data           4  tls_wl_rf.o(.data)
    rf_set_chan_common_data_20m              0x2000161c   Data         120  tls_wl_rf.o(.data)
    rf_chan24g_20m                           0x20001694   Data         120  tls_wl_rf.o(.data)
    cos_1M                                   0x2000170c   Data         156  tls_wl_rf.o(.data)
    cos_2M                                   0x200017a8   Data          80  tls_wl_rf.o(.data)
    cos_5M                                   0x200017f8   Data          32  tls_wl_rf.o(.data)
    cos_10M                                  0x20001818   Data          16  tls_wl_rf.o(.data)
    litept_tx_flag                           0x20001828   Data           4  tls_wl_tx.o(.data)
    g_wl_txbuf                               0x2000182c   Data           4  tls_wl_tx.o(.data)
    rfc1042_header                           0x20001830   Data           6  tls_wl_tx.o(.data)
    bridge_tunnel_header                     0x20001836   Data           6  tls_wl_tx.o(.data)
    g_wifi_data_recv_callback                0x2000183c   Data           4  wm_wifi_api.o(.data)
    g_wifi_data_ext_recv_callback            0x20001840   Data           4  wm_wifi_api.o(.data)
    g_ltpt_testmode                          0x20001868   Data           4  litepoint.o(.data)
    rndmem                                   0x2000186c   Data           4  litepoint.o(.data)
    g_ltpt_rxinfo                            0x20001874   Data           4  litepoint.o(.data)
    g_ltpt_txinfo                            0x20001878   Data           4  litepoint.o(.data)
    rateArray                                0x2000187c   Data         116  litepoint.o(.data)
    f_bss                                    0x200018f0   Data           4  tls_wl_bss.o(.data)
    g_wl_rxbuf                               0x20001c10   Data           4  tls_wl_rx.o(.data)
    angel                                    0x20001c18   Data        2404  tls_rf_tx_iq.o(.data)
    _set_chan_common_iqmismatch_20mrf        0x2000257c   Data          88  tls_rf_tx_iq.o(.data)
    sample_num                               0x200025d4   Data           4  tx_lo_cal.o(.data)
    tx_rx                                    0x200025d8   Data           4  tx_lo_cal.o(.data)
    _set_chan_common_data_20mrf              0x200025dc   Data          88  tx_lo_cal.o(.data)
    sin16                                    0x20002634   Data          64  tx_lo_cal.o(.data)
    cos16                                    0x20002674   Data          64  tx_lo_cal.o(.data)
    cos132                                   0x200026b4   Data          64  tx_lo_cal.o(.data)
    sin132                                   0x200026f4   Data          64  tx_lo_cal.o(.data)
    FFT_Data                                 0x20002734   Data           4  tls_rf_fft.o(.data)
    tempRev                                  0x20002738   Data           4  tls_rf_fft.o(.data)
    __initial_sp                             0x20002b48   Data           0  startup_venus.o(.bss)
    TaskStartStk                             0x20002cc8   Data        4800  wm_main.o(.bss)
    uart_port                                0x20004388   Data         420  wm_driver.o(.bss)
    intr_handler_vect                        0x2000475c   Data         164  wm_driver.o(.bss)
    g_slave_hspi                             0x20004814   Data          24  wm_driver.o(.bss)
    gftParam                                 0x200049a4   Data         128  wm_driver.o(.bss)
    gst_adc                                  0x20004ac4   Data          20  wm_driver.o(.bss)
    sc_io                                    0x20004b0c   Data          20  wm_driver.o(.bss)
    com_mem                                  0x20004b20   Data        4096  wm_driver.o(.bss)
    imgheader                                0x20005f20   Data         112  wm_common.o(.bss)
    wl_msg                                   0x20005fb0   Data         180  wm_common.o(.bss)
    next_timeout                             0x20006064   Data          36  wm_common.o(.bss)
    user_default_param                       0x200066ec   Data         808  wm_common.o(.bss)
    gucssidData                              0x20006d44   Data          33  wm_wifi_oneshot.o(.bss)
    gucpwdData                               0x20006d65   Data          65  wm_wifi_oneshot.o(.bss)
    lsd_head                                 0x20008818   Data          16  wm_oneshot_lsd.o(.bss)
    lsd_byte                                 0x20008828   Data          16  wm_oneshot_lsd.o(.bss)
    lsd_data                                 0x20008838   Data         512  wm_oneshot_lsd.o(.bss)
    lsd_param                                0x20008a38   Data         236  wm_oneshot_lsd.o(.bss)
    socket_cfg                               0x20008b24   Data          48  wm_cmd.o(.bss)
    g_hostif                                 0x20008b54   Data          44  wm_cmd.o(.bss)
    sockrecvmit                              0x20008b80   Data          80  wm_cmd.o(.bss)
    hostif_stk                               0x20008bd0   Data        2000  wm_cmd.o(.bss)
    skt_desc_def                             0x200093a0   Data          80  wm_cmd.o(.bss)
    skt_desc                                 0x200093f0   Data          80  wm_cmd.o(.bss)
    uart_st                                  0x20009440   Data          96  wm_cmd.o(.bss)
    ricmd_buffer                             0x200094a0   Data         208  wm_cmd.o(.bss)
    m_uwSwTmrAlignID                         0x20009570   Data          64  wm_rtos.o(.bss)
    timer_bss_area                           0x200095b0   Data         448  wm_rtos.o(.bss)
    g_astTskSwitchInfo                       0x20009770   Data         342  wm_rtos.o(.bss)
    p_net_conn                               0x200098c8   Data          80  lwip2.0.3.o(.bss)
    conn_op_completed                        0x20009918   Data          80  lwip2.0.3.o(.bss)
    lwip_stats                               0x20009e3c   Data         214  lwip2.0.3.o(.bss)
    ip_data                                  0x20009f28   Data          24  lwip2.0.3.o(.bss)
    dhcp_rx_options_val                      0x20009f54   Data          40  lwip2.0.3.o(.bss)
    dhcp_rx_options_given                    0x20009f7c   Data          10  lwip2.0.3.o(.bss)
    lwip_task_stk                            0x2000a078   Data        2048  lwip2.0.3.o(.bss)
    socket_ipv4_multicast_memberships        0x2000a884   Data          96  lwip2.0.3.o(.bss)
    fs_memory                                0x2000c074   Data         240  fs.o(.bss)
    mbedtls_cipher_supported                 0x2000e40c   Data         192  cipher_wrap.o(.bss)
    supplicant_task_stk                      0x2000e588   Data        8192  wpa_supplicant.o(.bss)
    supplicant_timer_task_stk                0x20010588   Data         512  wpa_supplicant.o(.bss)
    tx_gain_group                            0x20010788   Data          84  tls_wl_core.o(.bss)
    scan_task_stk                            0x200107dc   Data         800  tls_wl_core.o(.bss)
    mlme_task_stk                            0x20010afc   Data        1200  tls_wl_core.o(.bss)
    rx_task_stk                              0x20010fac   Data        1600  tls_wl_core.o(.bss)
    bss_mgmt_task_stk                        0x200115ec   Data         512  tls_wl_core.o(.bss)
    g_wl_mgmt_txbuf                          0x200117ec   Data         216  tls_wl_tx.o(.bss)
    gauiqpwr                                 0x20011d70   Data        2048  tls_rf_tx_iq.o(.bss)
    gauleakagepwrI                           0x20012570   Data         512  tx_lo_cal.o(.bss)
    gauleakagepwrq                           0x20012770   Data         512  tx_lo_cal.o(.bss)
    __heap_base                              0x20012998   Data           0  startup_venus.o(HEAP)
    __heap_limit                             0x2002c998   Data           0  startup_venus.o(HEAP)



==============================================================================

Memory Map of the image

  Image Entry point : 0x080101ed

  Load Region LR_IROM1 (Base: 0x08010100, Size: 0x000a4704, Max: 0x00800000, ABSOLUTE, COMPRESSED[0x000a3538])

    Execution Region ER_IROM1 (Base: 0x08010100, Size: 0x000a1fc0, Max: 0x00800000, ABSOLUTE)

    Base Addr    Size         Type   Attr      Idx    E Section Name        Object

    0x08010100   0x000000ec   Data   RO          198    RESET               startup_venus.o
    0x080101ec   0x00000000   Code   RO        10300  * .ARM.Collect$$$$00000000  mc_w.l(entry.o)
    0x080101ec   0x00000004   Code   RO        10722    .ARM.Collect$$$$00000001  mc_w.l(entry2.o)
    0x080101f0   0x00000004   Code   RO        10725    .ARM.Collect$$$$00000004  mc_w.l(entry5.o)
    0x080101f4   0x00000000   Code   RO        10727    .ARM.Collect$$$$00000008  mc_w.l(entry7b.o)
    0x080101f4   0x00000000   Code   RO        10729    .ARM.Collect$$$$0000000A  mc_w.l(entry8b.o)
    0x080101f4   0x00000008   Code   RO        10730    .ARM.Collect$$$$0000000B  mc_w.l(entry9a.o)
    0x080101fc   0x00000000   Code   RO        10732    .ARM.Collect$$$$0000000D  mc_w.l(entry10a.o)
    0x080101fc   0x00000000   Code   RO        10734    .ARM.Collect$$$$0000000F  mc_w.l(entry11a.o)
    0x080101fc   0x00000004   Code   RO        10723    .ARM.Collect$$$$00002712  mc_w.l(entry2.o)
    0x08010200   0x000001f8   Code   RO            4    .text               main.o
    0x080103f8   0x00000028   Code   RO          199    .text               startup_venus.o
    0x08010420   0x00000756   Code   RO          206    .text               retarget.o
    0x08010b76   0x00000002   PAD
    0x08010b78   0x00000100   Code   RO          257    .text               misc.o
    0x08010c78   0x00000354   Code   RO          288    .text               wm_main.o
    0x08010fcc   0x00000434   Code   RO          530    .text               tls_sys.o
    0x08011400   0x00008520   Code   RO          576    .text               wm_driver.o
    0x08019920   0x00008134   Code   RO          825    .text               wm_common.o
    0x08021a54   0x000000d4   Code   RO         1010    .text               los_dispatch_keil.o
    0x08021b28   0x00000b38   Code   RO         1801    .text               dhcp_server.o
    0x08022660   0x000003d8   Code   RO         1952    .text               dns_server.o
    0x08022a38   0x00001a2c   Code   RO         1979    .text               wm_wifi_oneshot.o
    0x08024464   0x0000028c   Code   RO         2038    .text               wm_oneshot_airkiss.o
    0x080246f0   0x00000c80   Code   RO         2077    .text               wm_oneshot_lsd.o
    0x08025370   0x00009968   Code   RO         2113    .text               wm_cmd.o
    0x0802ecd8   0x000003d8   Code   RO         2275    .text               wm_osal_liteos.o
    0x0802f0b0   0x000045d4   Code   RO         2398    .text               wm_rtos.o
    0x08033684   0x000121c8   Code   RO         2643    .text               lwip2.0.3.o
    0x0804584c   0x000086e0   Code   RO         3028    .text               wm_matrixssl_compile.o
    0x0804df2c   0x00002108   Code   RO         3406    .text               wm_http_compile.o
    0x08050034   0x00000718   Code   RO         3482    .text               ping.o
    0x0805074c   0x00000384   Code   RO         4079    .text               wm_http_fwup.o
    0x08050ad0   0x0000022c   Code   RO         4114    .text               wm_socket_fwup.o
    0x08050cfc   0x000002a4   Code   RO         4138    .text               fs.o
    0x08050fa0   0x00000acc   Code   RO         4181    .text               httpd.o
    0x08051a6c   0x0000070c   Code   RO         4219    .text               web.o
    0x08052178   0x000005d0   Code   RO         4259    .text               flash_manager.o
    0x08052748   0x000000ec   Code   RO         4350    .text               hmac.o
    0x08052834   0x00001b40   Code   RO         4512    .text               mqtt_client.o
    0x08054374   0x00000184   Code   RO         4613    .text               mqtt_al.o
    0x080544f8   0x00000ddc   Code   RO         4630    .text               mqttclient.o
    0x080552d4   0x000002c4   Code   RO         4679    .text               mqttconnectclient.o
    0x08055598   0x00000114   Code   RO         4711    .text               mqttdeserializepublish.o
    0x080556ac   0x000003fc   Code   RO         4747    .text               mqttpacket.o
    0x08055aa8   0x0000018e   Code   RO         4765    .text               mqttserializepublish.o
    0x08055c36   0x00000170   Code   RO         4781    .text               mqttsubscribeclient.o
    0x08055da6   0x00000102   Code   RO         4813    .text               mqttunsubscribeclient.o
    0x08055ea8   0x00000288   Code   RO         4848    .text               mqtt_osdep.o
    0x08056130   0x00000d34   Code   RO         4873    .text               mqtt_port.o
    0x08056e64   0x00000454   Code   RO         4984    .text               atiny_socket.o
    0x080572b8   0x000004e6   Code   RO         5060    .text               dtls_interface.o
    0x0805779e   0x00000038   Code   RO         5157    .text               entropy_hardware_poll.o
    0x080577d6   0x00000070   Code   RO         5215    .text               timing_alt.o
    0x08057846   0x00000002   PAD
    0x08057848   0x000016f4   Code   RO         5246    .text               aes.o
    0x08058f3c   0x000001ac   Code   RO         5285    .text               arc4.o
    0x080590e8   0x000004b0   Code   RO         5310    .text               asn1parse.o
    0x08059598   0x00000674   Code   RO         5329    .text               asn1write.o
    0x08059c0c   0x00000380   Code   RO         5348    .text               base64.o
    0x08059f8c   0x00002f9c   Code   RO         5369    .text               bignum.o
    0x0805cf28   0x00000434   Code   RO         5394    .text               blowfish.o
    0x0805d35c   0x00000eb4   Code   RO         5411    .text               camellia.o
    0x0805e210   0x00000620   Code   RO         5432    .text               ccm.o
    0x0805e830   0x00000a24   Code   RO         5469    .text               cipher.o
    0x0805f254   0x00000538   Code   RO         5500    .text               cipher_wrap.o
    0x0805f78c   0x00000618   Code   RO         5550    .text               ctr_drbg.o
    0x0805fda4   0x00001140   Code   RO         5581    .text               des.o
    0x08060ee4   0x00000844   Code   RO         5602    .text               dhm.o
    0x08061728   0x00000304   Code   RO         5626    .text               ecdh.o
    0x08061a2c   0x000006ec   Code   RO         5641    .text               ecdsa.o
    0x08062118   0x00002e70   Code   RO         5668    .text               ecp.o
    0x08064f88   0x000016ac   Code   RO         5698    .text               ecp_curves.o
    0x08066634   0x0000050c   Code   RO         5713    .text               entropy.o
    0x08066b40   0x00000e50   Code   RO         5826    .text               gcm.o
    0x08067990   0x0000051c   Code   RO         5853    .text               hmac_drbg.o
    0x08067eac   0x00000480   Code   RO         5875    .text               md.o
    0x0806832c   0x000002f8   Code   RO         5900    .text               md_wrap.o
    0x08068624   0x00000b9c   Code   RO         5949    .text               md5.o
    0x080691c0   0x000004e4   Code   RO         5982    .text               oid.o
    0x080696a4   0x00000724   Code   RO         6014    .text               pem.o
    0x08069dc8   0x000003d8   Code   RO         6036    .text               pk.o
    0x0806a1a0   0x00000498   Code   RO         6055    .text               pk_wrap.o
    0x0806a638   0x000004ac   Code   RO         6080    .text               pkcs5.o
    0x0806aae4   0x000004c0   Code   RO         6113    .text               pkcs12.o
    0x0806afa4   0x00000fa8   Code   RO         6128    .text               pkparse.o
    0x0806bf4c   0x0000003c   Code   RO         6163    .text               platform.o
    0x0806bf88   0x00001fe4   Code   RO         6185    .text               ripemd160.o
    0x0806df6c   0x00001d78   Code   RO         6208    .text               rsa.o
    0x0806fce4   0x00001c28   Code   RO         6231    .text               sha1.o
    0x0807190c   0x00001220   Code   RO         6252    .text               sha256.o
    0x08072b2c   0x0000154c   Code   RO         6273    .text               sha512.o
    0x08074078   0x00000124   Code   RO         6360    .text               ssl_ciphersuites.o
    0x0807419c   0x00001fe8   Code   RO         6426    .text               ssl_cli.o
    0x08076184   0x00003714   Code   RO         6636    .text               ssl_tls.o
    0x08079898   0x00000c90   Code   RO         6757    .text               x509.o
    0x0807a528   0x00002348   Code   RO         6821    .text               x509_crt.o
    0x0807c870   0x000002e0   Code   RO         6924    .text               atiny_osdep.o
    0x0807cb50   0x00000030   Code   RO         6991    .text               atiny_log.o
    0x0807cb80   0x0000012c   Code   RO         7022    .text               net_sockets_alt.o
    0x0807ccac   0x00001fe0   Code   RO         7094    .text               cjson.o
    0x0807ec8c   0x000000a4   Code   RO         7149    .text               malloc.o
    0x0807ed30   0x000010d8   Code   RO         7214    .text               agent_tiny_demo.o
    0x0807fe08   0x000009c0   Code   RO         7274    .text               libairkiss_log.lib(airkiss_log.o)
    0x080807c8   0x000008b4   Code   RO         7277    .text               wlan.lib(aesMatrix.o)
    0x0808107c   0x00000880   Code   RO         7303    .text               wlan.lib(ap.o)
    0x080818fc   0x00000180   Code   RO         7449    .text               wlan.lib(random.o)
    0x08081a7c   0x00000116   Code   RO         7494    .text               wlan.lib(rc4.o)
    0x08081b92   0x00000002   PAD
    0x08081b94   0x000012b8   Code   RO         7565    .text               wlan.lib(sha1_internal.o)
    0x08082e4c   0x00000478   Code   RO         7635    .text               wlan.lib(sha256.o)
    0x080832c4   0x0000164c   Code   RO         7653    .text               wlan.lib(wpa_supplicant.o)
    0x08084910   0x00000960   Code   RO         7802    .text               wlan.lib(tls_wl_core.o)
    0x08085270   0x00000cd4   Code   RO         7909    .text               wlan.lib(tls_wl_hw.o)
    0x08085f44   0x00000be8   Code   RO         7969    .text               wlan.lib(tls_wl_if.o)
    0x08086b2c   0x00000874   Code   RO         8023    .text               wlan.lib(tls_wl_rf.o)
    0x080873a0   0x000012f0   Code   RO         8065    .text               wlan.lib(tls_wl_tx.o)
    0x08088690   0x00001354   Code   RO         8139    .text               wlan.lib(wm_wifi_api.o)
    0x080899e4   0x00000868   Code   RO         8343    .text               wlan.lib(wm_wifi_oneshot_api.o)
    0x0808a24c   0x00000540   Code   RO         8382    .text               wlan.lib(litepoint.o)
    0x0808a78c   0x0000154c   Code   RO         8474    .text               wlan.lib(libtommath.o)
    0x0808bcd8   0x00000272   Code   RO         8500    .text               wlan.lib(bss.o)
    0x0808bf4a   0x00000002   PAD
    0x0808bf4c   0x00000f84   Code   RO         8555    .text               wlan.lib(events.o)
    0x0808ced0   0x00000324   Code   RO         8639    .text               wlan.lib(hostapd.o)
    0x0808d1f4   0x00000094   Code   RO         8702    .text               wlan.lib(ieee802_1x.o)
    0x0808d288   0x00000a0e   Code   RO         8760    .text               wlan.lib(ieee802_11.o)
    0x0808dc96   0x000002a2   Code   RO         8818    .text               wlan.lib(ieee802_11_common.o)
    0x0808df38   0x0000006c   Code   RO         8858    .text               wlan.lib(os_internal.o)
    0x0808dfa4   0x000001ec   Code   RO         8874    .text               wlan.lib(scan.o)
    0x0808e190   0x0000017e   Code   RO         8927    .text               wlan.lib(sha1.o)
    0x0808e30e   0x000000f8   Code   RO         8946    .text               wlan.lib(sha1-pbkdf2.o)
    0x0808e406   0x00000002   PAD
    0x0808e408   0x000005ac   Code   RO         8965    .text               wlan.lib(hostapd_sta_info.o)
    0x0808e9b4   0x000000f0   Code   RO         9018    .text               wlan.lib(tkip_countermeasures.o)
    0x0808eaa4   0x0000104a   Code   RO         9070    .text               wlan.lib(wpa.o)
    0x0808faee   0x0000047e   Code   RO         9138    .text               wlan.lib(wpa_driver.o)
    0x0808ff6c   0x000003f4   Code   RO         9188    .text               wlan.lib(wpa_ie.o)
    0x08090360   0x00000142   Code   RO         9234    .text               wlan.lib(wpabuf.o)
    0x080904a2   0x00000134   Code   RO         9254    .text               wlan.lib(wpas_glue.o)
    0x080905d6   0x00000002   PAD
    0x080905d8   0x000006e8   Code   RO         9318    .text               wlan.lib(tls_wl_bss.o)
    0x08090cc0   0x0000033e   Code   RO         9375    .text               wlan.lib(tls_wl_key.o)
    0x08090ffe   0x00000002   PAD
    0x08091000   0x00000c84   Code   RO         9410    .text               wlan.lib(tls_wl_mgmt.o)
    0x08091c84   0x000017b8   Code   RO         9447    .text               wlan.lib(tls_wl_mlme.o)
    0x0809343c   0x00000088   Code   RO         9500    .text               wlan.lib(tls_wl_phy.o)
    0x080934c4   0x00000b18   Code   RO         9540    .text               wlan.lib(tls_wl_rc.o)
    0x08093fdc   0x000013f0   Code   RO         9580    .text               wlan.lib(tls_wl_rx.o)
    0x080953cc   0x00000310   Code   RO         9645    .text               wlan.lib(tls_wl_scan.o)
    0x080956dc   0x0000023c   Code   RO         9676    .text               wlan.lib(tls_wl_sta_info.o)
    0x08095918   0x000004a4   Code   RO         9703    .text               wlan.lib(tls_wl_util.o)
    0x08095dbc   0x00000c0c   Code   RO         9739    .text               wlan.lib(tls_rf_tx_iq.o)
    0x080969c8   0x00001158   Code   RO         9771    .text               wlan.lib(tx_lo_cal.o)
    0x08097b20   0x000000ba   Code   RO         9802    .text               wlan.lib(aes_unwrap.o)
    0x08097bda   0x00000036   Code   RO         9863    .text               wlan.lib(ap_mlme.o)
    0x08097c10   0x000004c8   Code   RO         9898    .text               wlan.lib(beacon.o)
    0x080980d8   0x0000010c   Code   RO         9956    .text               wlan.lib(common.o)
    0x080981e4   0x000016f4   Code   RO         9977    .text               wlan.lib(wpa_auth.o)
    0x080998d8   0x00000080   Code   RO        10043    .text               wlan.lib(wpa_auth_glue.o)
    0x08099958   0x0000068c   Code   RO        10092    .text               wlan.lib(wpa_auth_ie.o)
    0x08099fe4   0x0000055c   Code   RO        10132    .text               wlan.lib(wpa_common.o)
    0x0809a540   0x00000244   Code   RO        10163    .text               wlan.lib(hostapd_wpa_driver.o)
    0x0809a784   0x00000168   Code   RO        10218    .text               wlan.lib(tls_rf_fft.o)
    0x0809a8ec   0x000000a8   Code   RO        10260    .text               wlan.lib(aes_wrap.o)
    0x0809a994   0x0000095c   Code   RO        10276    .text               wlan.lib(md5.o)
    0x0809b2f0   0x00000062   Code   RO        10303    .text               mc_w.l(uldiv.o)
    0x0809b352   0x00000062   Code   RO        10305    .text               mc_w.l(ldiv.o)
    0x0809b3b4   0x00000008   Code   RO        10307    .text               mc_w.l(ctype_o.o)
    0x0809b3bc   0x00000012   Code   RO        10329    .text               mc_w.l(isspace_o.o)
    0x0809b3ce   0x0000000c   Code   RO        10335    .text               mc_w.l(toupper.o)
    0x0809b3da   0x0000000c   Code   RO        10337    .text               mc_w.l(tolower.o)
    0x0809b3e6   0x00000002   PAD
    0x0809b3e8   0x00000024   Code   RO        10339    .text               mc_w.l(rand.o)
    0x0809b40c   0x00000042   Code   RO        10352    .text               mc_w.l(memmove.o)
    0x0809b44e   0x00000024   Code   RO        10358    .text               mc_w.l(memseta.o)
    0x0809b472   0x00000018   Code   RO        10360    .text               mc_w.l(strcat.o)
    0x0809b48a   0x00000024   Code   RO        10362    .text               mc_w.l(strstr.o)
    0x0809b4ae   0x00000018   Code   RO        10364    .text               mc_w.l(strncpy.o)
    0x0809b4c6   0x00000014   Code   RO        10366    .text               mc_w.l(strchr.o)
    0x0809b4da   0x0000000e   Code   RO        10368    .text               mc_w.l(strlen.o)
    0x0809b4e8   0x0000001c   Code   RO        10370    .text               mc_w.l(strcmp.o)
    0x0809b504   0x00000014   Code   RO        10372    .text               mc_w.l(memchr.o)
    0x0809b518   0x0000001a   Code   RO        10374    .text               mc_w.l(memcmp.o)
    0x0809b532   0x00000012   Code   RO        10378    .text               mc_w.l(strcpy.o)
    0x0809b544   0x0000001e   Code   RO        10380    .text               mc_w.l(strncmp.o)
    0x0809b562   0x0000002a   Code   RO        10398    .text               mc_w.l(strcasecmp.o)
    0x0809b58c   0x00000038   Code   RO        10668    .text               mc_w.l(sscanf.o)
    0x0809b5c4   0x00000038   Code   RO        10670    .text               mc_w.l(__0sscanf.o)
    0x0809b5fc   0x00000156   Code   RO        10672    .text               mc_w.l(_scanf_longlong.o)
    0x0809b752   0x0000014c   Code   RO        10674    .text               mc_w.l(_scanf_int.o)
    0x0809b89e   0x000000e0   Code   RO        10676    .text               mc_w.l(_scanf_str.o)
    0x0809b97e   0x00000002   PAD
    0x0809b980   0x00000338   Code   RO        10678    .text               mc_w.l(scanf_fp.o)
    0x0809bcb8   0x0000001a   Code   RO        10682    .text               mc_w.l(atoi.o)
    0x0809bcd2   0x0000001a   Code   RO        10684    .text               mc_w.l(atol.o)
    0x0809bcec   0x000000b0   Code   RO        10688    .text               mf_w.l(fadd.o)
    0x0809bd9c   0x0000007c   Code   RO        10692    .text               mf_w.l(fdiv.o)
    0x0809be18   0x0000014e   Code   RO        10694    .text               mf_w.l(dadd.o)
    0x0809bf66   0x000000e4   Code   RO        10696    .text               mf_w.l(dmul.o)
    0x0809c04a   0x000000de   Code   RO        10698    .text               mf_w.l(ddiv.o)
    0x0809c128   0x0000000a   Code   RO        10702    .text               mf_w.l(ffltui.o)
    0x0809c132   0x00000022   Code   RO        10704    .text               mf_w.l(dflti.o)
    0x0809c154   0x0000001a   Code   RO        10706    .text               mf_w.l(dfltui.o)
    0x0809c16e   0x00000018   Code   RO        10708    .text               mf_w.l(dfltul.o)
    0x0809c186   0x0000003e   Code   RO        10710    .text               mf_w.l(dfixi.o)
    0x0809c1c4   0x00000030   Code   RO        10712    .text               mf_w.l(dfixul.o)
    0x0809c1f4   0x00000026   Code   RO        10714    .text               mf_w.l(f2d.o)
    0x0809c21a   0x00000002   PAD
    0x0809c21c   0x00000030   Code   RO        10716    .text               mf_w.l(cdcmple.o)
    0x0809c24c   0x00000030   Code   RO        10718    .text               mf_w.l(cdrcmple.o)
    0x0809c27c   0x00000038   Code   RO        10720    .text               mf_w.l(d2f.o)
    0x0809c2b4   0x0000002c   Code   RO        10736    .text               mc_w.l(uidiv.o)
    0x0809c2e0   0x0000001e   Code   RO        10738    .text               mc_w.l(llshl.o)
    0x0809c2fe   0x00000020   Code   RO        10740    .text               mc_w.l(llushr.o)
    0x0809c31e   0x00000024   Code   RO        10742    .text               mc_w.l(llsshr.o)
    0x0809c342   0x0000001c   Code   RO        10747    .text               mc_w.l(_chval.o)
    0x0809c35e   0x00000002   PAD
    0x0809c360   0x00000028   Code   RO        10749    .text               mc_w.l(scanf_char.o)
    0x0809c388   0x00000040   Code   RO        10751    .text               mc_w.l(_sgetc.o)
    0x0809c3c8   0x0000009c   Code   RO        10753    .text               mc_w.l(strtod.o)
    0x0809c464   0x00000070   Code   RO        10755    .text               mc_w.l(strtol.o)
    0x0809c4d4   0x00000000   Code   RO        10759    .text               mc_w.l(iusefp.o)
    0x0809c4d4   0x0000006e   Code   RO        10760    .text               mf_w.l(fepilogue.o)
    0x0809c542   0x000000ba   Code   RO        10762    .text               mf_w.l(depilogue.o)
    0x0809c5fc   0x00000024   Code   RO        10764    .text               mc_w.l(init.o)
    0x0809c620   0x0000032c   Code   RO        10768    .text               mc_w.l(_scanf.o)
    0x0809c94c   0x0000009e   Code   RO        10770    .text               mc_w.l(_strtoul.o)
    0x0809c9ea   0x00000056   Code   RO        10785    .text               mc_w.l(__dczerorl2.o)
    0x0809ca40   0x00000020   Code   RO        10633    i.__0printf         mc_w.l(printfa.o)
    0x0809ca60   0x00000030   Code   RO        10634    i.__0snprintf       mc_w.l(printfa.o)
    0x0809ca90   0x00000028   Code   RO        10635    i.__0sprintf        mc_w.l(printfa.o)
    0x0809cab8   0x0000002c   Code   RO        10638    i.__0vsnprintf      mc_w.l(printfa.o)
    0x0809cae4   0x00000008   Code   RO        10661    i.__aeabi_errno_addr  mc_w.l(errno.o)
    0x0809caec   0x0000000e   Code   RO        10779    i.__scatterload_copy  mc_w.l(handlers.o)
    0x0809cafa   0x00000002   Code   RO        10780    i.__scatterload_null  mc_w.l(handlers.o)
    0x0809cafc   0x0000000e   Code   RO        10781    i.__scatterload_zeroinit  mc_w.l(handlers.o)
    0x0809cb0a   0x00000002   PAD
    0x0809cb0c   0x00000184   Code   RO        10640    i._fp_digits        mc_w.l(printfa.o)
    0x0809cc90   0x0000000e   Code   RO        10680    i._is_digit         mc_w.l(scanf_fp.o)
    0x0809cc9e   0x00000002   PAD
    0x0809cca0   0x000006dc   Code   RO        10641    i._printf_core      mc_w.l(printfa.o)
    0x0809d37c   0x00000024   Code   RO        10642    i._printf_post_padding  mc_w.l(printfa.o)
    0x0809d3a0   0x0000002e   Code   RO        10643    i._printf_pre_padding  mc_w.l(printfa.o)
    0x0809d3ce   0x00000016   Code   RO        10644    i._snputc           mc_w.l(printfa.o)
    0x0809d3e4   0x0000000a   Code   RO        10645    i._sputc            mc_w.l(printfa.o)
    0x0809d3ee   0x00000006   Code   RO         2421    i.osAtomicBitsetGetNumBits  wm_rtos.o
    0x0809d3f4   0x0000001c   Code   RO        10297    i.strtod            m_ws.l(strtod.o)
    0x0809d410   0x0000000a   Data   RO          290    .constdata          wm_main.o
    0x0809d41a   0x00000002   PAD
    0x0809d41c   0x00000044   Data   RO          578    .constdata          wm_driver.o
    0x0809d460   0x00000adc   Data   RO          827    .constdata          wm_common.o
    0x0809df3c   0x00000010   Data   RO         2040    .constdata          wm_oneshot_airkiss.o
    0x0809df4c   0x00000103   Data   RO         2079    .constdata          wm_oneshot_lsd.o
    0x0809e04f   0x00000015   Data   RO         2115    .constdata          wm_cmd.o
    0x0809e064   0x00000004   Data   RO         2276    .constdata          wm_osal_liteos.o
    0x0809e068   0x000001be   Data   RO         2645    .constdata          lwip2.0.3.o
    0x0809e226   0x000000a4   Data   RO         3030    .constdata          wm_matrixssl_compile.o
    0x0809e2ca   0x00000002   PAD
    0x0809e2cc   0x000000d4   Data   RO         3408    .constdata          wm_http_compile.o
    0x0809e3a0   0x00001c1c   Data   RO         4140    .constdata          fs.o
    0x0809ffbc   0x000000f8   Data   RO         4182    .constdata          httpd.o
    0x080a00b4   0x00000210   Data   RO         4220    .constdata          web.o
    0x080a02c4   0x00000071   Data   RO         4260    .constdata          flash_manager.o
    0x080a0335   0x00000003   PAD
    0x080a0338   0x00000152   Data   RO         4514    .constdata          mqtt_client.o
    0x080a048a   0x00000002   PAD
    0x080a048c   0x00000058   Data   RO         4631    .constdata          mqttclient.o
    0x080a04e4   0x0000002d   Data   RO         4849    .constdata          mqtt_osdep.o
    0x080a0511   0x00000003   PAD
    0x080a0514   0x0000012c   Data   RO         4874    .constdata          mqtt_port.o
    0x080a0640   0x000003bc   Data   RO         5248    .constdata          aes.o
    0x080a09fc   0x00000048   Data   RO         5286    .constdata          arc4.o
    0x080a0a44   0x00000159   Data   RO         5349    .constdata          base64.o
    0x080a0b9d   0x00000003   PAD
    0x080a0ba0   0x000002c4   Data   RO         5370    .constdata          bignum.o
    0x080a0e64   0x00001048   Data   RO         5395    .constdata          blowfish.o
    0x080a1eac   0x00000914   Data   RO         5412    .constdata          camellia.o
    0x080a27c0   0x000000d8   Data   RO         5433    .constdata          ccm.o
    0x080a2898   0x000048c0   Data   RO         5456    .constdata          certs.o
    0x080a7158   0x0000085c   Data   RO         5502    .constdata          cipher_wrap.o
    0x080a79b4   0x000000e0   Data   RO         5551    .constdata          ctr_drbg.o
    0x080a7a94   0x00000a08   Data   RO         5582    .constdata          des.o
    0x080a849c   0x000000fb   Data   RO         5603    .constdata          dhm.o
    0x080a8597   0x00000001   PAD
    0x080a8598   0x000000a8   Data   RO         5670    .constdata          ecp.o
    0x080a8640   0x000008b8   Data   RO         5699    .constdata          ecp_curves.o
    0x080a8ef8   0x00000c08   Data   RO         5827    .constdata          gcm.o
    0x080a9b00   0x00000100   Data   RO         5854    .constdata          hmac_drbg.o
    0x080a9c00   0x00000020   Data   RO         5876    .constdata          md.o
    0x080a9c20   0x00000150   Data   RO         5901    .constdata          md_wrap.o
    0x080a9d70   0x00000304   Data   RO         5950    .constdata          md5.o
    0x080aa074   0x000005d4   Data   RO         5983    .constdata          oid.o
    0x080aa648   0x000000f0   Data   RO         6056    .constdata          pk_wrap.o
    0x080aa738   0x000002d0   Data   RO         6081    .constdata          pkcs5.o
    0x080aaa08   0x000000e0   Data   RO         6186    .constdata          ripemd160.o
    0x080aaae8   0x00000134   Data   RO         6232    .constdata          sha1.o
    0x080aac1c   0x000002b8   Data   RO         6253    .constdata          sha256.o
    0x080aaed4   0x00000004   PAD
    0x080aaed8   0x000005e0   Data   RO         6274    .constdata          sha512.o
    0x080ab4b8   0x00000eac   Data   RO         6361    .constdata          ssl_ciphersuites.o
    0x080ac364   0x000000d8   Data   RO         6822    .constdata          x509_crt.o
    0x080ac43c   0x000000c0   Data   RO         7216    .constdata          agent_tiny_demo.o
    0x080ac4fc   0x00000222   Data   RO         7275    .constdata          libairkiss_log.lib(airkiss_log.o)
    0x080ac71e   0x00000002   PAD
    0x080ac720   0x00001038   Data   RO         7278    .constdata          wlan.lib(aesMatrix.o)
    0x080ad758   0x00000090   Data   RO         7304    .constdata          wlan.lib(ap.o)
    0x080ad7e8   0x00000020   Data   RO         7451    .constdata          wlan.lib(random.o)
    0x080ad808   0x00000100   Data   RO         7636    .constdata          wlan.lib(sha256.o)
    0x080ad908   0x00000040   Data   RO         8024    .constdata          wlan.lib(tls_wl_rf.o)
    0x080ad948   0x00000078   Data   RO         8025    .constdata          wlan.lib(tls_wl_rf.o)
    0x080ad9c0   0x00000068   Data   RO         8640    .constdata          wlan.lib(hostapd.o)
    0x080ada28   0x000000b0   Data   RO         9071    .constdata          wlan.lib(wpa.o)
    0x080adad8   0x00000050   Data   RO         9501    .constdata          wlan.lib(tls_wl_phy.o)
    0x080adb28   0x00000006   Data   RO         9581    .constdata          wlan.lib(tls_wl_rx.o)
    0x080adb2e   0x00000800   Data   RO        10219    .constdata          wlan.lib(tls_rf_fft.o)
    0x080ae32e   0x00000081   Data   RO        10308    .constdata          mc_w.l(ctype_o.o)
    0x080ae3af   0x00000001   PAD
    0x080ae3b0   0x00000004   Data   RO        10309    .constdata          mc_w.l(ctype_o.o)
    0x080ae3b4   0x00000056   Data   RO         2041    .conststring        wm_oneshot_airkiss.o
    0x080ae40a   0x00000002   PAD
    0x080ae40c   0x000004fd   Data   RO         2116    .conststring        wm_cmd.o
    0x080ae909   0x00000003   PAD
    0x080ae90c   0x000001f0   Data   RO         2400    .conststring        wm_rtos.o
    0x080aeafc   0x000002a8   Data   RO         2646    .conststring        lwip2.0.3.o
    0x080aeda4   0x0000004f   Data   RO         3031    .conststring        wm_matrixssl_compile.o
    0x080aedf3   0x00000001   PAD
    0x080aedf4   0x000000ad   Data   RO         4183    .conststring        httpd.o
    0x080aeea1   0x00000003   PAD
    0x080aeea4   0x00000272   Data   RO         4221    .conststring        web.o
    0x080af116   0x00000002   PAD
    0x080af118   0x00000089   Data   RO         4261    .conststring        flash_manager.o
    0x080af1a1   0x00000003   PAD
    0x080af1a4   0x0000010f   Data   RO         4515    .conststring        mqtt_client.o
    0x080af2b3   0x00000001   PAD
    0x080af2b4   0x0000036d   Data   RO         5371    .conststring        bignum.o
    0x080af621   0x00000003   PAD
    0x080af624   0x000002d5   Data   RO         5503    .conststring        cipher_wrap.o
    0x080af8f9   0x00000003   PAD
    0x080af8fc   0x000001c5   Data   RO         5671    .conststring        ecp.o
    0x080afac1   0x00000003   PAD
    0x080afac4   0x00000037   Data   RO         5902    .conststring        md_wrap.o
    0x080afafb   0x00000001   PAD
    0x080afafc   0x00000a5b   Data   RO         5984    .conststring        oid.o
    0x080b0557   0x00000001   PAD
    0x080b0558   0x0000001c   Data   RO         6057    .conststring        pk_wrap.o
    0x080b0574   0x00000105   Data   RO         6187    .conststring        ripemd160.o
    0x080b0679   0x00000003   PAD
    0x080b067c   0x00000499   Data   RO         6209    .conststring        rsa.o
    0x080b0b15   0x00000003   PAD
    0x080b0b18   0x000010bd   Data   RO         6362    .conststring        ssl_ciphersuites.o
    0x080b1bd5   0x00000003   PAD
    0x080b1bd8   0x00000406   Data   RO         6823    .conststring        x509_crt.o
    0x080b1fde   0x00000002   PAD
    0x080b1fe0   0x00000024   Data   RO         6992    .conststring        atiny_log.o
    0x080b2004   0x00000022   Data   RO         7217    .conststring        agent_tiny_demo.o
    0x080b2026   0x00000049   Data   RO         7970    .conststring        wlan.lib(tls_wl_if.o)
    0x080b206f   0x00000001   PAD
    0x080b2070   0x0000002e   Data   RO         5985    .conststrlit        oid.o
    0x080b209e   0x00000002   PAD
    0x080b20a0   0x00000020   Data   RO        10777    Region$$Table       anon$$obj.o


    Execution Region RW_IRAM1 (Base: 0x20000000, Size: 0x0002c998, Max: 0x00380000, ABSOLUTE, COMPRESSED[0x00001578])

    Base Addr    Size         Type   Attr      Idx    E Section Name        Object

    0x20000000   0x00000008   Data   RW            5    .data               main.o
    0x20000008   0x00000008   Data   RW          208    .data               retarget.o
    0x20000010   0x00000020   Data   RW          291    .data               wm_main.o
    0x20000030   0x00000004   Data   RW          532    .data               tls_sys.o
    0x20000034   0x000000c4   Data   RW          579    .data               wm_driver.o
    0x200000f8   0x00000088   Data   RW          828    .data               wm_common.o
    0x20000180   0x0000007c   Data   RW         1981    .data               wm_wifi_oneshot.o
    0x200001fc   0x00000010   Data   RW         2042    .data               wm_oneshot_airkiss.o
    0x2000020c   0x00000024   Data   RW         2080    .data               wm_oneshot_lsd.o
    0x20000230   0x0000073c   Data   RW         2117    .data               wm_cmd.o
    0x2000096c   0x00000004   PAD
    0x20000970   0x000000d0   Data   RW         2401    .data               wm_rtos.o
    0x20000a40   0x00000154   Data   RW         2647    .data               lwip2.0.3.o
    0x20000b94   0x000000f4   Data   RW         3032    .data               wm_matrixssl_compile.o
    0x20000c88   0x00000004   Data   RW         3409    .data               wm_http_compile.o
    0x20000c8c   0x0000001c   Data   RW         3484    .data               ping.o
    0x20000ca8   0x00000010   Data   RW         4115    .data               wm_socket_fwup.o
    0x20000cb8   0x00000014   Data   RW         4184    .data               httpd.o
    0x20000ccc   0x00000054   Data   RW         4222    .data               web.o
    0x20000d20   0x00000004   Data   RW         4262    .data               flash_manager.o
    0x20000d24   0x00000004   Data   RW         4748    .data               mqttpacket.o
    0x20000d28   0x00000004   Data   RW         4875    .data               mqtt_port.o
    0x20000d2c   0x00000004   Data   RW         5249    .data               aes.o
    0x20000d30   0x0000002c   Data   RW         5457    .data               certs.o
    0x20000d5c   0x00000004   Data   RW         5470    .data               cipher.o
    0x20000d60   0x00000004   Data   RW         5552    .data               ctr_drbg.o
    0x20000d64   0x00000010   Data   RW         5672    .data               ecp.o
    0x20000d74   0x0000001c   Data   RW         5700    .data               ecp_curves.o
    0x20000d90   0x00000004   Data   RW         5855    .data               hmac_drbg.o
    0x20000d94   0x00000010   Data   RW         6164    .data               platform.o
    0x20000da4   0x00000020   Data   RW         6188    .data               ripemd160.o
    0x20000dc4   0x00000047   Data   RW         6637    .data               ssl_tls.o
    0x20000e0b   0x00000001   PAD
    0x20000e0c   0x00000018   Data   RW         6993    .data               atiny_log.o
    0x20000e24   0x00000014   Data   RW         7096    .data               cjson.o
    0x20000e38   0x00000598   Data   RW         7218    .data               agent_tiny_demo.o
    0x200013d0   0x00000004   Data   RW         7305    .data               wlan.lib(ap.o)
    0x200013d4   0x00000014   Data   RW         7452    .data               wlan.lib(random.o)
    0x200013e8   0x00000050   Data   RW         7656    .data               wlan.lib(wpa_supplicant.o)
    0x20001438   0x00000078   Data   RW         7805    .data               wlan.lib(tls_wl_core.o)
    0x200014b0   0x00000044   Data   RW         7910    .data               wlan.lib(tls_wl_hw.o)
    0x200014f4   0x00000060   Data   RW         7911    .data               wlan.lib(tls_wl_hw.o)
    0x20001554   0x000000a8   Data   RW         7912    .data               wlan.lib(tls_wl_hw.o)
    0x200015fc   0x00000018   Data   RW         7971    .data               wlan.lib(tls_wl_if.o)
    0x20001614   0x00000214   Data   RW         8026    .data               wlan.lib(tls_wl_rf.o)
    0x20001828   0x00000014   Data   RW         8067    .data               wlan.lib(tls_wl_tx.o)
    0x2000183c   0x00000010   Data   RW         8140    .data               wlan.lib(wm_wifi_api.o)
    0x2000184c   0x0000001c   Data   RW         8345    .data               wlan.lib(wm_wifi_oneshot_api.o)
    0x20001868   0x00000088   Data   RW         8383    .data               wlan.lib(litepoint.o)
    0x200018f0   0x00000004   Data   RW         9319    .data               wlan.lib(tls_wl_bss.o)
    0x200018f4   0x0000031c   Data   RW         9541    .data               wlan.lib(tls_wl_rc.o)
    0x20001c10   0x00000008   Data   RW         9582    .data               wlan.lib(tls_wl_rx.o)
    0x20001c18   0x000009bc   Data   RW         9741    .data               wlan.lib(tls_rf_tx_iq.o)
    0x200025d4   0x00000160   Data   RW         9773    .data               wlan.lib(tx_lo_cal.o)
    0x20002734   0x00000004   Data   RW        10220    .data               wlan.lib(tls_rf_fft.o)
    0x20002738   0x00000004   Data   RW        10221    .data               wlan.lib(tls_rf_fft.o)
    0x2000273c   0x00000004   Data   RW        10340    .data               mc_w.l(rand.o)
    0x20002740   0x00000004   Data   RW        10664    .data               mc_w.l(errno.o)
    0x20002744   0x00000004   PAD
    0x20002748   0x00000400   Zero   RW          196    .bss                startup_venus.o
    0x20002b48   0x00000180   Zero   RW          207    .bss                retarget.o
    0x20002cc8   0x000012c0   Zero   RW          289    .bss                wm_main.o
    0x20003f88   0x00000400   Zero   RW          531    .bss                tls_sys.o
    0x20004388   0x00001798   Zero   RW          577    .bss                wm_driver.o
    0x20005b20   0x00000ef4   Zero   RW          826    .bss                wm_common.o
    0x20006a14   0x00000308   Zero   RW         1802    .bss                dhcp_server.o
    0x20006d1c   0x00000028   Zero   RW         1953    .bss                dns_server.o
    0x20006d44   0x000019ec   Zero   RW         1980    .bss                wm_wifi_oneshot.o
    0x20008730   0x000000e8   Zero   RW         2039    .bss                wm_oneshot_airkiss.o
    0x20008818   0x0000030c   Zero   RW         2078    .bss                wm_oneshot_lsd.o
    0x20008b24   0x00000a4c   Zero   RW         2114    .bss                wm_cmd.o
    0x20009570   0x00000356   Zero   RW         2399    .bss                wm_rtos.o
    0x200098c6   0x00000002   PAD
    0x200098c8   0x000011e1   Zero   RW         2644    .bss                lwip2.0.3.o
    0x2000aaa9   0x00000003   PAD
    0x2000aaac   0x00000d80   Zero   RW         3029    .bss                wm_matrixssl_compile.o
    0x2000b82c   0x00000400   Zero   RW         3407    .bss                wm_http_compile.o
    0x2000bc2c   0x00000448   Zero   RW         3483    .bss                ping.o
    0x2000c074   0x000000f0   Zero   RW         4139    .bss                fs.o
    0x2000c164   0x0000005c   Zero   RW         4513    .bss                mqtt_client.o
    0x2000c1c0   0x00000024   Zero   RW         4614    .bss                mqtt_al.o
    0x2000c1e4   0x00002228   Zero   RW         5247    .bss                aes.o
    0x2000e40c   0x000000c0   Zero   RW         5501    .bss                cipher_wrap.o
    0x2000e4cc   0x0000000c   Zero   RW         5669    .bss                ecp.o
    0x2000e4d8   0x0000000f   Zero   RW         7095    .bss                cjson.o
    0x2000e4e7   0x00000001   PAD
    0x2000e4e8   0x0000000c   Zero   RW         7215    .bss                agent_tiny_demo.o
    0x2000e4f4   0x00000094   Zero   RW         7450    .bss                wlan.lib(random.o)
    0x2000e588   0x00002200   Zero   RW         7654    .bss                wlan.lib(wpa_supplicant.o)
    0x20010788   0x00001064   Zero   RW         7803    .bss                wlan.lib(tls_wl_core.o)
    0x200117ec   0x000000d8   Zero   RW         8066    .bss                wlan.lib(tls_wl_tx.o)
    0x200118c4   0x00000488   Zero   RW         8344    .bss                wlan.lib(wm_wifi_oneshot_api.o)
    0x20011d4c   0x00000021   Zero   RW         9704    .bss                wlan.lib(tls_wl_util.o)
    0x20011d6d   0x00000003   PAD
    0x20011d70   0x00000800   Zero   RW         9740    .bss                wlan.lib(tls_rf_tx_iq.o)
    0x20012570   0x00000400   Zero   RW         9772    .bss                wlan.lib(tx_lo_cal.o)
    0x20012970   0x00000021   Zero   RW         9957    .bss                wlan.lib(common.o)
    0x20012991   0x00000007   PAD
    0x20012998   0x0001a000   Zero   RW          197    HEAP                startup_venus.o


==============================================================================

Image component sizes


      Code (inc. data)   RO Data    RW Data    ZI Data      Debug   Object Name

      5876        314        956          4       8744      13020   aes.o
      4312       1378        226       1432         12       8706   agent_tiny_demo.o
       428         58         72          0          0       3963   arc4.o
      1200         10          0          0          0       8691   asn1parse.o
      1652          8          0          0          0       7836   asn1write.o
        48         18         36         24          0       1607   atiny_log.o
       736         34          0          0          0       8803   atiny_osdep.o
      1108          6          0          0          0      20080   atiny_socket.o
       896        100        345          0          0       3639   base64.o
     12188        326       1585          0          0      31266   bignum.o
      1076         10       4168          0          0       7348   blowfish.o
      3764        206       2324          0          0      10840   camellia.o
      1568         98        216          0          0      11734   ccm.o
         0          0      18624         44          0       8048   certs.o
      2596         82          0          4          0      19900   cipher.o
      1336         20       2865          0        192      25918   cipher_wrap.o
      8160        158          0         20         15      39310   cjson.o
      1560        112        224          4          0      10439   ctr_drbg.o
      4416        170       2568          0          0      12336   des.o
      2872         60          0          0        776      60119   dhcp_server.o
      2116        138        251          0          0      13220   dhm.o
       984         10          0          0         40       6351   dns_server.o
      1254         84          0          0          0      37823   dtls_interface.o
       772          4          0          0          0       6111   ecdh.o
      1772         24          0          0          0       9136   ecdsa.o
     11888        316        621         16         12      28850   ecp.o
      5804        326       2232         28          0      13933   ecp_curves.o
      1292         82          0          0          0       8228   entropy.o
        56          0          0          0          0       5837   entropy_hardware_poll.o
      1488        474        250          4          0      13249   flash_manager.o
       676         10       7196          0        240       5925   fs.o
      3664        174       3080          0          0      10565   gcm.o
       236         46          0          0          0      24578   hmac.o
      1308        106        256          4          0       8243   hmac_drbg.o
      2764        238        421         20          0      13093   httpd.o
       212         26          0          0          0        444   los_dispatch_keil.o
     74184       4732       1126        340       4577     334790   lwip2.0.3.o
       504        166          0          8          0      79301   main.o
       164          6          0          0          0       1749   malloc.o
      1152        112         32          0          0      10565   md.o
      2972        320        772          0          0       6389   md5.o
       760         10        391          0          0      12660   md_wrap.o
       256         22          0          0          0       3895   misc.o
       388          4          0          0         36       3526   mqtt_al.o
      6976       1812        609          0         92      18034   mqtt_client.o
       648        230         45          0          0       3496   mqtt_osdep.o
      3380        762        300          4          0      45385   mqtt_port.o
      3548         18         88          0          0      17447   mqttclient.o
       708         18          0          0          0       3426   mqttconnectclient.o
       276          0          0          0          0       2454   mqttdeserializepublish.o
      1020          8          0          4          0       6572   mqttpacket.o
       398          0          0          0          0       2906   mqttserializepublish.o
       368          0          0          0          0       2751   mqttsubscribeclient.o
       258          0          0          0          0       2485   mqttunsubscribeclient.o
       300          6          0          0          0       5041   net_sockets_alt.o
      1252         54       4189          0          0      24523   oid.o
      1828        184          0          0          0      12029   pem.o
      1816        478          0         28       1096       8407   ping.o
       984         50          0          0          0      11946   pk.o
      1176         60        268          0          0      14479   pk_wrap.o
      1216          8          0          0          0       6175   pkcs12.o
      1196        114        720          0          0       5168   pkcs5.o
      4008        408          0          0          0      12714   pkparse.o
        60         18          0         16          0       5120   platform.o
      1878         10          0          8        384      33910   retarget.o
      8164        118        485         32          0       8659   ripemd160.o
      7544        300       1177          0          0      23836   rsa.o
      7208         98        308          0          0       7134   sha1.o
      4640        172        696          0          0       7196   sha256.o
      5452        244       1504          0          0       7676   sha512.o
       292         36       8041          0          0      27380   ssl_ciphersuites.o
      8168        184          0          0          0      74013   ssl_cli.o
     14100        468          0         71          0     103324   ssl_tls.o
        40          8        236          0     107520        732   startup_venus.o
       112          0          0          0          0       2601   timing_alt.o
      1076         42          0          4       1024       8066   tls_sys.o
      1804        286       1154         84          0      20445   web.o
     39272       2260       1298       1852       2636     202359   wm_cmd.o
     33076       2840       2780        136       3828     165000   wm_common.o
     34080       1104         68        196       6040     219382   wm_driver.o
      8456        512        212          4       1024      37638   wm_http_compile.o
       900        192          0          0          0      18950   wm_http_fwup.o
       852        178         10         32       4800      61529   wm_main.o
     34528       1290        243        244       3456     110989   wm_matrixssl_compile.o
       652        102        102         16        232      28161   wm_oneshot_airkiss.o
      3200        500        259         36        780      39536   wm_oneshot_lsd.o
       984         82          4          0          0      24256   wm_osal_liteos.o
     17882       1676        496        208        854     134330   wm_rtos.o
       556         46          0         16          0       2151   wm_socket_fwup.o
      6700        702          0        124       6636      69125   wm_wifi_oneshot.o
      3216        262          0          0          0      18390   x509.o
      9032        990       1246          0          0      28708   x509_crt.o

    ----------------------------------------------------------------------
    457742      29528      77466       5072     155052    2668098   Object Totals
         0          0         32          0          0          0   (incl. Generated)
         4          0         59          5          6          0   (incl. Padding)

    ----------------------------------------------------------------------

      Code (inc. data)   RO Data    RW Data    ZI Data      Debug   Library Member Name

      2496        528        546          0          0        416   airkiss_log.o
        28          0          0          0          0         80   strtod.o
        56          8          0          0          0         84   __0sscanf.o
        86          0          0          0          0          0   __dczerorl2.o
        28          0          0          0          0         68   _chval.o
       812          4          0          0          0        112   _scanf.o
       332          0          0          0          0         96   _scanf_int.o
       342          0          0          0          0        100   _scanf_longlong.o
       224          0          0          0          0         96   _scanf_str.o
        64          0          0          0          0         84   _sgetc.o
       158          0          0          0          0         92   _strtoul.o
        26          0          0          0          0         80   atoi.o
        26          0          0          0          0         80   atol.o
         8          4        133          0          0         68   ctype_o.o
         0          0          0          0          0          0   entry.o
         0          0          0          0          0          0   entry10a.o
         0          0          0          0          0          0   entry11a.o
         8          4          0          0          0          0   entry2.o
         4          0          0          0          0          0   entry5.o
         0          0          0          0          0          0   entry7b.o
         0          0          0          0          0          0   entry8b.o
         8          4          0          0          0          0   entry9a.o
         8          4          0          4          0         68   errno.o
        30          0          0          0          0          0   handlers.o
        36          8          0          0          0         68   init.o
        18          0          0          0          0         76   isspace_o.o
         0          0          0          0          0          0   iusefp.o
        98          0          0          0          0         84   ldiv.o
        30          0          0          0          0         68   llshl.o
        36          0          0          0          0         68   llsshr.o
        32          0          0          0          0         68   llushr.o
        20          0          0          0          0         68   memchr.o
        26          0          0          0          0         80   memcmp.o
        66          0          0          0          0         76   memmove.o
        36          0          0          0          0        108   memseta.o
      2422        104          0          0          0        836   printfa.o
        36         10          0          4          0        136   rand.o
        40          8          0          0          0         84   scanf_char.o
       838         12          0          0          0        216   scanf_fp.o
        56          8          0          0          0         84   sscanf.o
        42          0          0          0          0         84   strcasecmp.o
        24          0          0          0          0         68   strcat.o
        20          0          0          0          0         68   strchr.o
        28          0          0          0          0         76   strcmp.o
        18          0          0          0          0         68   strcpy.o
        14          0          0          0          0         68   strlen.o
        30          0          0          0          0         80   strncmp.o
        24          0          0          0          0         76   strncpy.o
        36          0          0          0          0         80   strstr.o
       156         12          0          0          0        120   strtod.o
       112          0          0          0          0         88   strtol.o
        12          0          0          0          0         68   tolower.o
        12          0          0          0          0         68   toupper.o
        44          0          0          0          0         80   uidiv.o
        98          0          0          0          0         92   uldiv.o
        48          0          0          0          0         68   cdcmple.o
        48          0          0          0          0         68   cdrcmple.o
        56          0          0          0          0         88   d2f.o
       334          0          0          0          0        148   dadd.o
       222          0          0          0          0        100   ddiv.o
       186          0          0          0          0        176   depilogue.o
        62          0          0          0          0         80   dfixi.o
        48          0          0          0          0         68   dfixul.o
        34          0          0          0          0         76   dflti.o
        26          0          0          0          0         76   dfltui.o
        24          0          0          0          0         76   dfltul.o
       228          0          0          0          0         96   dmul.o
        38          0          0          0          0         68   f2d.o
       176          0          0          0          0        140   fadd.o
       124          0          0          0          0         88   fdiv.o
       110          0          0          0          0        168   fepilogue.o
        10          0          0          0          0         68   ffltui.o
      2228         28       4152          0          0       7267   aesMatrix.o
       186          0          0          0          0       2957   aes_unwrap.o
       168          0          0          0          0       1327   aes_wrap.o
      2176         36        144          4          0      85184   ap.o
        54          0          0          0          0      29461   ap_mlme.o
      1224          0          0          0          0      55019   beacon.o
       626          0          0          0          0      30113   bss.o
       268         14          0          0         33       6858   common.o
      3972         24          0          0          0      92175   events.o
       804          4        104          0          0      54105   hostapd.o
      1452         16          0          0          0      56091   hostapd_sta_info.o
       580          0          0          0          0      55321   hostapd_wpa_driver.o
      2574          0          0          0          0      60120   ieee802_11.o
       674          0          0          0          0      28348   ieee802_11_common.o
       148          0          0          0          0      54419   ieee802_1x.o
      5452          0          0          0          0      18819   libtommath.o
      1344         54          0        136          0      70930   litepoint.o
      2396        262          0          0          0       5261   md5.o
       108          0          0          0          0       2709   os_internal.o
       384         14         32         20        148       5874   random.o
       278          0          0          0          0      10500   rc4.o
       492          4          0          0          0      25283   scan.o
       248          0          0          0          0       3210   sha1-pbkdf2.o
       382          0          0          0          0       3514   sha1.o
      4792         42          0          0          0       9839   sha1_internal.o
      1144         36        256          0          0       5725   sha256.o
       240         10          0          0          0      50232   tkip_countermeasures.o
       360         14       2048          8          0       3527   tls_rf_fft.o
      3084        104          0       2492       2048       7260   tls_rf_tx_iq.o
      1768         18          0          4          0      79846   tls_wl_bss.o
      2400         94          0        120       4196     103555   tls_wl_core.o
      3284        166          0        332          0      49774   tls_wl_hw.o
      3048         48         73         24          0      52485   tls_wl_if.o
       830          0          0          0          0      59721   tls_wl_key.o
      3204         18          0          0          0      45155   tls_wl_mgmt.o
      6072         82          0          0          0      84364   tls_wl_mlme.o
       136         18         80          0          0       1723   tls_wl_phy.o
      2840         38          0        796          0      45566   tls_wl_rc.o
      2164        152        184        532          0      13604   tls_wl_rf.o
      5104         72          6          8          0      86597   tls_wl_rx.o
       784          4          0          0          0      33227   tls_wl_scan.o
       572          6          0          0          0      32382   tls_wl_sta_info.o
      4848        116          0         20        216     106477   tls_wl_tx.o
      1188         26          0          0         33      63459   tls_wl_util.o
      4440        154          0        352       1024       9145   tx_lo_cal.o
      4948        104          0         16          0     108338   wm_wifi_api.o
      2152         40          0         28       1160      31196   wm_wifi_oneshot_api.o
      4170        110        176          0          0      44651   wpa.o
      5876        160          0          0          0      79479   wpa_auth.o
       128          0          0          0          0      32519   wpa_auth_glue.o
      1676         12          0          0          0      15431   wpa_auth_ie.o
      1372         86          0          0          0      10959   wpa_common.o
      1150          0          0          0          0      33841   wpa_driver.o
      1012         10          0          0          0      28987   wpa_ie.o
      5708        230          0         80       8704     124972   wpa_supplicant.o
       322          0          0          0          0       4310   wpabuf.o
       308          0          0          0          0      29081   wpas_glue.o

    ----------------------------------------------------------------------
    120342       3144       7938       4980      17576    2258772   Library Totals
        22          0          4          0         14          0   (incl. Padding)

    ----------------------------------------------------------------------

      Code (inc. data)   RO Data    RW Data    ZI Data      Debug   Library Name

      2496        528        546          0          0        416   libairkiss_log.lib
        28          0          0          0          0         80   m_ws.l
      6680        190        133          8          0       4332   mc_w.l
      1774          0          0          0          0       1652   mf_w.l
    109342       2426       7255       4972      17562    2252292   wlan.lib

    ----------------------------------------------------------------------
    120342       3144       7938       4980      17576    2258772   Library Totals

    ----------------------------------------------------------------------

==============================================================================


      Code (inc. data)   RO Data    RW Data    ZI Data      Debug   

    578084      32672      85404      10052     172628    4908694   Grand Totals
    578084      32672      85404       5496     172628    4908694   ELF Image Totals (compressed)
    578084      32672      85404       5496          0          0   ROM Totals

==============================================================================

    Total RO  Size (Code + RO Data)               663488 ( 647.94kB)
    Total RW  Size (RW Data + ZI Data)            182680 ( 178.40kB)
    Total ROM Size (Code + RO Data + RW Data)     668984 ( 653.30kB)

==============================================================================

