Archive member included because of file (symbol)

../../Lib/GNU/wmdriver.a(wm_i2c.o)
                              ../../Platform/Boot/gcc/startup_ARMCM3.o (I2C_IRQHandler)
../../Lib/GNU/wmdriver.a(wm_irq.o)
                              ../../Lib/GNU/wmdriver.a(wm_i2c.o) (tls_irq_enable)
../../Lib/GNU/wmdriver.a(wm_pwm.o)
                              ../../Platform/Boot/gcc/startup_ARMCM3.o (PWM_IRQHandler)
../../Lib/GNU/wmdriver.a(wm_pmu.o)
                              ../../Platform/Boot/gcc/startup_ARMCM3.o (PMU_TIMER1_IRQHandler)
../../Lib/GNU/wmdriver.a(wm_rtc.o)
                              ../../Platform/Boot/gcc/startup_ARMCM3.o (PMU_RTC_IRQHandler)
../../Lib/GNU/wmdriver.a(wm_i2s.o)
                              ../../Platform/Boot/gcc/startup_ARMCM3.o (I2S_IRQHandler)
../../Lib/GNU/wmdriver.a(wm_cpu.o)
                              ../../Lib/GNU/wmdriver.a(wm_i2c.o) (tls_sys_clk_get)
../../Lib/GNU/wmdriver.a(wm_dma.o)
                              ../../Lib/GNU/wmdriver.a(wm_i2s.o) (tls_dma_irq_register)
../../Lib/GNU/wmmain.a(wm_main.o)
                              ../../Platform/Boot/gcc/startup_ARMCM3.o (SystemInit)
../../Lib/GNU/wmmain.a(tls_sys.o)
                              ../../Lib/GNU/wmmain.a(wm_main.o) (TLS_DBGPRT_DUMP)
../../Lib/GNU/wmrtos.a(los_task.o)
                              ../../Lib/GNU/wmmain.a(wm_main.o) (LOS_TaskCreate)
../../Lib/GNU/wmrtos.a(los_priqueue.o)
                              ../../Lib/GNU/wmrtos.a(los_task.o) (osPriqueueInit)
../../Lib/GNU/wmrtos.a(los_memory.o)
                              ../../Lib/GNU/wmrtos.a(los_task.o) (LOS_MemAlloc)
../../Lib/GNU/wmrtos.a(los_heap.o)
                              ../../Lib/GNU/wmrtos.a(los_memory.o) (osHeapInit)
../../Lib/GNU/wmrtos.a(los_slabmem.o)
                              ../../Lib/GNU/wmrtos.a(los_memory.o) (osSlabMemInit)
../../Lib/GNU/wmrtos.a(los_misc.o)
                              ../../Lib/GNU/wmrtos.a(los_task.o) (LOS_Align)
../../Lib/GNU/wmrtos.a(los_hwi.o)
                              ../../Lib/GNU/wmrtos.a(los_task.o) (osIntNumGet)
../../Lib/GNU/wmrtos.a(los_hw.o)
                              ../../Lib/GNU/wmrtos.a(los_task.o) (osSchedule)
../../Lib/GNU/wmrtos.a(wm_osal_liteos.o)
                              ../../Lib/GNU/wmmain.a(wm_main.o) (HZ)
../../Lib/GNU/wmrtos.a(los_dispatch_gcc.o)
                              ../../Lib/GNU/wmrtos.a(los_task.o) (LOS_IntLock)
../../Lib/GNU/wmrtos.a(los_init.o)
                              ../../Lib/GNU/wmrtos.a(los_task.o) (m_aucSysMem0)
../../Lib/GNU/wmrtos.a(los_tick.o)
                              ../../Lib/GNU/wmrtos.a(los_hwi.o) (g_ullTickCount)
../../Lib/GNU/wmrtos.a(los_sys.o)
                              ../../Lib/GNU/wmrtos.a(los_misc.o) (LOS_MS2Tick)
../../Lib/GNU/wmrtos.a(los_swtmr.o)
                              ../../Lib/GNU/wmrtos.a(los_init.o) (osSwTmrInit)
../../Lib/GNU/wmrtos.a(los_queue.o)
                              ../../Lib/GNU/wmrtos.a(los_init.o) (osQueueInit)
../../Lib/GNU/wmrtos.a(los_sem.o)
                              ../../Lib/GNU/wmrtos.a(los_init.o) (osSemInit)
../../Lib/GNU/wmrtos.a(los_mux.o)
                              ../../Lib/GNU/wmrtos.a(los_init.o) (osMuxInit)
../../Lib/GNU/wmrtos.a(los_membox.o)
                              ../../Lib/GNU/wmrtos.a(los_queue.o) (LOS_MemboxAlloc)
../../Lib/GNU/wmrtos.a(los_slab.o)
                              ../../Lib/GNU/wmrtos.a(los_slabmem.o) (osSlabAllocatorNew)
../../Lib/GNU/wmrtos.a(los_err.o)
                              ../../Lib/GNU/wmrtos.a(los_sem.o) (LOS_ErrHandle)
../../Lib/GNU/wmrtos.a(los_hw_tick.o)
                              ../../Lib/GNU/wmrtos.a(los_init.o) (osTickStart)
../../Lib/GNU/wlan.a(wpa_supplicant.o)
                              ../../Lib/GNU/wmmain.a(wm_main.o) (wpa_supplicant_init)
../../Lib/GNU/wlan.a(wpabuf.o)
                              ../../Lib/GNU/wlan.a(wpa_supplicant.o) (wpabuf_free)
../../Lib/GNU/wlan.a(wpas_glue.o)
                              ../../Lib/GNU/wlan.a(wpa_supplicant.o) (wpa_supplicant_init_wpa)
../../Lib/GNU/wlan.a(tls_wl_core.o)
                              ../../Lib/GNU/wmmain.a(wm_main.o) (tls_wl_init)
../../Lib/GNU/wlan.a(tls_wl_hw.o)
                              ../../Lib/GNU/wlan.a(tls_wl_core.o) (tls_wl_hw_enable_mac_int)
../../Lib/GNU/wlan.a(tls_wl_if.o)
                              ../../Lib/GNU/wlan.a(wpa_supplicant.o) (tls_wl_if_sta_flush)
../../Lib/GNU/wlan.a(tls_wl_key.o)
                              ../../Lib/GNU/wlan.a(tls_wl_if.o) (ieee80211_add_key)
../../Lib/GNU/wlan.a(tls_wl_mgmt.o)
                              ../../Lib/GNU/wlan.a(tls_wl_if.o) (ieee80211_bss_get_ie)
../../Lib/GNU/wlan.a(tls_wl_mlme.o)
                              ../../Lib/GNU/wlan.a(tls_wl_if.o) (ieee80211_set_disassoc)
../../Lib/GNU/wlan.a(tls_wl_phy.o)
                              ../../Lib/GNU/wlan.a(tls_wl_hw.o) (tls_wl_bbp_init)
[...]
Memory Configuration

Name             Origin             Length             Attributes
FLASH            0x08010100         0x0007fc00         xr
RAM              0x20000000         0x00038000         xrw
*default*        0x00000000         0xffffffff

Linker script and memory map

LOAD ../../Platform/Boot/gcc/retarget_gcc.o
LOAD ../../Platform/Boot/gcc/misc.o
LOAD ../../App/main.o
LOAD ../../Platform/Boot/gcc/startup_ARMCM3.o
START GROUP
LOAD ../../Lib/GNU/oneshot.a
LOAD ../../Lib/GNU/wmcJSON.a
LOAD ../../Lib/GNU/wmcmd.a
LOAD ../../Lib/GNU/wmcommon.a
LOAD ../../Lib/GNU/wmdemo.a
LOAD ../../Lib/GNU/wmdhcpserver.a
LOAD ../../Lib/GNU/wmdnsserver.a
LOAD ../../Lib/GNU/wmdriver.a
LOAD ../../Lib/GNU/wmhttpclient.a
LOAD ../../Lib/GNU/wmiperf.a
LOAD ../../Lib/GNU/wmlwip.a
LOAD ../../Lib/GNU/wmmain.a
LOAD ../../Lib/GNU/wmota.a
LOAD ../../Lib/GNU/wmntp.a
LOAD ../../Lib/GNU/wmping.a
LOAD ../../Lib/GNU/wmrtos.a
LOAD ../../Lib/GNU/wmssl.a
LOAD ../../Lib/GNU/wmweb.a
LOAD ../../Lib/GNU/wmwebsocket.a
LOAD ../../Lib/GNU/wmsslserver.a
LOAD ../../Lib/GNU/libairkiss_log.a
LOAD ../../Lib/GNU/wlan.a
END GROUP
START GROUP
LOAD c:/program files (x86)/gnu tools arm embedded/4.9 2015q2/bin/../lib/gcc/arm-none-eabi/4.9.3/armv7-m\libgcc.a
LOAD c:/program files (x86)/gnu tools arm embedded/4.9 2015q2/bin/../lib/gcc/arm-none-eabi/4.9.3/../../../../arm-none-eabi/lib/armv7-m\libc.a
END GROUP

.text           0x08010100    0x6bb00
 *(.isr_vector)
 .isr_vector    0x08010100       0xe8 ../../Platform/Boot/gcc/startup_ARMCM3.o
                0x08010100                __isr_vector
 *(.text*)
 .text.tls_reg_write32
                0x080101e8       0x1c ../../Platform/Boot/gcc/retarget_gcc.o
 .text.tls_reg_read32
                0x08010204       0x1c ../../Platform/Boot/gcc/retarget_gcc.o
 .text.sendchar
                0x08010220       0x6c ../../Platform/Boot/gcc/retarget_gcc.o
                0x08010220                sendchar
 .text.Int2Str  0x0801028c      0x1d0 ../../Platform/Boot/gcc/retarget_gcc.o
                0x0801028c                Int2Str
 .text.IP2Str   0x0801045c      0x1e4 ../../Platform/Boot/gcc/retarget_gcc.o
 .text.Mac2Str  0x08010640       0xd4 ../../Platform/Boot/gcc/retarget_gcc.o
 .text.wm_vprintf
                0x08010714      0x5fc ../../Platform/Boot/gcc/retarget_gcc.o
                0x08010714                wm_vprintf
 .text.wm_printf
                0x08010d10       0x28 ../../Platform/Boot/gcc/retarget_gcc.o
                0x08010d10                wm_printf
 .text._write_r
                0x08010d38       0x40 ../../Platform/Boot/gcc/retarget_gcc.o
                0x08010d38                _write_r
 .text._read_r  0x08010d78       0x1c ../../Platform/Boot/gcc/retarget_gcc.o
                0x08010d78                _read_r
 .text._close_r
                0x08010d94       0x18 ../../Platform/Boot/gcc/retarget_gcc.o
                0x08010d94                _close_r
 .text._lseek_r
                0x08010dac       0x1c ../../Platform/Boot/gcc/retarget_gcc.o
                0x08010dac                _lseek_r
 .text._fstat_r
                0x08010dc8       0x1c ../../Platform/Boot/gcc/retarget_gcc.o
                0x08010dc8                _fstat_r
 .text._isatty  0x08010de4       0x18 ../../Platform/Boot/gcc/retarget_gcc.o
                0x08010de4                _isatty
 .text._sbrk_r  0x08010dfc       0x48 ../../Platform/Boot/gcc/retarget_gcc.o
                0x08010dfc                _sbrk_r
 .text.NVIC_PriorityGroupConfig
                0x08010e44       0x24 ../../Platform/Boot/gcc/misc.o
                0x08010e44                NVIC_PriorityGroupConfig
 .text.NVIC_Init
                0x08010e68       0xc4 ../../Platform/Boot/gcc/misc.o
                0x08010e68                NVIC_Init
 .text.NVIC_Configration
                0x08010f2c       0x30 ../../Platform/Boot/gcc/misc.o
                0x08010f2c                NVIC_Configration
 .text.NVIC_SystemLPConfig
                0x08010f5c       0x40 ../../Platform/Boot/gcc/misc.o
                0x08010f5c                NVIC_SystemLPConfig
 .text.UserMain
                0x08010f9c       0x10 ../../App/main.o
                0x08010f9c                UserMain
 .text          0x08010fac       0x4c ../../Platform/Boot/gcc/startup_ARMCM3.o
                0x08010fac                Reset_Handler
                0x08010ff4                NMI_Handler
                0x08010ff4                UsageFault_Handler
                0x08010ff4                DMA_BRUST_IRQHandler
                0x08010ff4                HardFault_Handler
                0x08010ff4                DebugMon_Handler
                0x08010ff4                Default_Handler
                0x08010ff4                OS_CPU_SysTickHandler
                0x08010ff4                MemManage_Handler
                0x08010ff4                SVC_Handler
                0x08010ff4                SDIO_RX_CMD_IRQHandler
                0x08010ff4                PMU_IRQHandler
                0x08010ff4                FLASH_IRQHandler
                0x08010ff4                BusFault_Handler
 .text.I2C_IRQHandler
                0x08010ff8      0x1bc ../../Lib/GNU/wmdriver.a(wm_i2c.o)
                0x08010ff8                I2C_IRQHandler
 .text.tls_irq_enable
                0x080111b4       0x44 ../../Lib/GNU/wmdriver.a(wm_irq.o)
                0x080111b4                tls_irq_enable
 .text.tls_irq_disable
                0x080111f8       0x1c ../../Lib/GNU/wmdriver.a(wm_irq.o)
                0x080111f8                tls_irq_disable
 .text.PWM_IRQHandler
                0x08011214       0x18 ../../Lib/GNU/wmdriver.a(wm_pwm.o)
                0x08011214                PWM_IRQHandler
 .text.tls_reg_write32
                0x0801122c       0x1c ../../Lib/GNU/wmdriver.a(wm_pmu.o)
 .text.tls_reg_read32
                0x08011248       0x1c ../../Lib/GNU/wmdriver.a(wm_pmu.o)
 .text.PMU_TIMER1_IRQHandler
                0x08011264       0x48 ../../Lib/GNU/wmdriver.a(wm_pmu.o)
                0x08011264                PMU_TIMER1_IRQHandler
 .text.PMU_TIMER0_IRQHandler
                0x080112ac       0x60 ../../Lib/GNU/wmdriver.a(wm_pmu.o)
                0x080112ac                PMU_TIMER0_IRQHandler
 .text.PMU_GPIO_WAKE_IRQHandler
                0x0801130c       0x48 ../../Lib/GNU/wmdriver.a(wm_pmu.o)
                0x0801130c                PMU_GPIO_WAKE_IRQHandler
 .text.PMU_SDIO_WAKE_IRQHandler
                0x08011354       0x48 ../../Lib/GNU/wmdriver.a(wm_pmu.o)
                0x08011354                PMU_SDIO_WAKE_IRQHandler
 .text.tls_pmu_clk_select
                0x0801139c       0x44 ../../Lib/GNU/wmdriver.a(wm_pmu.o)
                0x0801139c                tls_pmu_clk_select
 .text.tls_reg_write32
                0x080113e0       0x1c ../../Lib/GNU/wmdriver.a(wm_rtc.o)
 .text.tls_reg_read32
                0x080113fc       0x1c ../../Lib/GNU/wmdriver.a(wm_rtc.o)
 .text.PMU_RTC_IRQHandler
                0x08011418       0x3c ../../Lib/GNU/wmdriver.a(wm_rtc.o)
                0x08011418                PMU_RTC_IRQHandler
 .text.tls_reg_write32
                0x08011454       0x1c ../../Lib/GNU/wmdriver.a(wm_i2s.o)
 .text.tls_bitband_read
                0x08011470       0x38 ../../Lib/GNU/wmdriver.a(wm_i2s.o)
 .text.tls_i2s_int_config
                0x080114a8       0x3c ../../Lib/GNU/wmdriver.a(wm_i2s.o)
 .text.I2S_IRQHandler
                0x080114e4      0x200 ../../Lib/GNU/wmdriver.a(wm_i2s.o)
                0x080114e4                I2S_IRQHandler
 .text.tls_i2s_fill_txfifo
                0x080116e4       0xbc ../../Lib/GNU/wmdriver.a(wm_i2s.o)
 .text.tls_reg_write32
                0x080117a0       0x1c ../../Lib/GNU/wmdriver.a(wm_cpu.o)
 .text.tls_reg_read32
                0x080117bc       0x1c ../../Lib/GNU/wmdriver.a(wm_cpu.o)
 .text.tls_sys_clk_set
                0x080117d8       0x74 ../../Lib/GNU/wmdriver.a(wm_cpu.o)
                0x080117d8                tls_sys_clk_set
 .text.tls_sys_clk_get
                0x0801184c       0x50 ../../Lib/GNU/wmdriver.a(wm_cpu.o)
                0x0801184c                tls_sys_clk_get
 .text.tls_reg_write32
                0x0801189c       0x1c ../../Lib/GNU/wmdriver.a(wm_dma.o)
 .text.tls_reg_read32
                0x080118b8       0x1c ../../Lib/GNU/wmdriver.a(wm_dma.o)
 .text.dma_irq_proc
                0x080118d4      0x1ac ../../Lib/GNU/wmdriver.a(wm_dma.o)
 .text.DMA_Channel0_IRQHandler
                0x08011a80        0xc ../../Lib/GNU/wmdriver.a(wm_dma.o)
                0x08011a80                DMA_Channel0_IRQHandler
 .text.DMA_Channel1_IRQHandler
                0x08011a8c        0xc ../../Lib/GNU/wmdriver.a(wm_dma.o)
                0x08011a8c                DMA_Channel1_IRQHandler
 .text.DMA_Channel2_IRQHandler
                0x08011a98        0xc ../../Lib/GNU/wmdriver.a(wm_dma.o)
                0x08011a98                DMA_Channel2_IRQHandler
 .text.DMA_Channel3_IRQHandler
                0x08011aa4        0xc ../../Lib/GNU/wmdriver.a(wm_dma.o)
                0x08011aa4                DMA_Channel3_IRQHandler
 .text.DMA_Channel4_7_IRQHandler
                0x08011ab0        0xc ../../Lib/GNU/wmdriver.a(wm_dma.o)
                0x08011ab0                DMA_Channel4_7_IRQHandler
 .text.tls_dma_irq_clr
                0x08011abc       0x3c ../../Lib/GNU/wmdriver.a(wm_dma.o)
                0x08011abc                tls_dma_irq_clr
 .text.tls_dma_irq_register
                0x08011af8       0xe4 ../../Lib/GNU/wmdriver.a(wm_dma.o)
                0x08011af8                tls_dma_irq_register
 .text.tls_dma_wait_complt
                0x08011bdc       0x50 ../../Lib/GNU/wmdriver.a(wm_dma.o)
                0x08011bdc                tls_dma_wait_complt
 .text.tls_dma_start
                0x08011c2c       0xc0 ../../Lib/GNU/wmdriver.a(wm_dma.o)
                0x08011c2c                tls_dma_start
 .text.tls_dma_stop
                0x08011cec       0x8c ../../Lib/GNU/wmdriver.a(wm_dma.o)
                0x08011cec                tls_dma_stop
 .text.tls_dma_request
                0x08011d78       0xbc ../../Lib/GNU/wmdriver.a(wm_dma.o)
                0x08011d78                tls_dma_request
 .text.tls_dma_free
                0x08011e34       0xa4 ../../Lib/GNU/wmdriver.a(wm_dma.o)
                0x08011e34                tls_dma_free
 .text.tls_dma_init
                0x08011ed8       0x24 ../../Lib/GNU/wmdriver.a(wm_dma.o)
                0x08011ed8                tls_dma_init
 .text.tls_os_timer_init
                0x08011efc       0x9c ../../Lib/GNU/wmmain.a(wm_main.o)
                0x08011efc                tls_os_timer_init
 .text.SystemInit
                0x08011f98        0xc ../../Lib/GNU/wmmain.a(wm_main.o)
                0x08011f98                SystemInit
 .text.wm_gpio_config
                0x08011fa4       0x3c ../../Lib/GNU/wmmain.a(wm_main.o)
                0x08011fa4                wm_gpio_config
 .text.main     0x08011fe0       0x64 ../../Lib/GNU/wmmain.a(wm_main.o)
                0x08011fe0                main
 .text.task_start
                0x08012044      0x218 ../../Lib/GNU/wmmain.a(wm_main.o)
                0x08012044                task_start
 .text.TLS_DBGPRT_DUMP
                0x0801225c       0x94 ../../Lib/GNU/wmmain.a(tls_sys.o)
                0x0801225c                TLS_DBGPRT_DUMP
 .text.sys_net_up
                0x080122f0       0xdc ../../Lib/GNU/wmmain.a(tls_sys.o)
 .text.sys_net2_up
                0x080123cc       0x9c ../../Lib/GNU/wmmain.a(tls_sys.o)
 .text.sys_net2_down
                0x08012468       0x14 ../../Lib/GNU/wmmain.a(tls_sys.o)
 .text.sys_net_down
                0x0801247c       0x34 ../../Lib/GNU/wmmain.a(tls_sys.o)
 .text.tls_auto_reconnect_softap
                0x080124b0      0x138 ../../Lib/GNU/wmmain.a(tls_sys.o)
 .text.tls_auto_reconnect
                0x080125e8       0xd4 ../../Lib/GNU/wmmain.a(tls_sys.o)
                0x080125e8                tls_auto_reconnect
 .text.tls_sys_task
                0x080126bc       0xb8 ../../Lib/GNU/wmmain.a(tls_sys.o)
                0x080126bc                tls_sys_task
 .text.tls_sys_send_msg
                0x08012774       0x48 ../../Lib/GNU/wmmain.a(tls_sys.o)
                0x08012774                tls_sys_send_msg
 .text.tls_sys_auto_mode_run
                0x080127bc       0x10 ../../Lib/GNU/wmmain.a(tls_sys.o)
                0x080127bc                tls_sys_auto_mode_run
 .text.tls_sys_net_up
                0x080127cc       0x10 ../../Lib/GNU/wmmain.a(tls_sys.o)
 .text.tls_sys_net2_up
                0x080127dc       0x10 ../../Lib/GNU/wmmain.a(tls_sys.o)
 .text.tls_sys_net2_down
                0x080127ec       0x10 ../../Lib/GNU/wmmain.a(tls_sys.o)
 .text.tls_sys_net2_fail
                0x080127fc       0x10 ../../Lib/GNU/wmmain.a(tls_sys.o)
 .text.tls_sys_net_down
                0x0801280c       0x10 ../../Lib/GNU/wmmain.a(tls_sys.o)
 .text.tls_sys_connect_failed
                0x0801281c       0x10 ../../Lib/GNU/wmmain.a(tls_sys.o)
 .text.sys_net_status_changed
                0x0801282c      0x1f0 ../../Lib/GNU/wmmain.a(tls_sys.o)
 .text.tls_sys_init
                0x08012a1c       0x60 ../../Lib/GNU/wmmain.a(tls_sys.o)
                0x08012a1c                tls_sys_init
 .text.LOS_ListInit
                0x08012a7c       0x20 ../../Lib/GNU/wmrtos.a(los_task.o)
 .text.LOS_ListAdd
                0x08012a9c       0x30 ../../Lib/GNU/wmrtos.a(los_task.o)
 .text.LOS_ListTailInsert
                0x08012acc       0x1c ../../Lib/GNU/wmrtos.a(los_task.o)
 .text.LOS_ListDelete
                0x08012ae8       0x34 ../../Lib/GNU/wmrtos.a(los_task.o)
 .text.LOS_ListEmpty
                0x08012b1c       0x24 ../../Lib/GNU/wmrtos.a(los_task.o)
 .text.osIdleTask
                0x08012b40        0x8 ../../Lib/GNU/wmrtos.a(los_task.o)
                0x08012b40                osIdleTask
 .text.osTaskAdd2TimerList
                0x08012b48      0x110 ../../Lib/GNU/wmrtos.a(los_task.o)
                0x08012b48                osTaskAdd2TimerList
 .text.osTimerListDelete
                0x08012c58       0x64 ../../Lib/GNU/wmrtos.a(los_task.o)
                0x08012c58                osTimerListDelete
 .text.osTaskInit
                0x08012cbc      0x15c ../../Lib/GNU/wmrtos.a(los_task.o)
                0x08012cbc                osTaskInit
 .text.osIdleTaskCreate
                0x08012e18       0x50 ../../Lib/GNU/wmrtos.a(los_task.o)
                0x08012e18                osIdleTaskCreate
 .text.osTaskSwitchCheck
                0x08012e68      0x130 ../../Lib/GNU/wmrtos.a(los_task.o)
                0x08012e68                osTaskSwitchCheck
 .text.osTaskMonInit
                0x08012f98       0x38 ../../Lib/GNU/wmrtos.a(los_task.o)
                0x08012f98                osTaskMonInit
 .text.osTaskEntry
                0x08012fd0       0x44 ../../Lib/GNU/wmrtos.a(los_task.o)
                0x08012fd0                osTaskEntry
 .text.LOS_TaskCreateOnly
                0x08013014      0x20c ../../Lib/GNU/wmrtos.a(los_task.o)
                0x08013014                LOS_TaskCreateOnly
 .text.LOS_TaskCreate
                0x08013220       0xc8 ../../Lib/GNU/wmrtos.a(los_task.o)
                0x08013220                LOS_TaskCreate
 .text.LOS_TaskDelete
                0x080132e8      0x200 ../../Lib/GNU/wmrtos.a(los_task.o)
                0x080132e8                LOS_TaskDelete
 .text.LOS_TaskDelay
                0x080134e8       0x98 ../../Lib/GNU/wmrtos.a(los_task.o)
                0x080134e8                LOS_TaskDelay
 .text.osTaskWait
                0x08013580       0x70 ../../Lib/GNU/wmrtos.a(los_task.o)
                0x08013580                osTaskWait
 .text.osTaskWake
                0x080135f0       0x7c ../../Lib/GNU/wmrtos.a(los_task.o)
                0x080135f0                osTaskWake
 .text.LOS_TaskYield
                0x0801366c       0xac ../../Lib/GNU/wmrtos.a(los_task.o)
                0x0801366c                LOS_TaskYield
 .text.LOS_ListInit
                0x08013718       0x20 ../../Lib/GNU/wmrtos.a(los_priqueue.o)
 .text.LOS_ListAdd
                0x08013738       0x30 ../../Lib/GNU/wmrtos.a(los_priqueue.o)
 .text.LOS_ListTailInsert
                0x08013768       0x1c ../../Lib/GNU/wmrtos.a(los_priqueue.o)
 .text.LOS_ListDelete
                0x08013784       0x34 ../../Lib/GNU/wmrtos.a(los_priqueue.o)
 .text.LOS_ListEmpty
                0x080137b8       0x24 ../../Lib/GNU/wmrtos.a(los_priqueue.o)
 .text.osPriqueueInit
                0x080137dc       0x60 ../../Lib/GNU/wmrtos.a(los_priqueue.o)
                0x080137dc                osPriqueueInit
 .text.osPriqueueEnqueue
                0x0801383c       0x54 ../../Lib/GNU/wmrtos.a(los_priqueue.o)
                0x0801383c                osPriqueueEnqueue
 .text.osPriqueueDequeue
                0x08013890       0x54 ../../Lib/GNU/wmrtos.a(los_priqueue.o)
                0x08013890                osPriqueueDequeue
 .text.osPriqueueTop
                0x080138e4       0x40 ../../Lib/GNU/wmrtos.a(los_priqueue.o)
                0x080138e4                osPriqueueTop
 .text.osPriqueueSize
                0x08013924       0x50 ../../Lib/GNU/wmrtos.a(los_priqueue.o)
                0x08013924                osPriqueueSize
 .text.osSlabCtrlHdrGet
                0x08013974       0x18 ../../Lib/GNU/wmrtos.a(los_memory.o)
                0x08013974                osSlabCtrlHdrGet
 .text.LOS_MemInit
                0x0801398c      0x120 ../../Lib/GNU/wmrtos.a(los_memory.o)
                0x0801398c                LOS_MemInit
 .text.osMemSystemInit
                0x08013aac       0x24 ../../Lib/GNU/wmrtos.a(los_memory.o)
                0x08013aac                osMemSystemInit
 .text.LOS_MemAlloc
                0x08013ad0       0x44 ../../Lib/GNU/wmrtos.a(los_memory.o)
                0x08013ad0                LOS_MemAlloc
 .text.LOS_MemAllocAlign
                0x08013b14       0x20 ../../Lib/GNU/wmrtos.a(los_memory.o)
                0x08013b14                LOS_MemAllocAlign
 .text.LOS_MemFree
                0x08013b34       0x4c ../../Lib/GNU/wmrtos.a(los_memory.o)
                0x08013b34                LOS_MemFree
 .text.osHeapPrvGetNext
                0x08013b80       0x34 ../../Lib/GNU/wmrtos.a(los_heap.o)
                0x08013b80                osHeapPrvGetNext
 .text.osHeapInit
                0x08013bb4       0x70 ../../Lib/GNU/wmrtos.a(los_heap.o)
                0x08013bb4                osHeapInit
 .text.osHeapAlloc
                0x08013c24      0x1a4 ../../Lib/GNU/wmrtos.a(los_heap.o)
                0x08013c24                osHeapAlloc
 .text.osHeapAllocAlign
                0x08013dc8       0x90 ../../Lib/GNU/wmrtos.a(los_heap.o)
                0x08013dc8                osHeapAllocAlign
 .text.osHeapFree
                0x08013e58      0x1b0 ../../Lib/GNU/wmrtos.a(los_heap.o)
                0x08013e58                osHeapFree
 .text.osAlarmHeapInfo
                0x08014008       0x78 ../../Lib/GNU/wmrtos.a(los_heap.o)
                0x08014008                osAlarmHeapInfo
 .text.osHeapStatisticsGet
                0x08014080       0xb0 ../../Lib/GNU/wmrtos.a(los_heap.o)
                0x08014080                osHeapStatisticsGet
 .text.osSlabBlockHeadFill
                0x08014130       0x30 ../../Lib/GNU/wmrtos.a(los_slabmem.o)
                0x08014130                osSlabBlockHeadFill
 .text.osSlabMemInit
                0x08014160       0xd0 ../../Lib/GNU/wmrtos.a(los_slabmem.o)
                0x08014160                osSlabMemInit
 .text.osSlabMemAlloc
                0x08014230       0xec ../../Lib/GNU/wmrtos.a(los_slabmem.o)
                0x08014230                osSlabMemAlloc
 .text.osSlabMemFree
                0x0801431c       0xac ../../Lib/GNU/wmrtos.a(los_slabmem.o)
                0x0801431c                osSlabMemFree
 .text.LOS_Align
                0x080143c8       0x3c ../../Lib/GNU/wmrtos.a(los_misc.o)
                0x080143c8                LOS_Align
 .text.osIntNumGet
                0x08014404       0x1c ../../Lib/GNU/wmrtos.a(los_hwi.o)
                0x08014404                osIntNumGet
 .text.osSchedule
                0x08014420        0xc ../../Lib/GNU/wmrtos.a(los_hw.o)
                0x08014420                osSchedule
 .text.LOS_Schedule
                0x0801442c       0x4c ../../Lib/GNU/wmrtos.a(los_hw.o)
                0x0801442c                LOS_Schedule
 .text.osTaskExit
                0x08014478        0x8 ../../Lib/GNU/wmrtos.a(los_hw.o)
                0x08014478                osTaskExit
 .text.osTskStackInit
                0x08014480       0xbc ../../Lib/GNU/wmrtos.a(los_hw.o)
                0x08014480                osTskStackInit
 .text.tls_os_task_create
                0x0801453c       0xbc ../../Lib/GNU/wmrtos.a(wm_osal_liteos.o)
                0x0801453c                tls_os_task_create
 .text.tls_os_sem_create
                0x080145f8       0x58 ../../Lib/GNU/wmrtos.a(wm_osal_liteos.o)
                0x080145f8                tls_os_sem_create
 .text.tls_os_sem_delete
                0x08014650       0x30 ../../Lib/GNU/wmrtos.a(wm_osal_liteos.o)
                0x08014650                tls_os_sem_delete
 .text.tls_os_sem_acquire
                0x08014680       0x48 ../../Lib/GNU/wmrtos.a(wm_osal_liteos.o)
                0x08014680                tls_os_sem_acquire
 .text.tls_os_sem_release
                0x080146c8       0x30 ../../Lib/GNU/wmrtos.a(wm_osal_liteos.o)
                0x080146c8                tls_os_sem_release
 .text.tls_os_queue_create
                0x080146f8       0x5c ../../Lib/GNU/wmrtos.a(wm_osal_liteos.o)
                0x080146f8                tls_os_queue_create
 .text.tls_os_queue_delete
                0x08014754       0x30 ../../Lib/GNU/wmrtos.a(wm_osal_liteos.o)
                0x08014754                tls_os_queue_delete
 .text.tls_os_queue_send
                0x08014784       0x40 ../../Lib/GNU/wmrtos.a(wm_osal_liteos.o)
                0x08014784                tls_os_queue_send
 .text.tls_os_queue_receive
                0x080147c4       0x40 ../../Lib/GNU/wmrtos.a(wm_osal_liteos.o)
                0x080147c4                tls_os_queue_receive
 .text.tls_os_queue_flush
                0x08014804       0x18 ../../Lib/GNU/wmrtos.a(wm_osal_liteos.o)
                0x08014804                tls_os_queue_flush
 .text.tls_os_get_time
                0x0801481c       0x1c ../../Lib/GNU/wmrtos.a(wm_osal_liteos.o)
                0x0801481c                tls_os_get_time
 .text.tls_os_set_critical
                0x08014838       0x10 ../../Lib/GNU/wmrtos.a(wm_osal_liteos.o)
                0x08014838                tls_os_set_critical
 .text.tls_os_release_critical
                0x08014848       0x18 ../../Lib/GNU/wmrtos.a(wm_osal_liteos.o)
                0x08014848                tls_os_release_critical
 .text.tls_os_timer_create
                0x08014860       0x50 ../../Lib/GNU/wmrtos.a(wm_osal_liteos.o)
                0x08014860                tls_os_timer_create
 .text.tls_os_timer_start
                0x080148b0       0x18 ../../Lib/GNU/wmrtos.a(wm_osal_liteos.o)
                0x080148b0                tls_os_timer_start
 .text.tls_os_timer_change
                0x080148c8       0x14 ../../Lib/GNU/wmrtos.a(wm_osal_liteos.o)
                0x080148c8                tls_os_timer_change
 .text.tls_os_timer_stop
                0x080148dc       0x18 ../../Lib/GNU/wmrtos.a(wm_osal_liteos.o)
                0x080148dc                tls_os_timer_stop
 .text.tls_os_time_delay
                0x080148f4       0x14 ../../Lib/GNU/wmrtos.a(wm_osal_liteos.o)
                0x080148f4                tls_os_time_delay
 .text.tls_os_init
                0x08014908       0x14 ../../Lib/GNU/wmrtos.a(wm_osal_liteos.o)
                0x08014908                tls_os_init
 .text.tls_os_start_scheduler
                0x0801491c        0xc ../../Lib/GNU/wmrtos.a(wm_osal_liteos.o)
                0x0801491c                tls_os_start_scheduler
 .text.tls_os_get_type
                0x08014928       0x10 ../../Lib/GNU/wmrtos.a(wm_osal_liteos.o)
                0x08014928                tls_os_get_type
 .text          0x08014938       0xd0 ../../Lib/GNU/wmrtos.a(los_dispatch_gcc.o)
                0x08014938                LOS_StartToRun
                0x08014980                LOS_IntLock
                0x08014988                LOS_IntUnLock
                0x08014990                LOS_IntRestore
                0x08014996                osTaskSchedule
                0x0801499e                PendSV_Handler
 .text.osRegister
                0x08014a08       0x18 ../../Lib/GNU/wmrtos.a(los_init.o)
 .text.LOS_Start
                0x08014a20       0x38 ../../Lib/GNU/wmrtos.a(los_init.o)
                0x08014a20                LOS_Start
 .text.LOS_KernelInit
                0x08014a58       0xdc ../../Lib/GNU/wmrtos.a(los_init.o)
                0x08014a58                LOS_KernelInit
 .text.LOS_TickCountGet
                0x08014b34       0x1c ../../Lib/GNU/wmrtos.a(los_sys.o)
                0x08014b34                LOS_TickCountGet
 .text.osSwTmrTask
                0x08014b50       0xdc ../../Lib/GNU/wmrtos.a(los_swtmr.o)
                0x08014b50                osSwTmrTask
 .text.osSwTmrTaskCreate
                0x08014c2c       0x48 ../../Lib/GNU/wmrtos.a(los_swtmr.o)
                0x08014c2c                osSwTmrTaskCreate
 .text.osSwTmrInit
                0x08014c74       0xdc ../../Lib/GNU/wmrtos.a(los_swtmr.o)
                0x08014c74                osSwTmrInit
 .text.osSwTmrStart
                0x08014d50      0x2ac ../../Lib/GNU/wmrtos.a(los_swtmr.o)
                0x08014d50                osSwTmrStart
 .text.osSwtmrStop
                0x08014ffc       0xa4 ../../Lib/GNU/wmrtos.a(los_swtmr.o)
                0x08014ffc                osSwtmrStop
 .text.LOS_SwtmrCreate
                0x080150a0      0x104 ../../Lib/GNU/wmrtos.a(los_swtmr.o)
                0x080150a0                LOS_SwtmrCreate
 .text.LOS_SwtmrStart
                0x080151a4      0x144 ../../Lib/GNU/wmrtos.a(los_swtmr.o)
                0x080151a4                LOS_SwtmrStart
 .text.LOS_SwtmrStop
                0x080152e8       0xa0 ../../Lib/GNU/wmrtos.a(los_swtmr.o)
                0x080152e8                LOS_SwtmrStop
 .text.LOS_ListInit
                0x08015388       0x20 ../../Lib/GNU/wmrtos.a(los_queue.o)
 .text.LOS_ListAdd
                0x080153a8       0x30 ../../Lib/GNU/wmrtos.a(los_queue.o)
 .text.LOS_ListTailInsert
                0x080153d8       0x1c ../../Lib/GNU/wmrtos.a(los_queue.o)
 .text.LOS_ListDelete
                0x080153f4       0x34 ../../Lib/GNU/wmrtos.a(los_queue.o)
 .text.LOS_ListEmpty
                0x08015428       0x24 ../../Lib/GNU/wmrtos.a(los_queue.o)
 .text.osQueueInit
                0x0801544c       0x8c ../../Lib/GNU/wmrtos.a(los_queue.o)
                0x0801544c                osQueueInit
 .text.LOS_QueueCreate
                0x080154d8      0x11c ../../Lib/GNU/wmrtos.a(los_queue.o)
                0x080154d8                LOS_QueueCreate
 .text.osQueueReadParameterCheck
                0x080155f4       0x64 ../../Lib/GNU/wmrtos.a(los_queue.o)
 .text.osQueueWriteParameterCheck
                0x08015658       0x5c ../../Lib/GNU/wmrtos.a(los_queue.o)
 .text.osQueueBufferOperate
                0x080156b4      0x158 ../../Lib/GNU/wmrtos.a(los_queue.o)
 .text.osQueueOperate
                0x0801580c      0x1d0 ../../Lib/GNU/wmrtos.a(los_queue.o)
                0x0801580c                osQueueOperate
 .text.LOS_QueueReadCopy
                0x080159dc       0x44 ../../Lib/GNU/wmrtos.a(los_queue.o)
                0x080159dc                LOS_QueueReadCopy
 .text.LOS_QueueWriteCopy
                0x08015a20       0x48 ../../Lib/GNU/wmrtos.a(los_queue.o)
                0x08015a20                LOS_QueueWriteCopy
 .text.LOS_QueueDelete
                0x08015a68       0xf8 ../../Lib/GNU/wmrtos.a(los_queue.o)
                0x08015a68                LOS_QueueDelete
 .text.LOS_ListInit
                0x08015b60       0x20 ../../Lib/GNU/wmrtos.a(los_sem.o)
 .text.LOS_ListAdd
                0x08015b80       0x30 ../../Lib/GNU/wmrtos.a(los_sem.o)
 .text.LOS_ListTailInsert
                0x08015bb0       0x1c ../../Lib/GNU/wmrtos.a(los_sem.o)
 .text.LOS_ListDelete
                0x08015bcc       0x34 ../../Lib/GNU/wmrtos.a(los_sem.o)
 .text.LOS_ListEmpty
                0x08015c00       0x24 ../../Lib/GNU/wmrtos.a(los_sem.o)
 .text.osSemInit
                0x08015c24       0x7c ../../Lib/GNU/wmrtos.a(los_sem.o)
                0x08015c24                osSemInit
 .text.osSemCreate
                0x08015ca0       0xc4 ../../Lib/GNU/wmrtos.a(los_sem.o)
                0x08015ca0                osSemCreate
 .text.LOS_SemCreate
                0x08015d64       0x24 ../../Lib/GNU/wmrtos.a(los_sem.o)
                0x08015d64                LOS_SemCreate
 .text.LOS_SemDelete
                0x08015d88       0xb0 ../../Lib/GNU/wmrtos.a(los_sem.o)
                0x08015d88                LOS_SemDelete
 .text.LOS_SemPend
                0x08015e38      0x15c ../../Lib/GNU/wmrtos.a(los_sem.o)
                0x08015e38                LOS_SemPend
 .text.LOS_SemPost
                0x08015f94       0xd0 ../../Lib/GNU/wmrtos.a(los_sem.o)
                0x08015f94                LOS_SemPost
 .text.LOS_ListInit
                0x08016064       0x20 ../../Lib/GNU/wmrtos.a(los_mux.o)
 .text.LOS_ListAdd
                0x08016084       0x30 ../../Lib/GNU/wmrtos.a(los_mux.o)
 .text.LOS_ListTailInsert
                0x080160b4       0x1c ../../Lib/GNU/wmrtos.a(los_mux.o)
 .text.osMuxInit
                0x080160d0       0x84 ../../Lib/GNU/wmrtos.a(los_mux.o)
                0x080160d0                osMuxInit
 .text.osAtomicBitsetInit
                0x08016154       0x50 ../../Lib/GNU/wmrtos.a(los_slab.o)
                0x08016154                osAtomicBitsetInit
 .text.osAtomicBitsetGetNumBits
                0x080161a4       0x18 ../../Lib/GNU/wmrtos.a(los_slab.o)
                0x080161a4                osAtomicBitsetGetNumBits
 .text.osAtomicBitsetGetBit
                0x080161bc       0x48 ../../Lib/GNU/wmrtos.a(los_slab.o)
                0x080161bc                osAtomicBitsetGetBit
 .text.osAtomicBitsetClearBit
                0x08016204       0x48 ../../Lib/GNU/wmrtos.a(los_slab.o)
                0x08016204                osAtomicBitsetClearBit
 .text.osAtomicBitsetFindClearAndSet
                0x0801624c       0x90 ../../Lib/GNU/wmrtos.a(los_slab.o)
                0x0801624c                osAtomicBitsetFindClearAndSet
 .text.osSlabAllocatorNew
                0x080162dc       0x8c ../../Lib/GNU/wmrtos.a(los_slab.o)
                0x080162dc                osSlabAllocatorNew
 .text.osSlabAllocatorAlloc
                0x08016368       0x38 ../../Lib/GNU/wmrtos.a(los_slab.o)
                0x08016368                osSlabAllocatorAlloc
 .text.osSlabAllocatorFree
                0x080163a0       0x78 ../../Lib/GNU/wmrtos.a(los_slab.o)
                0x080163a0                osSlabAllocatorFree
 .text.LOS_ErrHandle
                0x08016418       0x48 ../../Lib/GNU/wmrtos.a(los_err.o)
                0x08016418                LOS_ErrHandle
 .text.osTickStart
                0x08016460       0xc0 ../../Lib/GNU/wmrtos.a(los_hw_tick.o)
                0x08016460                osTickStart
 .text.wpa_supplicant_connect_timer
                0x08016520       0x1e ../../Lib/GNU/wlan.a(wpa_supplicant.o)
                0x08016520                wpa_supplicant_connect_timer
 .text.supplicant_event_update_stat
                0x0801653e       0x20 ../../Lib/GNU/wlan.a(wpa_supplicant.o)
                0x0801653e                supplicant_event_update_stat
 .text.eloop_timeout
                0x0801655e        0xa ../../Lib/GNU/wlan.a(wpa_supplicant.o)
                0x0801655e                eloop_timeout
 .text.wpa_supplicant_auth_timer
                0x08016568        0xa ../../Lib/GNU/wlan.a(wpa_supplicant.o)
                0x08016568                wpa_supplicant_auth_timer
 .text.supplicant_event_net_up
                0x08016572       0x1c ../../Lib/GNU/wlan.a(wpa_supplicant.o)
                0x08016572                supplicant_event_net_up
 .text.supplicant_event_beacon_done
                0x0801658e       0x1e ../../Lib/GNU/wlan.a(wpa_supplicant.o)
 .text.supplicant_event_net_down
                0x080165ac       0x20 ../../Lib/GNU/wlan.a(wpa_supplicant.o)
                0x080165ac                supplicant_event_net_down
 .text.supplicant_event_net_fail
                0x080165cc       0x20 ../../Lib/GNU/wlan.a(wpa_supplicant.o)
                0x080165cc                supplicant_event_net_fail
 .text.eloop_cancel_timeout
                0x080165ec       0x64 ../../Lib/GNU/wlan.a(wpa_supplicant.o)
                0x080165ec                eloop_cancel_timeout
 .text.eloop_register_timeout
                0x08016650       0x7c ../../Lib/GNU/wlan.a(wpa_supplicant.o)
                0x08016650                eloop_register_timeout
 .text.eloop_handle_timeout
                0x080166cc       0x48 ../../Lib/GNU/wlan.a(wpa_supplicant.o)
                0x080166cc                eloop_handle_timeout
 .text.wpa_supplicant_req_auth_timeout
                0x08016714       0x18 ../../Lib/GNU/wlan.a(wpa_supplicant.o)
                0x08016714                wpa_supplicant_req_auth_timeout
 .text.wpa_supplicant_cancel_connect_timeout
                0x0801672c        0x6 ../../Lib/GNU/wlan.a(wpa_supplicant.o)
                0x0801672c                wpa_supplicant_cancel_connect_timeout
 .text.wpa_supplicant_connect_timeout
                0x08016732       0x18 ../../Lib/GNU/wlan.a(wpa_supplicant.o)
                0x08016732                wpa_supplicant_connect_timeout
 .text.wpa_supplicant_cancel_auth_timeout
                0x0801674a        0x6 ../../Lib/GNU/wlan.a(wpa_supplicant.o)
                0x0801674a                wpa_supplicant_cancel_auth_timeout
 .text.supplicant_event_disassoc_callback
                0x08016750       0x6a ../../Lib/GNU/wlan.a(wpa_supplicant.o)
 *fill*         0x080167ba        0x2 
 .text.wpa_supplicant_rx_eapol
                0x080167bc       0xac ../../Lib/GNU/wlan.a(wpa_supplicant.o)
                0x080167bc                wpa_supplicant_rx_eapol
 .text.wpa_supplicant_set_state
                0x08016868       0x8e ../../Lib/GNU/wlan.a(wpa_supplicant.o)
                0x08016868                wpa_supplicant_set_state
 .text.wpa_supplicant_set_non_wpa_policy
                0x080168f6       0x90 ../../Lib/GNU/wlan.a(wpa_supplicant.o)
                0x080168f6                wpa_supplicant_set_non_wpa_policy
 .text.wpa_set_wep_keys
                0x08016986       0x4c ../../Lib/GNU/wlan.a(wpa_supplicant.o)
                0x08016986                wpa_set_wep_keys
 *fill*         0x080169d2        0x2 
 .text.wpa_supplicant_set_suites
                0x080169d4      0x200 ../../Lib/GNU/wlan.a(wpa_supplicant.o)
                0x080169d4                wpa_supplicant_set_suites
 .text.wpa_clear_keys
                0x08016bd4       0x7e ../../Lib/GNU/wlan.a(wpa_supplicant.o)
                0x08016bd4                wpa_clear_keys
 .text.wpa_supplicant_clear_connection
                0x08016c52       0x38 ../../Lib/GNU/wlan.a(wpa_supplicant.o)
 .text.wpa_supplicant_deauthenticate
                0x08016c8a       0x40 ../../Lib/GNU/wlan.a(wpa_supplicant.o)
                0x08016c8a                wpa_supplicant_deauthenticate
 .text.wpa_supplicant_disassociate
                0x08016cca       0x40 ../../Lib/GNU/wlan.a(wpa_supplicant.o)
                0x08016cca                wpa_supplicant_disassociate
 *fill*         0x08016d0a        0x2 
 .text.wpa_supplicant_timeout
                0x08016d0c       0x58 ../../Lib/GNU/wlan.a(wpa_supplicant.o)
                0x08016d0c                wpa_supplicant_timeout
 .text.wpa_supplicant_associate
                0x08016d64      0x188 ../../Lib/GNU/wlan.a(wpa_supplicant.o)
                0x08016d64                wpa_supplicant_associate
 .text.wpa_config_update_psk
                0x08016eec       0x24 ../../Lib/GNU/wlan.a(wpa_supplicant.o)
                0x08016eec                wpa_config_update_psk
 .text.wpa_supplicant_cleanup
                0x08016f10       0x64 ../../Lib/GNU/wlan.a(wpa_supplicant.o)
                0x08016f10                wpa_supplicant_cleanup
 .text.wpa_supplicant_reload_configs
                0x08016f74      0x15c ../../Lib/GNU/wlan.a(wpa_supplicant.o)
                0x08016f74                wpa_supplicant_reload_configs
 .text.tls_supplicant_task
                0x080170d0      0x168 ../../Lib/GNU/wlan.a(wpa_supplicant.o)
                0x080170d0                tls_supplicant_task
 .text.supplicant_send_event
                0x08017238       0x28 ../../Lib/GNU/wlan.a(wpa_supplicant.o)
                0x08017238                supplicant_send_event
 .text.supplicant_event_rx_mgmt
                0x08017260       0x4c ../../Lib/GNU/wlan.a(wpa_supplicant.o)
                0x08017260                supplicant_event_rx_mgmt
 .text.supplicant_event_mic_err
                0x080172ac       0x44 ../../Lib/GNU/wlan.a(wpa_supplicant.o)
                0x080172ac                supplicant_event_mic_err
 .text.supplicant_event_rx_from_unknown
                0x080172f0       0x3a ../../Lib/GNU/wlan.a(wpa_supplicant.o)
                0x080172f0                supplicant_event_rx_from_unknown
 .text.supplicant_event_scan_completed
                0x0801732a       0x56 ../../Lib/GNU/wlan.a(wpa_supplicant.o)
                0x0801732a                supplicant_event_scan_completed
 .text.supplicant_event_disassoc
                0x08017380       0x5a ../../Lib/GNU/wlan.a(wpa_supplicant.o)
                0x08017380                supplicant_event_disassoc
 .text.supplicant_event_assoc
                0x080173da       0x86 ../../Lib/GNU/wlan.a(wpa_supplicant.o)
                0x080173da                supplicant_event_assoc
 .text.supplicant_event_rx_eapol
                0x08017460       0x60 ../../Lib/GNU/wlan.a(wpa_supplicant.o)
                0x08017460                supplicant_event_rx_eapol
 .text.supplicant_event_mac_wdg
                0x080174c0       0x2c ../../Lib/GNU/wlan.a(wpa_supplicant.o)
                0x080174c0                supplicant_event_mac_wdg
 .text.supplicant_event_sta_active
                0x080174ec       0x3a ../../Lib/GNU/wlan.a(wpa_supplicant.o)
 .text.supplicant_event_rx_pspoll
                0x08017526       0x3a ../../Lib/GNU/wlan.a(wpa_supplicant.o)
 .text.supplicant_event_rx_ps
                0x08017560       0x4c ../../Lib/GNU/wlan.a(wpa_supplicant.o)
 .text.tls_supplicant_timer_task
                0x080175ac       0xa8 ../../Lib/GNU/wlan.a(wpa_supplicant.o)
                0x080175ac                tls_supplicant_timer_task
 .text.supplicant_ps_pkt_timer_expire
                0x08017654        0xa ../../Lib/GNU/wlan.a(wpa_supplicant.o)
                0x08017654                supplicant_ps_pkt_timer_expire
 .text.supplicant_event_reload_config4softap
                0x0801765e       0x28 ../../Lib/GNU/wlan.a(wpa_supplicant.o)
                0x0801765e                supplicant_event_reload_config4softap
 .text.supplicant_event_disconnect_softap
                0x08017686       0x2c ../../Lib/GNU/wlan.a(wpa_supplicant.o)
                0x08017686                supplicant_event_disconnect_softap
 .text.supplicant_event_failed_softap
                0x080176b2       0x2c ../../Lib/GNU/wlan.a(wpa_supplicant.o)
                0x080176b2                supplicant_event_failed_softap
 .text.supplicant_event_disconnect_network
                0x080176de       0x2c ../../Lib/GNU/wlan.a(wpa_supplicant.o)
                0x080176de                supplicant_event_disconnect_network
 .text.supplicant_event_reload_config
                0x0801770a       0x28 ../../Lib/GNU/wlan.a(wpa_supplicant.o)
                0x0801770a                supplicant_event_reload_config
 .text.wpa_supplicant_init_default_configs
                0x08017732      0x11a ../../Lib/GNU/wlan.a(wpa_supplicant.o)
                0x08017732                wpa_supplicant_init_default_configs
 .text.wpa_supplicant_init
                0x0801784c      0x1b0 ../../Lib/GNU/wlan.a(wpa_supplicant.o)
                0x0801784c                wpa_supplicant_init
 .text.wpa_cipher2host
                0x080179fc       0x40 ../../Lib/GNU/wlan.a(wpa_supplicant.o)
                0x080179fc                wpa_cipher2host
 .text.wpa_supplicant_get_mac
                0x08017a3c        0xc ../../Lib/GNU/wlan.a(wpa_supplicant.o)
                0x08017a3c                wpa_supplicant_get_mac
 .text.wpa_supplicant_set_mac
                0x08017a48       0x14 ../../Lib/GNU/wlan.a(wpa_supplicant.o)
                0x08017a48                wpa_supplicant_set_mac
 .text.tls_get_wpa_data
                0x08017a5c        0xc ../../Lib/GNU/wlan.a(wpa_supplicant.o)
                0x08017a5c                tls_get_wpa_data
 .text.wpa_supplicant_get_bssid
                0x08017a68        0xc ../../Lib/GNU/wlan.a(wpa_supplicant.o)
                0x08017a68                wpa_supplicant_get_bssid
 .text.wpabuf_alloc
                0x08017a74       0x10 ../../Lib/GNU/wlan.a(wpabuf.o)
                0x08017a74                wpabuf_alloc
 .text.wpabuf_free
                0x08017a84       0x1a ../../Lib/GNU/wlan.a(wpabuf.o)
                0x08017a84                wpabuf_free
 .text.wpabuf_put
                0x08017a9e       0x12 ../../Lib/GNU/wlan.a(wpabuf.o)
                0x08017a9e                wpabuf_put
 .text.wpabuf_put_data
                0x08017ab0       0x1c ../../Lib/GNU/wlan.a(wpabuf.o)
 .text.wpabuf_alloc_copy
                0x08017acc       0x1c ../../Lib/GNU/wlan.a(wpabuf.o)
                0x08017acc                wpabuf_alloc_copy
 .text.wpa_supplicant_init_wpa
                0x08017ae8       0x26 ../../Lib/GNU/wlan.a(wpas_glue.o)
                0x08017ae8                wpa_supplicant_init_wpa
 .text.wpa_sm_alloc_eapol
                0x08017b0e       0x4a ../../Lib/GNU/wlan.a(wpas_glue.o)
                0x08017b0e                wpa_sm_alloc_eapol
 .text.wpa_sm_deauthenticate
                0x08017b58       0x28 ../../Lib/GNU/wlan.a(wpas_glue.o)
                0x08017b58                wpa_sm_deauthenticate
 .text.wpa_sm_ether_send
                0x08017b80       0x1a ../../Lib/GNU/wlan.a(wpas_glue.o)
                0x08017b80                wpa_sm_ether_send
 .text.wpa_sm_set_key
                0x08017b9a       0x3c ../../Lib/GNU/wlan.a(wpas_glue.o)
                0x08017b9a                wpa_sm_set_key
 .text.wpa_sm_disassociate
                0x08017bd6       0x28 ../../Lib/GNU/wlan.a(wpas_glue.o)
                0x08017bd6                wpa_sm_disassociate
 .text.wpa_sm_cancel_auth_timeout
                0x08017bfe        0xa ../../Lib/GNU/wlan.a(wpas_glue.o)
                0x08017bfe                wpa_sm_cancel_auth_timeout
 .text.wpa_supplicant_get_state
                0x08017c08        0x6 ../../Lib/GNU/wlan.a(wpas_glue.o)
                0x08017c08                wpa_supplicant_get_state
 .text.tls_wl_power_save_awake
                0x08017c0e        0x6 ../../Lib/GNU/wlan.a(tls_wl_core.o)
                0x08017c0e                tls_wl_power_save_awake
 .text.tls_wl_mac_isr
                0x08017c14      0x11c ../../Lib/GNU/wlan.a(tls_wl_core.o)
                0x08017c14                tls_wl_mac_isr
 .text.tls_wl_data_tx_isr
                0x08017d30       0x14 ../../Lib/GNU/wlan.a(tls_wl_core.o)
                0x08017d30                tls_wl_data_tx_isr
 .text.tls_wl_mgmt_tx_isr
                0x08017d44        0xc ../../Lib/GNU/wlan.a(tls_wl_core.o)
                0x08017d44                tls_wl_mgmt_tx_isr
 .text.tls_wl_rx_isr
                0x08017d50       0x2c ../../Lib/GNU/wlan.a(tls_wl_core.o)
                0x08017d50                tls_wl_rx_isr
 .text.tls_wl_get_isr_count
                0x08017d7c        0xc ../../Lib/GNU/wlan.a(tls_wl_core.o)
                0x08017d7c                tls_wl_get_isr_count
 .text.tls_func_standby
                0x08017d88       0x18 ../../Lib/GNU/wlan.a(tls_wl_core.o)
                0x08017d88                tls_func_standby
 .text.standby_timeout
                0x08017da0       0x34 ../../Lib/GNU/wlan.a(tls_wl_core.o)
                0x08017da0                standby_timeout
 .text.tls_wl_init
                0x08017dd4      0x320 ../../Lib/GNU/wlan.a(tls_wl_core.o)
                0x08017dd4                tls_wl_init
 .text.ieee80211_hw_config
                0x080180f4       0x40 ../../Lib/GNU/wlan.a(tls_wl_core.o)
                0x080180f4                ieee80211_hw_config
 .text.tls_wl_mem_reinit
                0x08018134      0x11c ../../Lib/GNU/wlan.a(tls_wl_core.o)
                0x08018134                tls_wl_mem_reinit
 .text.ieee80211_bss_info_change_notify
                0x08018250       0x58 ../../Lib/GNU/wlan.a(tls_wl_core.o)
                0x08018250                ieee80211_bss_info_change_notify
 .text.ieee80211_reset_erp_info
                0x080182a8        0xe ../../Lib/GNU/wlan.a(tls_wl_core.o)
                0x080182a8                ieee80211_reset_erp_info
 *fill*         0x080182b6        0x2 
 .text.ieee80211_change_iface
                0x080182b8       0x54 ../../Lib/GNU/wlan.a(tls_wl_core.o)
                0x080182b8                ieee80211_change_iface
 .text.tls_wl_power_save
                0x0801830c       0x94 ../../Lib/GNU/wlan.a(tls_wl_core.o)
                0x0801830c                tls_wl_power_save
 .text.ieee80211_get_tx_gain
                0x080183a0        0x8 ../../Lib/GNU/wlan.a(tls_wl_core.o)
                0x080183a0                ieee80211_get_tx_gain
 .text.tls_get_wif_data
                0x080183a8        0xc ../../Lib/GNU/wlan.a(tls_wl_core.o)
                0x080183a8                tls_get_wif_data
 .text.tls_get_ieee80211_if_data
                0x080183b4        0xc ../../Lib/GNU/wlan.a(tls_wl_core.o)
                0x080183b4                tls_get_ieee80211_if_data
 .text.tls_wl_cleanup
                0x080183c0       0x26 ../../Lib/GNU/wlan.a(tls_wl_core.o)
                0x080183c0                tls_wl_cleanup
 *fill*         0x080183e6        0x2 
 .text.tls_wl_mem_default
                0x080183e8      0x124 ../../Lib/GNU/wlan.a(tls_wl_core.o)
                0x080183e8                tls_wl_mem_default
 .text.tls_wifi_mem_cfg
                0x0801850c      0x19c ../../Lib/GNU/wlan.a(tls_wl_core.o)
                0x0801850c                tls_wifi_mem_cfg
 .text.swap_32  0x080186a8        0x4 ../../Lib/GNU/wlan.a(tls_wl_hw.o)
 .text.hed_get_key_table_idx
                0x080186ac       0x2a ../../Lib/GNU/wlan.a(tls_wl_hw.o)
 .text.hed_sec_set_key_info
                0x080186d6      0x126 ../../Lib/GNU/wlan.a(tls_wl_hw.o)
 .text.hed_sec_set_bd_key_tbl.isra.0
                0x080187fc       0x6c ../../Lib/GNU/wlan.a(tls_wl_hw.o)
 .text.hed_sec_set_uni_key_tbl.isra.1
                0x08018868       0x2a ../../Lib/GNU/wlan.a(tls_wl_hw.o)
 *fill*         0x08018892        0x2 
 .text.hed_sec_set_ctrl_reg.isra.4
                0x08018894       0x74 ../../Lib/GNU/wlan.a(tls_wl_hw.o)
 .text.tls_wl_hw_enable_mac_int
                0x08018908       0x10 ../../Lib/GNU/wlan.a(tls_wl_hw.o)
                0x08018908                tls_wl_hw_enable_mac_int
 .text.tls_wl_hw_disable_mac_int
                0x08018918       0x10 ../../Lib/GNU/wlan.a(tls_wl_hw.o)
                0x08018918                tls_wl_hw_disable_mac_int
 .text.tls_wl_hw_enable_rx
                0x08018928       0x28 ../../Lib/GNU/wlan.a(tls_wl_hw.o)
                0x08018928                tls_wl_hw_enable_rx
 .text.tls_wl_hw_disble_rx
                0x08018950       0x28 ../../Lib/GNU/wlan.a(tls_wl_hw.o)
                0x08018950                tls_wl_hw_disble_rx
 .text.tls_wl_hw_wake_up
                0x08018978       0x84 ../../Lib/GNU/wlan.a(tls_wl_hw.o)
                0x08018978                tls_wl_hw_wake_up
 .text.tls_wl_hw_sleep
                0x080189fc       0xa4 ../../Lib/GNU/wlan.a(tls_wl_hw.o)
                0x080189fc                tls_wl_hw_sleep
 .text.tls_wl_change_chanel
                0x08018aa0       0x34 ../../Lib/GNU/wlan.a(tls_wl_hw.o)
                0x08018aa0                tls_wl_change_chanel
 .text.tls_wl_change_channel_info
                0x08018ad4       0x38 ../../Lib/GNU/wlan.a(tls_wl_hw.o)
                0x08018ad4                tls_wl_change_channel_info
 .text.tls_wl_hw_init
                0x08018b0c      0x1c8 ../../Lib/GNU/wlan.a(tls_wl_hw.o)
                0x08018b0c                tls_wl_hw_init
 .text.tls_wl_hw_reset_tsf
                0x08018cd4       0x10 ../../Lib/GNU/wlan.a(tls_wl_hw.o)
                0x08018cd4                tls_wl_hw_reset_tsf
 .text.tls_wl_hw_config
                0x08018ce4       0x3a ../../Lib/GNU/wlan.a(tls_wl_hw.o)
                0x08018ce4                tls_wl_hw_config
 *fill*         0x08018d1e        0x2 
 .text.tls_wl_hw_bss_info_changed
                0x08018d20      0x180 ../../Lib/GNU/wlan.a(tls_wl_hw.o)
                0x08018d20                tls_wl_hw_bss_info_changed
 .text.tls_sec_find_hw_idx
                0x08018ea0       0x5c ../../Lib/GNU/wlan.a(tls_wl_hw.o)
                0x08018ea0                tls_sec_find_hw_idx
 .text.hed_sec_set_mac_addr
                0x08018efc       0x2c ../../Lib/GNU/wlan.a(tls_wl_hw.o)
                0x08018efc                hed_sec_set_mac_addr
 .text.hed_sec_clr_mac_addr
                0x08018f28       0x28 ../../Lib/GNU/wlan.a(tls_wl_hw.o)
                0x08018f28                hed_sec_clr_mac_addr
 .text.hed_hw_set_multicast_key
                0x08018f50       0x5c ../../Lib/GNU/wlan.a(tls_wl_hw.o)
                0x08018f50                hed_hw_set_multicast_key
 .text.tls_hw_set_multicast_key
                0x08018fac       0x14 ../../Lib/GNU/wlan.a(tls_wl_hw.o)
                0x08018fac                tls_hw_set_multicast_key
 .text.hed_hw_del_multicast_key
                0x08018fc0       0x30 ../../Lib/GNU/wlan.a(tls_wl_hw.o)
                0x08018fc0                hed_hw_del_multicast_key
 .text.tls_hw_del_multicast_key
                0x08018ff0       0x26 ../../Lib/GNU/wlan.a(tls_wl_hw.o)
                0x08018ff0                tls_hw_del_multicast_key
 .text.tls_wl_hw_set_key
                0x08019016      0x1f0 ../../Lib/GNU/wlan.a(tls_wl_hw.o)
                0x08019016                tls_wl_hw_set_key
 .text.tls_wl_hw_del_key
                0x08019206      0x132 ../../Lib/GNU/wlan.a(tls_wl_hw.o)
                0x08019206                tls_wl_hw_del_key
 .text.set_sta_flags
                0x08019338       0x18 ../../Lib/GNU/wlan.a(tls_wl_if.o)
 .text.tls_wl_if_set_mode
                0x08019350       0x14 ../../Lib/GNU/wlan.a(tls_wl_if.o)
                0x08019350                tls_wl_if_set_mode
 .text.tls_wl_if_clear_mode
                0x08019364       0x18 ../../Lib/GNU/wlan.a(tls_wl_if.o)
                0x08019364                tls_wl_if_clear_mode
 .text.tls_wl_if_get_scan_res
                0x0801937c      0x198 ../../Lib/GNU/wlan.a(tls_wl_if.o)
                0x0801937c                tls_wl_if_get_scan_res
 .text.tls_wl_if_sta_flush
                0x08019514        0x6 ../../Lib/GNU/wlan.a(tls_wl_if.o)
                0x08019514                tls_wl_if_sta_flush
 .text.tls_wl_if_sta_deauth
                0x0801951a       0x1c ../../Lib/GNU/wlan.a(tls_wl_if.o)
                0x0801951a                tls_wl_if_sta_deauth
 .text.tls_wl_if_sta_disassoc
                0x08019536       0x1c ../../Lib/GNU/wlan.a(tls_wl_if.o)
                0x08019536                tls_wl_if_sta_disassoc
 *fill*         0x08019552        0x2 
 .text.tls_wl_if_set_tx_queue_params
                0x08019554       0xf4 ../../Lib/GNU/wlan.a(tls_wl_if.o)
                0x08019554                tls_wl_if_set_tx_queue_params
 .text.tls_wl_if_set_sta_flags
                0x08019648       0x20 ../../Lib/GNU/wlan.a(tls_wl_if.o)
                0x08019648                tls_wl_if_set_sta_flags
 .text.tls_wl_if_channel_info_updata
                0x08019668       0x3c ../../Lib/GNU/wlan.a(tls_wl_if.o)
                0x08019668                tls_wl_if_channel_info_updata
 .text.tls_wl_if_set_bssid
                0x080196a4       0x54 ../../Lib/GNU/wlan.a(tls_wl_if.o)
                0x080196a4                tls_wl_if_set_bssid
 .text.tls_wl_if_set_rate_mode
                0x080196f8       0x32 ../../Lib/GNU/wlan.a(tls_wl_if.o)
                0x080196f8                tls_wl_if_set_rate_mode
 .text.tls_wl_if_set_beacon
                0x0801972a       0x88 ../../Lib/GNU/wlan.a(tls_wl_if.o)
                0x0801972a                tls_wl_if_set_beacon
 .text.tls_wl_if_del_beacon
                0x080197b2       0x28 ../../Lib/GNU/wlan.a(tls_wl_if.o)
                0x080197b2                tls_wl_if_del_beacon
 .text.tls_wl_if_scan
                0x080197da       0x60 ../../Lib/GNU/wlan.a(tls_wl_if.o)
                0x080197da                tls_wl_if_scan
 *fill*         0x0801983a        0x2 
 .text.tls_wl_if_set_ssid
                0x0801983c       0x94 ../../Lib/GNU/wlan.a(tls_wl_if.o)
                0x0801983c                tls_wl_if_set_ssid
 .text.tls_wl_if_set_freq
                0x080198d0        0xc ../../Lib/GNU/wlan.a(tls_wl_if.o)
                0x080198d0                tls_wl_if_set_freq
 .text.tls_wl_if_set_auth
                0x080198dc      0x178 ../../Lib/GNU/wlan.a(tls_wl_if.o)
                0x080198dc                tls_wl_if_set_auth
 .text.tls_wl_if_remove_key
                0x08019a54       0x58 ../../Lib/GNU/wlan.a(tls_wl_if.o)
                0x08019a54                tls_wl_if_remove_key
 .text.tls_wl_if_add_key
                0x08019aac       0xc8 ../../Lib/GNU/wlan.a(tls_wl_if.o)
                0x08019aac                tls_wl_if_add_key
 .text.tls_wl_if_xmit
                0x08019b74       0x4a ../../Lib/GNU/wlan.a(tls_wl_if.o)
                0x08019b74                tls_wl_if_xmit
 .text.tls_wl_if_send_eapol
                0x08019bbe       0x10 ../../Lib/GNU/wlan.a(tls_wl_if.o)
                0x08019bbe                tls_wl_if_send_eapol
 .text.tls_wl_if_send_mlme
                0x08019bce        0x6 ../../Lib/GNU/wlan.a(tls_wl_if.o)
                0x08019bce                tls_wl_if_send_mlme
 .text.tls_wl_if_send_channel_switch
                0x08019bd4       0x80 ../../Lib/GNU/wlan.a(tls_wl_if.o)
                0x08019bd4                tls_wl_if_send_channel_switch
 .text.tls_wl_if_sta_add
                0x08019c54       0xd8 ../../Lib/GNU/wlan.a(tls_wl_if.o)
                0x08019c54                tls_wl_if_sta_add
 .text.tls_wl_if_sta_remove
                0x08019d2c       0x30 ../../Lib/GNU/wlan.a(tls_wl_if.o)
                0x08019d2c                tls_wl_if_sta_remove
 .text.tls_wl_if_get_inact_sec
                0x08019d5c       0x30 ../../Lib/GNU/wlan.a(tls_wl_if.o)
                0x08019d5c                tls_wl_if_get_inact_sec
 .text.tls_wl_if_disconnect
                0x08019d8c       0x58 ../../Lib/GNU/wlan.a(tls_wl_if.o)
                0x08019d8c                tls_wl_if_disconnect
 .text.tls_wl_if_set_adhoc
                0x08019de4        0xa ../../Lib/GNU/wlan.a(tls_wl_if.o)
                0x08019de4                tls_wl_if_set_adhoc
 .text.tls_wl_if_set_ps_mode
                0x08019dee        0xc ../../Lib/GNU/wlan.a(tls_wl_if.o)
                0x08019dee                tls_wl_if_set_ps_mode
 .text.tls_wl_if_ps
                0x08019dfa       0x18 ../../Lib/GNU/wlan.a(tls_wl_if.o)
                0x08019dfa                tls_wl_if_ps
 *fill*         0x08019e12        0x2 
 .text.tls_wl_if_standby
                0x08019e14       0x48 ../../Lib/GNU/wlan.a(tls_wl_if.o)
                0x08019e14                tls_wl_if_standby
 .text.tls_wl_if_sleep
                0x08019e5c       0x48 ../../Lib/GNU/wlan.a(tls_wl_if.o)
                0x08019e5c                tls_wl_if_sleep
 .text.tls_wl_if_set_errno
                0x08019ea4        0xc ../../Lib/GNU/wlan.a(tls_wl_if.o)
                0x08019ea4                tls_wl_if_set_errno
 .text.tls_wl_if_get_errno
                0x08019eb0        0xc ../../Lib/GNU/wlan.a(tls_wl_if.o)
                0x08019eb0                tls_wl_if_get_errno
 .text.__ieee80211_key_free
                0x08019ebc       0x46 ../../Lib/GNU/wlan.a(tls_wl_key.o)
 .text.mic_block
                0x08019f02       0x48 ../../Lib/GNU/wlan.a(tls_wl_key.o)
                0x08019f02                mic_block
 .text.ieee80211_key_alloc
                0x08019f4a      0x102 ../../Lib/GNU/wlan.a(tls_wl_key.o)
                0x08019f4a                ieee80211_key_alloc
 .text.ieee80211_key_link
                0x0801a04c       0xde ../../Lib/GNU/wlan.a(tls_wl_key.o)
                0x0801a04c                ieee80211_key_link
 .text.ieee80211_key_free
                0x0801a12a       0x28 ../../Lib/GNU/wlan.a(tls_wl_key.o)
                0x0801a12a                ieee80211_key_free
 .text.ieee80211_add_key
                0x0801a152       0x34 ../../Lib/GNU/wlan.a(tls_wl_key.o)
                0x0801a152                ieee80211_add_key
 .text.ieee80211_del_key
                0x0801a186       0x4a ../../Lib/GNU/wlan.a(tls_wl_key.o)
                0x0801a186                ieee80211_del_key
 .text.tls_wl_enable_tx_mgmt_frm.isra.3
                0x0801a1d0       0x5c ../../Lib/GNU/wlan.a(tls_wl_mgmt.o)
 .text.tls_wl_set_mac_txbd.constprop.5
                0x0801a22c       0x48 ../../Lib/GNU/wlan.a(tls_wl_mgmt.o)
 .text.tls_wl_get_mgmt_txbuf
                0x0801a274       0x44 ../../Lib/GNU/wlan.a(tls_wl_mgmt.o)
                0x0801a274                tls_wl_get_mgmt_txbuf
 .text.ieee80211_send_probe_req
                0x0801a2b8      0x1fc ../../Lib/GNU/wlan.a(tls_wl_mgmt.o)
                0x0801a2b8                ieee80211_send_probe_req
 .text.ieee80211_send_auth
                0x0801a4b4      0x166 ../../Lib/GNU/wlan.a(tls_wl_mgmt.o)
                0x0801a4b4                ieee80211_send_auth
 .text.ieee80211_bss_get_ie
                0x0801a61a       0x32 ../../Lib/GNU/wlan.a(tls_wl_mgmt.o)
                0x0801a61a                ieee80211_bss_get_ie
 .text.ieee80211_send_assoc
                0x0801a64c      0x3ba ../../Lib/GNU/wlan.a(tls_wl_mgmt.o)
                0x0801a64c                ieee80211_send_assoc
 .text.ieee80211_send_deauth_disassoc
                0x0801aa06       0xf6 ../../Lib/GNU/wlan.a(tls_wl_mgmt.o)
                0x0801aa06                ieee80211_send_deauth_disassoc
 .text.ieee80211_send_nullfunc
                0x0801aafc       0xe0 ../../Lib/GNU/wlan.a(tls_wl_mgmt.o)
                0x0801aafc                ieee80211_send_nullfunc
 .text.ieee80211_send_pspoll
                0x0801abdc       0xa2 ../../Lib/GNU/wlan.a(tls_wl_mgmt.o)
                0x0801abdc                ieee80211_send_pspoll
 .text.ieee80211_send_mgmt
                0x0801ac7e       0xa4 ../../Lib/GNU/wlan.a(tls_wl_mgmt.o)
                0x0801ac7e                ieee80211_send_mgmt
 .text.ieee80211_handle_bss_capability
                0x0801ad22       0x50 ../../Lib/GNU/wlan.a(tls_wl_mlme.o)
 *fill*         0x0801ad72        0x2 
 .text.ieee80211_sta_wmm_params
                0x0801ad74      0x268 ../../Lib/GNU/wlan.a(tls_wl_mlme.o)
 .text.set_sta_flags
                0x0801afdc       0x18 ../../Lib/GNU/wlan.a(tls_wl_mlme.o)
 .text.ieee80211_sta_send_apinfo
                0x0801aff4       0x26 ../../Lib/GNU/wlan.a(tls_wl_mlme.o)
 .text.ieee80211_rx_bss_info.isra.3
                0x0801b01a       0x50 ../../Lib/GNU/wlan.a(tls_wl_mlme.o)
 *fill*         0x0801b06a        0x2 
 .text.ieee80211_associate
                0x0801b06c       0x48 ../../Lib/GNU/wlan.a(tls_wl_mlme.o)
 .text.ieee80211_sta_timer
                0x0801b0b4       0x24 ../../Lib/GNU/wlan.a(tls_wl_mlme.o)
                0x0801b0b4                ieee80211_sta_timer
 .text.ieee80211_set_disassoc
                0x0801b0d8       0x90 ../../Lib/GNU/wlan.a(tls_wl_mlme.o)
                0x0801b0d8                ieee80211_set_disassoc
 .text.ieee80211_associated
                0x0801b168      0x138 ../../Lib/GNU/wlan.a(tls_wl_mlme.o)
 .text.ieee80211_ht_cap_ie_to_sta_ht_cap
                0x0801b2a0       0x7e ../../Lib/GNU/wlan.a(tls_wl_mlme.o)
                0x0801b2a0                ieee80211_ht_cap_ie_to_sta_ht_cap
 *fill*         0x0801b31e        0x2 
 .text.ieee80211_sta_rx_notify
                0x0801b320       0x14 ../../Lib/GNU/wlan.a(tls_wl_mlme.o)
                0x0801b320                ieee80211_sta_rx_notify
 .text.ieee80211_rx_mgmt_beacon_proc_dtim
                0x0801b334      0x134 ../../Lib/GNU/wlan.a(tls_wl_mlme.o)
                0x0801b334                ieee80211_rx_mgmt_beacon_proc_dtim
 .text.disable_rd
                0x0801b468       0x34 ../../Lib/GNU/wlan.a(tls_wl_mlme.o)
                0x0801b468                disable_rd
 .text.ieee80211_enable_ht
                0x0801b49c       0xc4 ../../Lib/GNU/wlan.a(tls_wl_mlme.o)
                0x0801b49c                ieee80211_enable_ht
 .text.ieee80211_rx_mgmt_assoc_resp.isra.6
                0x0801b560      0x398 ../../Lib/GNU/wlan.a(tls_wl_mlme.o)
 .text.ieee80211_send_delba
                0x0801b8f8      0x13c ../../Lib/GNU/wlan.a(tls_wl_mlme.o)
                0x0801b8f8                ieee80211_send_delba
 .text.ieee80211_stop_tx_ba_cb
                0x0801ba34       0x28 ../../Lib/GNU/wlan.a(tls_wl_mlme.o)
                0x0801ba34                ieee80211_stop_tx_ba_cb
 .text.___ieee80211_stop_tx_ba_session
                0x0801ba5c       0x2e ../../Lib/GNU/wlan.a(tls_wl_mlme.o)
                0x0801ba5c                ___ieee80211_stop_tx_ba_session
 .text.__ieee80211_stop_tx_ba_session
                0x0801ba8a       0x14 ../../Lib/GNU/wlan.a(tls_wl_mlme.o)
                0x0801ba8a                __ieee80211_stop_tx_ba_session
 .text.ieee80211_sta_tear_down_BA_sessions
                0x0801ba9e       0x3a ../../Lib/GNU/wlan.a(tls_wl_mlme.o)
                0x0801ba9e                ieee80211_sta_tear_down_BA_sessions
 .text.ieee80211_process_addba_request
                0x0801bad8      0x164 ../../Lib/GNU/wlan.a(tls_wl_mlme.o)
                0x0801bad8                ieee80211_process_addba_request
 .text.ieee80211_process_delba
                0x0801bc3c       0x30 ../../Lib/GNU/wlan.a(tls_wl_mlme.o)
                0x0801bc3c                ieee80211_process_delba
 .text.ieee80211_process_chanswitch
                0x0801bc6c       0x30 ../../Lib/GNU/wlan.a(tls_wl_mlme.o)
                0x0801bc6c                ieee80211_process_chanswitch
 .text.ieee80211_sta_rx_mgmt
                0x0801bc9c       0x5c ../../Lib/GNU/wlan.a(tls_wl_mlme.o)
                0x0801bc9c                ieee80211_sta_rx_mgmt
 .text.ieee80211_sta_req_auth
                0x0801bcf8       0x48 ../../Lib/GNU/wlan.a(tls_wl_mlme.o)
                0x0801bcf8                ieee80211_sta_req_auth
 .text.ieee80211_sta_commit
                0x0801bd40       0x3a ../../Lib/GNU/wlan.a(tls_wl_mlme.o)
                0x0801bd40                ieee80211_sta_commit
 .text.ieee80211_sta_set_ssid
                0x0801bd7a       0x58 ../../Lib/GNU/wlan.a(tls_wl_mlme.o)
                0x0801bd7a                ieee80211_sta_set_ssid
 .text.ieee80211_sta_config_auth
                0x0801bdd2      0x132 ../../Lib/GNU/wlan.a(tls_wl_mlme.o)
                0x0801bdd2                ieee80211_sta_config_auth
 .text.tls_wl_mlme_init
                0x0801bf04       0x3c ../../Lib/GNU/wlan.a(tls_wl_mlme.o)
                0x0801bf04                tls_wl_mlme_init
 .text.tls_wl_mlme_task
                0x0801bf40      0x52c ../../Lib/GNU/wlan.a(tls_wl_mlme.o)
                0x0801bf40                tls_wl_mlme_task
 .text.tls_wl_mlme_cleanup
                0x0801c46c       0x20 ../../Lib/GNU/wlan.a(tls_wl_mlme.o)
                0x0801c46c                tls_wl_mlme_cleanup
 .text.tls_wl_delay
                0x0801c48c       0x14 ../../Lib/GNU/wlan.a(tls_wl_phy.o)
                0x0801c48c                tls_wl_delay
 .text.tls_wl_bbp_init
                0x0801c4a0       0x84 ../../Lib/GNU/wlan.a(tls_wl_phy.o)
                0x0801c4a0                tls_wl_bbp_init
 .text.get_rate_mode_via_rate_code
                0x0801c524       0x40 ../../Lib/GNU/wlan.a(tls_wl_rc.o)
 .text.re_change_next_idx
                0x0801c564       0x50 ../../Lib/GNU/wlan.a(tls_wl_rc.o)
 .text.rc_rate_set_series.isra.10
                0x0801c5b4       0x7e ../../Lib/GNU/wlan.a(tls_wl_rc.o)
 .text.rc_nrate_remap_grate
                0x0801c632       0x66 ../../Lib/GNU/wlan.a(tls_wl_rc.o)
 .text.rc_valid_phyrate.constprop.16
                0x0801c698       0x4e ../../Lib/GNU/wlan.a(tls_wl_rc.o)
 *fill*         0x0801c6e6        0x2 
 .text.tls_wl_rc_get_max_rate_code
                0x0801c6e8      0x110 ../../Lib/GNU/wlan.a(tls_wl_rc.o)
                0x0801c6e8                tls_wl_rc_get_max_rate_code
 .text.rate_supported
                0x0801c7f8       0x12 ../../Lib/GNU/wlan.a(tls_wl_rc.o)
                0x0801c7f8                rate_supported
 *fill*         0x0801c80a        0x2 
 .text.hw_set_tx_rate_and_power
                0x0801c80c       0x30 ../../Lib/GNU/wlan.a(tls_wl_rc.o)
                0x0801c80c                hw_set_tx_rate_and_power
 .text.rc_get_rate_table
                0x0801c83c        0x8 ../../Lib/GNU/wlan.a(tls_wl_rc.o)
                0x0801c83c                rc_get_rate_table
 .text.ieee80211_rate_control_init
                0x0801c844      0x380 ../../Lib/GNU/wlan.a(tls_wl_rc.o)
                0x0801c844                ieee80211_rate_control_init
 .text.rate_control_send_low
                0x0801cbc4       0x78 ../../Lib/GNU/wlan.a(tls_wl_rc.o)
                0x0801cbc4                rate_control_send_low
 .text.ieee80211_set_rate
                0x0801cc3c      0x2b0 ../../Lib/GNU/wlan.a(tls_wl_rc.o)
                0x0801cc3c                ieee80211_set_rate
 .text.tls_wl_rc_init
                0x0801ceec       0x90 ../../Lib/GNU/wlan.a(tls_wl_rc.o)
                0x0801ceec                tls_wl_rc_init
 .text.rf_spi_write
                0x0801cf7c       0x34 ../../Lib/GNU/wlan.a(tls_wl_rf.o)
                0x0801cf7c                rf_spi_write
 .text.rf_spi_read
                0x0801cfb0       0x40 ../../Lib/GNU/wlan.a(tls_wl_rf.o)
                0x0801cfb0                rf_spi_read
 .text.delay_us
                0x0801cff0       0x44 ../../Lib/GNU/wlan.a(tls_wl_rf.o)
                0x0801cff0                delay_us
 .text.wm_rf_band_switch.part.0
                0x0801d034       0x64 ../../Lib/GNU/wlan.a(tls_wl_rf.o)
 .text.wm_rf_band_switch
                0x0801d098       0x6c ../../Lib/GNU/wlan.a(tls_wl_rf.o)
                0x0801d098                wm_rf_band_switch
 .text.wm_rf_set_channel
                0x0801d104       0xac ../../Lib/GNU/wlan.a(tls_wl_rf.o)
                0x0801d104                wm_rf_set_channel
 .text.wm_rf_reinit
                0x0801d1b0       0xc8 ../../Lib/GNU/wlan.a(tls_wl_rf.o)
                0x0801d1b0                wm_rf_reinit
 .text.wm_rf_init
                0x0801d278      0x2b4 ../../Lib/GNU/wlan.a(tls_wl_rf.o)
                0x0801d278                wm_rf_init
 .text.tls_tx_wave_stop
                0x0801d52c       0x6c ../../Lib/GNU/wlan.a(tls_wl_rf.o)
                0x0801d52c                tls_tx_wave_stop
 .text.tls_tx_wave_start
                0x0801d598       0xf0 ../../Lib/GNU/wlan.a(tls_wl_rf.o)
                0x0801d598                tls_tx_wave_start
 .text.tls_rx_data_from_adc
                0x0801d688       0xe0 ../../Lib/GNU/wlan.a(tls_wl_rf.o)
                0x0801d688                tls_rx_data_from_adc
 .text.compare_ether_addr
                0x0801d768       0x38 ../../Lib/GNU/wlan.a(tls_wl_rx.o)
 .text.ieee80211_get_SA
                0x0801d7a0       0x1a ../../Lib/GNU/wlan.a(tls_wl_rx.o)
 *fill*         0x0801d7ba        0x2 
 .text.ieee80211_frame_allowed
                0x0801d7bc       0x50 ../../Lib/GNU/wlan.a(tls_wl_rx.o)
 .text.tls_wl_rx_mem_init
                0x0801d80c       0x2c ../../Lib/GNU/wlan.a(tls_wl_rx.o)
                0x0801d80c                tls_wl_rx_mem_init
 .text.tls_wl_rx_init
                0x0801d838       0xb0 ../../Lib/GNU/wlan.a(tls_wl_rx.o)
                0x0801d838                tls_wl_rx_init
 .text.tls_wl_free_rxbuf
                0x0801d8e8       0x6c ../../Lib/GNU/wlan.a(tls_wl_rx.o)
                0x0801d8e8                tls_wl_free_rxbuf
 .text.ieee80211_deliver_frame
                0x0801d954      0x128 ../../Lib/GNU/wlan.a(tls_wl_rx.o)
                0x0801d954                ieee80211_deliver_frame
 .text.tls_wl_rx_task
                0x0801da7c      0xe7c ../../Lib/GNU/wlan.a(tls_wl_rx.o)
                0x0801da7c                tls_wl_rx_task
 .text.alloc_scan_req
                0x0801e8f8      0x14a ../../Lib/GNU/wlan.a(tls_wl_scan.o)
                0x0801e8f8                alloc_scan_req
 .text.ieee80211_start_scan
                0x0801ea42       0x44 ../../Lib/GNU/wlan.a(tls_wl_scan.o)
                0x0801ea42                ieee80211_start_scan
 .text.ieee80211_scan_completed
                0x0801ea86       0x5c ../../Lib/GNU/wlan.a(tls_wl_scan.o)
                0x0801ea86                ieee80211_scan_completed
 .text.ieee80211_request_scan
                0x0801eae2       0x3e ../../Lib/GNU/wlan.a(tls_wl_scan.o)
                0x0801eae2                ieee80211_request_scan
 .text.tls_wl_scan_task
                0x0801eb20       0xe0 ../../Lib/GNU/wlan.a(tls_wl_scan.o)
                0x0801eb20                tls_wl_scan_task
 .text.sta_info_release
                0x0801ec00       0x12 ../../Lib/GNU/wlan.a(tls_wl_sta_info.o)
 .text.sta_info_get
                0x0801ec12       0x4a ../../Lib/GNU/wlan.a(tls_wl_sta_info.o)
                0x0801ec12                sta_info_get
 .text.sta_info_put
                0x0801ec5c        0xc ../../Lib/GNU/wlan.a(tls_wl_sta_info.o)
                0x0801ec5c                sta_info_put
 .text.sta_info_add_with_mode
                0x0801ec68       0x9e ../../Lib/GNU/wlan.a(tls_wl_sta_info.o)
                0x0801ec68                sta_info_add_with_mode
 .text.sta_info_free
                0x0801ed06       0xc4 ../../Lib/GNU/wlan.a(tls_wl_sta_info.o)
                0x0801ed06                sta_info_free
 .text.sta_info_flush
                0x0801edca       0x3e ../../Lib/GNU/wlan.a(tls_wl_sta_info.o)
                0x0801edca                sta_info_flush
 .text.sta_info_init
                0x0801ee08       0x22 ../../Lib/GNU/wlan.a(tls_wl_sta_info.o)
                0x0801ee08                sta_info_init
 .text.compare_ether_addr
                0x0801ee2a       0x38 ../../Lib/GNU/wlan.a(tls_wl_tx.o)
 .text.tls_wl_set_rates.isra.4
                0x0801ee62       0xb8 ../../Lib/GNU/wlan.a(tls_wl_tx.o)
 *fill*         0x0801ef1a        0x2 
 .text.tls_wl_litepoint_test
                0x0801ef1c       0x3c ../../Lib/GNU/wlan.a(tls_wl_tx.o)
                0x0801ef1c                tls_wl_litepoint_test
 .text.tls_wl_tx_mem_init
                0x0801ef58       0x2c ../../Lib/GNU/wlan.a(tls_wl_tx.o)
                0x0801ef58                tls_wl_tx_mem_init
 .text.tls_wl_tx_init
                0x0801ef84      0x120 ../../Lib/GNU/wlan.a(tls_wl_tx.o)
                0x0801ef84                tls_wl_tx_init
 .text.ieee80211_set_qos_hdr
                0x0801f0a4       0x18 ../../Lib/GNU/wlan.a(tls_wl_tx.o)
                0x0801f0a4                ieee80211_set_qos_hdr
 .text.ieee80211_tx_encrypt_add_iv
                0x0801f0bc      0x17c ../../Lib/GNU/wlan.a(tls_wl_tx.o)
                0x0801f0bc                ieee80211_tx_encrypt_add_iv
 .text.ieee80211_tx_rate_ctrl
                0x0801f238      0x1be ../../Lib/GNU/wlan.a(tls_wl_tx.o)
                0x0801f238                ieee80211_tx_rate_ctrl
 .text.ieee80211_tx_michael_mic_add
                0x0801f3f6      0x132 ../../Lib/GNU/wlan.a(tls_wl_tx.o)
                0x0801f3f6                ieee80211_tx_michael_mic_add
 .text.ieee80211_tx.constprop.5
                0x0801f528      0x888 ../../Lib/GNU/wlan.a(tls_wl_tx.o)
 .text.tls_wl_if_tx
                0x0801fdb0       0xb0 ../../Lib/GNU/wlan.a(tls_wl_tx.o)
                0x0801fdb0                tls_wl_if_tx
 .text.tls_wifi_buffer_acquire
                0x0801fe60       0x80 ../../Lib/GNU/wlan.a(tls_wl_tx.o)
                0x0801fe60                tls_wifi_buffer_acquire
 .text.tls_wifi_buffer_release
                0x0801fee0       0x78 ../../Lib/GNU/wlan.a(tls_wl_tx.o)
                0x0801fee0                tls_wifi_buffer_release
 .text.kref_init
                0x0801ff58        0x6 ../../Lib/GNU/wlan.a(tls_wl_util.o)
                0x0801ff58                kref_init
 .text.kref_get
                0x0801ff5e       0x16 ../../Lib/GNU/wlan.a(tls_wl_util.o)
                0x0801ff5e                kref_get
 .text.kref_put
                0x0801ff74       0x22 ../../Lib/GNU/wlan.a(tls_wl_util.o)
                0x0801ff74                kref_put
 .text.ieee80211_get_bssid
                0x0801ff96       0x5a ../../Lib/GNU/wlan.a(tls_wl_util.o)
                0x0801ff96                ieee80211_get_bssid
 .text.ieee80211_channel_to_frequency
                0x0801fff0       0x20 ../../Lib/GNU/wlan.a(tls_wl_util.o)
                0x0801fff0                ieee80211_channel_to_frequency
 .text.ieee80211_frequency_to_channel
                0x08020010       0x2a ../../Lib/GNU/wlan.a(tls_wl_util.o)
                0x08020010                ieee80211_frequency_to_channel
 .text.ieee80211_get_channel
                0x0802003a       0x28 ../../Lib/GNU/wlan.a(tls_wl_util.o)
                0x0802003a                ieee80211_get_channel
 .text.ieee802_11_parse_elems
                0x08020062      0x174 ../../Lib/GNU/wlan.a(tls_wl_util.o)
                0x08020062                ieee802_11_parse_elems
 .text.ieee80211_set_freq
                0x080201d6       0x3c ../../Lib/GNU/wlan.a(tls_wl_util.o)
                0x080201d6                ieee80211_set_freq
 .text.ieee80211_hdrlen
                0x08020212       0x40 ../../Lib/GNU/wlan.a(tls_wl_util.o)
                0x08020212                ieee80211_hdrlen
 .text.ieee80211_beacon_get
                0x08020252       0x4e ../../Lib/GNU/wlan.a(tls_wl_util.o)
                0x08020252                ieee80211_beacon_get
 .text.ieee80211_get_tim_ie
                0x080202a0       0x24 ../../Lib/GNU/wlan.a(tls_wl_util.o)
                0x080202a0                ieee80211_get_tim_ie
 .text.ieee80211_get_ds_ie
                0x080202c4       0x20 ../../Lib/GNU/wlan.a(tls_wl_util.o)
                0x080202c4                ieee80211_get_ds_ie
 .text.ieee80211_get_vendor_ie
                0x080202e4       0x3e ../../Lib/GNU/wlan.a(tls_wl_util.o)
                0x080202e4                ieee80211_get_vendor_ie
 .text.IQ_mismatch_power_cal
                0x08020322       0x4c ../../Lib/GNU/wlan.a(tls_rf_tx_iq.o)
                0x08020322                IQ_mismatch_power_cal
 *fill*         0x0802036e        0x2 
 .text.IQ_mismatch_correlation_method
                0x08020370      0x4ec ../../Lib/GNU/wlan.a(tls_rf_tx_iq.o)
                0x08020370                IQ_mismatch_correlation_method
 .text.IQ_mismatch_phase_adjust_fft
                0x0802085c      0x494 ../../Lib/GNU/wlan.a(tls_rf_tx_iq.o)
                0x0802085c                IQ_mismatch_phase_adjust_fft
 .text.IQ_Mismatch_method
                0x08020cf0      0x144 ../../Lib/GNU/wlan.a(tls_rf_tx_iq.o)
                0x08020cf0                IQ_Mismatch_method
 .text.tx_iqmismatch
                0x08020e34       0x1c ../../Lib/GNU/wlan.a(tls_rf_tx_iq.o)
                0x08020e34                tx_iqmismatch
 .text.prepare_IQ_data
                0x08020e50       0x70 ../../Lib/GNU/wlan.a(tx_lo_cal.o)
                0x08020e50                prepare_IQ_data
 .text.data_acquire_once
                0x08020ec0       0x30 ../../Lib/GNU/wlan.a(tx_lo_cal.o)
                0x08020ec0                data_acquire_once
 .text.read_IQ_data
                0x08020ef0       0x9c ../../Lib/GNU/wlan.a(tx_lo_cal.o)
                0x08020ef0                read_IQ_data
 .text.rf_data_sample_fft_cal
                0x08020f8c       0x30 ../../Lib/GNU/wlan.a(tx_lo_cal.o)
                0x08020f8c                rf_data_sample_fft_cal
 .text.rf_data_sample_fft_cal_t
                0x08020fbc       0x30 ../../Lib/GNU/wlan.a(tx_lo_cal.o)
                0x08020fbc                rf_data_sample_fft_cal_t
 .text.rf_data_sample_correlation_cal
                0x08020fec      0x12c ../../Lib/GNU/wlan.a(tx_lo_cal.o)
                0x08020fec                rf_data_sample_correlation_cal
 .text.LO_Leakage_correlation
                0x08021118      0x698 ../../Lib/GNU/wlan.a(tx_lo_cal.o)
                0x08021118                LO_Leakage_correlation
 .text.LO_leakage_fft
                0x080217b0      0x594 ../../Lib/GNU/wlan.a(tx_lo_cal.o)
                0x080217b0                LO_leakage_fft
 .text.LO_leakage_func_method
                0x08021d44      0x15c ../../Lib/GNU/wlan.a(tx_lo_cal.o)
                0x08021d44                LO_leakage_func_method
 .text.rf_loleakage_cal
                0x08021ea0       0x28 ../../Lib/GNU/wlan.a(tx_lo_cal.o)
                0x08021ea0                rf_loleakage_cal
 .text.__wpa_update_mode
                0x08021ec8       0x2c ../../Lib/GNU/wlan.a(wm_wifi_api.o)
 .text.tls_wifi_data_recv_cb_register
                0x08021ef4        0xc ../../Lib/GNU/wlan.a(wm_wifi_api.o)
                0x08021ef4                tls_wifi_data_recv_cb_register
 .text.tls_wifi_status_change_cb_register
                0x08021f00       0x10 ../../Lib/GNU/wlan.a(wm_wifi_api.o)
                0x08021f00                tls_wifi_status_change_cb_register
 .text.tls_ethernet_data_rx_callback
                0x08021f10        0xe ../../Lib/GNU/wlan.a(wm_wifi_api.o)
                0x08021f10                tls_ethernet_data_rx_callback
 .text.tls_ethernet_ip_rx_callback
                0x08021f1e        0xe ../../Lib/GNU/wlan.a(wm_wifi_api.o)
                0x08021f1e                tls_ethernet_ip_rx_callback
 .text.tls_wifi_scan_result_cb_register
                0x08021f2c       0x10 ../../Lib/GNU/wlan.a(wm_wifi_api.o)
                0x08021f2c                tls_wifi_scan_result_cb_register
 .text.tls_wifi_scan
                0x08021f3c       0x50 ../../Lib/GNU/wlan.a(wm_wifi_api.o)
                0x08021f3c                tls_wifi_scan
 .text.tls_wifi_get_scan_rslt
                0x08021f8c       0x20 ../../Lib/GNU/wlan.a(wm_wifi_api.o)
                0x08021f8c                tls_wifi_get_scan_rslt
 .text.tls_wifi_set_listen_mode
                0x08021fac       0xc8 ../../Lib/GNU/wlan.a(wm_wifi_api.o)
                0x08021fac                tls_wifi_set_listen_mode
 .text.tls_wifi_get_listen_mode
                0x08022074        0xc ../../Lib/GNU/wlan.a(wm_wifi_api.o)
                0x08022074                tls_wifi_get_listen_mode
 .text.tls_wifi_set_special_mode
                0x08022080       0x18 ../../Lib/GNU/wlan.a(wm_wifi_api.o)
                0x08022080                tls_wifi_set_special_mode
 .text.tls_wifi_get_special_mode
                0x08022098        0xc ../../Lib/GNU/wlan.a(wm_wifi_api.o)
                0x08022098                tls_wifi_get_special_mode
 .text.tls_wifi_change_chanel
                0x080220a4        0x4 ../../Lib/GNU/wlan.a(wm_wifi_api.o)
                0x080220a4                tls_wifi_change_chanel
 .text.wpa_update_ssid
                0x080220a8       0xc8 ../../Lib/GNU/wlan.a(wm_wifi_api.o)
                0x080220a8                wpa_update_ssid
 .text.wpa_update_ssid2
                0x08022170       0x80 ../../Lib/GNU/wlan.a(wm_wifi_api.o)
                0x08022170                wpa_update_ssid2
 .text.wpa_update_encrypt_cfg2
                0x080221f0       0xa6 ../../Lib/GNU/wlan.a(wm_wifi_api.o)
                0x080221f0                wpa_update_encrypt_cfg2
 .text.wpa_update_encrypt2
                0x08022296       0x54 ../../Lib/GNU/wlan.a(wm_wifi_api.o)
                0x08022296                wpa_update_encrypt2
 .text.wpa_update_key_cfg2
                0x080222ea      0x18c ../../Lib/GNU/wlan.a(wm_wifi_api.o)
                0x080222ea                wpa_update_key_cfg2
 .text.wpa_update_key_4_ap2
                0x08022476       0xfc ../../Lib/GNU/wlan.a(wm_wifi_api.o)
                0x08022476                wpa_update_key_4_ap2
 .text.wpa_update_ip_info2
                0x08022572       0x12 ../../Lib/GNU/wlan.a(wm_wifi_api.o)
                0x08022572                wpa_update_ip_info2
 .text.wpa_update_dnsname
                0x08022584       0x18 ../../Lib/GNU/wlan.a(wm_wifi_api.o)
                0x08022584                wpa_update_dnsname
 .text.wpa_update_bssid
                0x0802259c       0x3a ../../Lib/GNU/wlan.a(wm_wifi_api.o)
                0x0802259c                wpa_update_bssid
 .text.wpa_update_mode
                0x080225d6        0xc ../../Lib/GNU/wlan.a(wm_wifi_api.o)
                0x080225d6                wpa_update_mode
 .text.wpa_update_key
                0x080225e2       0x96 ../../Lib/GNU/wlan.a(wm_wifi_api.o)
                0x080225e2                wpa_update_key
 .text.wpa_update_encrypt_cfg
                0x08022678       0x8e ../../Lib/GNU/wlan.a(wm_wifi_api.o)
                0x08022678                wpa_update_encrypt_cfg
 .text.wpa_update_key_cfg
                0x08022706      0x170 ../../Lib/GNU/wlan.a(wm_wifi_api.o)
                0x08022706                wpa_update_key_cfg
 *fill*         0x08022876        0x2 
 .text.tls_wifi_connect
                0x08022878       0x88 ../../Lib/GNU/wlan.a(wm_wifi_api.o)
                0x08022878                tls_wifi_connect
 .text.tls_wifi_connect_by_bssid
                0x08022900       0x5c ../../Lib/GNU/wlan.a(wm_wifi_api.o)
                0x08022900                tls_wifi_connect_by_bssid
 .text.tls_wifi_connect_by_ssid_bssid
                0x0802295c      0x108 ../../Lib/GNU/wlan.a(wm_wifi_api.o)
                0x0802295c                tls_wifi_connect_by_ssid_bssid
 .text.tls_wifi_softap_destroy
                0x08022a64        0xc ../../Lib/GNU/wlan.a(wm_wifi_api.o)
                0x08022a64                tls_wifi_softap_destroy
 .text.tls_wifi_get_authed_sta_info
                0x08022a70        0x4 ../../Lib/GNU/wlan.a(wm_wifi_api.o)
                0x08022a70                tls_wifi_get_authed_sta_info
 .text.tls_wifi_softap_get_state
                0x08022a74       0x18 ../../Lib/GNU/wlan.a(wm_wifi_api.o)
                0x08022a74                tls_wifi_softap_get_state
 .text.tls_wifi_auto_connect_flag
                0x08022a8c       0x44 ../../Lib/GNU/wlan.a(wm_wifi_api.o)
                0x08022a8c                tls_wifi_auto_connect_flag
 .text.tls_wifi_disconnect
                0x08022ad0       0x60 ../../Lib/GNU/wlan.a(wm_wifi_api.o)
                0x08022ad0                tls_wifi_disconnect
 .text.tls_wifi_get_current_bss
                0x08022b30       0xc0 ../../Lib/GNU/wlan.a(wm_wifi_api.o)
                0x08022b30                tls_wifi_get_current_bss
 .text.tls_wifi_set_psflag
                0x08022bf0       0x1c ../../Lib/GNU/wlan.a(wm_wifi_api.o)
                0x08022bf0                tls_wifi_set_psflag
 .text.tls_wifi_send_oneshotdata
                0x08022c0c       0x28 ../../Lib/GNU/wlan.a(wm_wifi_api.o)
                0x08022c0c                tls_wifi_send_oneshotdata
 .text.tls_wifi_get_state
                0x08022c34       0x20 ../../Lib/GNU/wlan.a(wm_wifi_api.o)
                0x08022c34                tls_wifi_get_state
 .text.tls_wifi_softap_create
                0x08022c54      0x130 ../../Lib/GNU/wlan.a(wm_wifi_api.o)
                0x08022c54                tls_wifi_softap_create
 .text.tls_wifi_clear_1shot_info
                0x08022d84       0xd8 ../../Lib/GNU/wlan.a(wm_wifi_oneshot_api.o)
 .text.decrypt_data
                0x08022e5c       0x6c ../../Lib/GNU/wlan.a(wm_wifi_oneshot_api.o)
                0x08022e5c                decrypt_data
 .text.decode_data
                0x08022ec8      0x142 ../../Lib/GNU/wlan.a(wm_wifi_oneshot_api.o)
                0x08022ec8                decode_data
 *fill*         0x0802300a        0x2 
 .text.tls_wifi_oneshotinfo_resolve_probereq
                0x0802300c      0x278 ../../Lib/GNU/wlan.a(wm_wifi_oneshot_api.o)
                0x0802300c                tls_wifi_oneshotinfo_resolve_probereq
 .text.tls_wifi_oneshot_resolve_info
                0x08023284      0x168 ../../Lib/GNU/wlan.a(wm_wifi_oneshot_api.o)
                0x08023284                tls_wifi_oneshot_resolve_info
 .text.tls_wifi_pbreq_encry_data
                0x080233ec      0x100 ../../Lib/GNU/wlan.a(wm_wifi_oneshot_api.o)
                0x080233ec                tls_wifi_pbreq_encry_data
 .text.tls_wifi_pbreq_recv
                0x080234ec       0x64 ../../Lib/GNU/wlan.a(wm_wifi_oneshot_api.o)
                0x080234ec                tls_wifi_pbreq_recv
 .text.tls_wifi_decode_new_oneshot_data
                0x08023550      0x178 ../../Lib/GNU/wlan.a(wm_wifi_oneshot_api.o)
                0x08023550                tls_wifi_decode_new_oneshot_data
 .text.tls_litepoint_start
                0x080236c8       0x48 ../../Lib/GNU/wlan.a(litepoint.o)
                0x080236c8                tls_litepoint_start
 .text.tls_tx_send_litepoint
                0x08023710      0x19c ../../Lib/GNU/wlan.a(litepoint.o)
                0x08023710                tls_tx_send_litepoint
 .text.tls_set_test_channel
                0x080238ac       0x30 ../../Lib/GNU/wlan.a(litepoint.o)
                0x080238ac                tls_set_test_channel
 .text.tls_tx_litepoint_test_start
                0x080238dc      0x264 ../../Lib/GNU/wlan.a(litepoint.o)
                0x080238dc                tls_tx_litepoint_test_start
 .text.tls_txrx_litepoint_test_stop
                0x08023b40       0x60 ../../Lib/GNU/wlan.a(litepoint.o)
                0x08023b40                tls_txrx_litepoint_test_stop
 .text.tls_tx_litepoint_test_get_totalsnd
                0x08023ba0       0x10 ../../Lib/GNU/wlan.a(litepoint.o)
                0x08023ba0                tls_tx_litepoint_test_get_totalsnd
 .text.tls_rx_litepoint_test_start
                0x08023bb0       0x28 ../../Lib/GNU/wlan.a(litepoint.o)
                0x08023bb0                tls_rx_litepoint_test_start
 .text.tls_rx_litepoint_test_result
                0x08023bd8       0x20 ../../Lib/GNU/wlan.a(litepoint.o)
                0x08023bd8                tls_rx_litepoint_test_result
 .text.tls_rx_litepoint_pwr_result
                0x08023bf8       0x20 ../../Lib/GNU/wlan.a(litepoint.o)
                0x08023bf8                tls_rx_litepoint_pwr_result
 .text.dl_list_del
                0x08023c18       0x12 ../../Lib/GNU/wlan.a(ap.o)
 .text.hostapd_clear_multicast_ps_bit
                0x08023c2a       0x12 ../../Lib/GNU/wlan.a(ap.o)
 .text.hostapd_alloc_ps_pkt
                0x08023c3c       0x48 ../../Lib/GNU/wlan.a(ap.o)
 .text.hostapd_ap_destroy
                0x08023c84       0x26 ../../Lib/GNU/wlan.a(ap.o)
 .text.hostapd_clear_unicast_ps_bit
                0x08023caa       0x24 ../../Lib/GNU/wlan.a(ap.o)
                0x08023caa                hostapd_clear_unicast_ps_bit
 .text.hostapd_clean_ps_multicast
                0x08023cce       0x38 ../../Lib/GNU/wlan.a(ap.o)
                0x08023cce                hostapd_clean_ps_multicast
 .text.hostapd_alloc_bss_data
                0x08023d06       0x30 ../../Lib/GNU/wlan.a(ap.o)
                0x08023d06                hostapd_alloc_bss_data
 *fill*         0x08023d36        0x2 
 .text.hostapd_mgmt_rx
                0x08023d38       0x34 ../../Lib/GNU/wlan.a(ap.o)
                0x08023d38                hostapd_mgmt_rx
 .text.hostapd_ps_pkt_timer_start
                0x08023d6c       0x10 ../../Lib/GNU/wlan.a(ap.o)
                0x08023d6c                hostapd_ps_pkt_timer_start
 .text.hostapd_ps_pkt_timer_stop
                0x08023d7c       0x10 ../../Lib/GNU/wlan.a(ap.o)
                0x08023d7c                hostapd_ps_pkt_timer_stop
 .text.hostapd_event_handle
                0x08023d8c      0x40c ../../Lib/GNU/wlan.a(ap.o)
                0x08023d8c                hostapd_event_handle
 .text.hostapd_client_event
                0x08024198       0x34 ../../Lib/GNU/wlan.a(ap.o)
                0x08024198                hostapd_client_event
 .text.hostapd_channel_check
                0x080241cc       0x48 ../../Lib/GNU/wlan.a(ap.o)
                0x080241cc                hostapd_channel_check
 .text.hostapd_init
                0x08024214      0x1b0 ../../Lib/GNU/wlan.a(ap.o)
                0x08024214                hostapd_init
 .text.hostapd_get_mac
                0x080243c4       0x10 ../../Lib/GNU/wlan.a(ap.o)
                0x080243c4                hostapd_get_mac
 .text.wpa_bss_remove
                0x080243d4       0x12 ../../Lib/GNU/wlan.a(bss.o)
                0x080243d4                wpa_bss_remove
 .text.wpa_bss_copy_res
                0x080243e6       0x36 ../../Lib/GNU/wlan.a(bss.o)
                0x080243e6                wpa_bss_copy_res
 .text.wpa_bss_add
                0x0802441c       0x6a ../../Lib/GNU/wlan.a(bss.o)
                0x0802441c                wpa_bss_add
 .text.wpa_bss_deinit
                0x08024486       0x1e ../../Lib/GNU/wlan.a(bss.o)
                0x08024486                wpa_bss_deinit
 .text.wpa_bss_get_ie
                0x080244a4       0x2c ../../Lib/GNU/wlan.a(bss.o)
                0x080244a4                wpa_bss_get_ie
 .text.wpa_bss_get_vendor_ie
                0x080244d0       0x48 ../../Lib/GNU/wlan.a(bss.o)
                0x080244d0                wpa_bss_get_vendor_ie
 .text.wpa_key_mgmt_wpa
                0x08024518        0xc ../../Lib/GNU/wlan.a(events.o)
 .text.wpa_config_validate_network_test.isra.7
                0x08024524       0x70 ../../Lib/GNU/wlan.a(events.o)
 .text.wpa_supplicant_connect
                0x08024594       0x46 ../../Lib/GNU/wlan.a(events.o)
                0x08024594                wpa_supplicant_connect
 *fill*         0x080245da        0x2 
 .text.wpa_supplicant_event_assoc
                0x080245dc      0x1ec ../../Lib/GNU/wlan.a(events.o)
                0x080245dc                wpa_supplicant_event_assoc
 .text.wpa_supplicant_update_key_wep
                0x080247c8      0x17e ../../Lib/GNU/wlan.a(events.o)
                0x080247c8                wpa_supplicant_update_key_wep
 .text.wpa_supplicant_update_key_wpa
                0x08024946      0x128 ../../Lib/GNU/wlan.a(events.o)
                0x08024946                wpa_supplicant_update_key_wpa
 *fill*         0x08024a6e        0x2 
 .text.wpa_supplicant_update_cfg
                0x08024a70      0x36c ../../Lib/GNU/wlan.a(events.o)
 .text.wpa_scan_res_match.isra.8
                0x08024ddc      0x240 ../../Lib/GNU/wlan.a(events.o)
 .text.wpa_multi_bss_updte_cfg
                0x0802501c       0x82 ../../Lib/GNU/wlan.a(events.o)
                0x0802501c                wpa_multi_bss_updte_cfg
 .text.wpa_multi_bss_connect
                0x0802509e       0x64 ../../Lib/GNU/wlan.a(events.o)
                0x0802509e                wpa_multi_bss_connect
 .text.wpa_del_multi_bss
                0x08025102       0x70 ../../Lib/GNU/wlan.a(events.o)
                0x08025102                wpa_del_multi_bss
 .text.wpa_destroy_multi_bss
                0x08025172       0x34 ../../Lib/GNU/wlan.a(events.o)
                0x08025172                wpa_destroy_multi_bss
 *fill*         0x080251a6        0x2 
 .text.wpa_supplicant_event_scan_results
                0x080251a8      0x204 ../../Lib/GNU/wlan.a(events.o)
                0x080251a8                wpa_supplicant_event_scan_results
 .text.wpa_supplicant_mark_disassoc
                0x080253ac       0x34 ../../Lib/GNU/wlan.a(events.o)
                0x080253ac                wpa_supplicant_mark_disassoc
 .text.wpa_supplicant_event_disassoc
                0x080253e0       0x64 ../../Lib/GNU/wlan.a(events.o)
                0x080253e0                wpa_supplicant_event_disassoc
 .text.hostapd_flush_old_stations
                0x08025444       0x2a ../../Lib/GNU/wlan.a(hostapd.o)
 .text.hostapd_setup_wpa_psk